Nov 12 06:22:30 ravinder-adsb frpc[670]: 2023/11/12 06:22:30 #033[1;33m[W] [service.go:180] [4fead55a7f82f4bc] reconnect to server error: dial tcp 103.153.2.125:7000: connect: network is unreachable#033[0m
Nov 12 06:22:32 ravinder-adsb frpc[670]: 2023/11/12 06:22:32 #033[1;34m[I] [service.go:177] [4fead55a7f82f4bc] try to reconnect to server...#033[0m
Nov 12 06:22:32 ravinder-adsb frpc[670]: 2023/11/12 06:22:32 #033[1;33m[W] [service.go:180] [4fead55a7f82f4bc] reconnect to server error: dial tcp 103.153.2.125:7000: connect: network is unreachable#033[0m
Nov 12 06:22:34 ravinder-adsb frpc[670]: 2023/11/12 06:22:34 #033[1;34m[I] [service.go:177] [4fead55a7f82f4bc] try to reconnect to server...#033[0m
Nov 12 06:22:34 ravinder-adsb frpc[670]: 2023/11/12 06:22:34 #033[1;33m[W] [service.go:180] [4fead55a7f82f4bc] reconnect to server error: dial tcp 103.153.2.125:7000: connect: network is unreachable#033[0m
Nov 12 06:22:36 ravinder-adsb frpc[670]: 2023/11/12 06:22:36 #033[1;34m[I] [service.go:177] [4fead55a7f82f4bc] try to reconnect to server...#033[0m
Nov 12 06:22:36 ravinder-adsb frpc[670]: 2023/11/12 06:22:36 #033[1;33m[W] [service.go:180] [4fead55a7f82f4bc] reconnect to server error: dial tcp 103.153.2.125:7000: connect: network is unreachable#033[0m
Nov 12 06:22:37 ravinder-adsb reconnect-modem.py[471]: PING 8.8.8.8 (8.8.8.8) from 0.0.0.0 wwan0: 0(28) bytes of data.
Nov 12 06:22:37 ravinder-adsb reconnect-modem.py[471]: --- 8.8.8.8 ping statistics ---
Nov 12 06:22:37 ravinder-adsb reconnect-modem.py[471]: 10 packets transmitted, 0 received, 100% packet loss, time 357ms
Nov 12 06:22:37 ravinder-adsb reconnect-modem.py[471]: connect: Network is unreachable
Nov 12 06:22:38 ravinder-adsb frpc[670]: 2023/11/12 06:22:38 #033[1;34m[I] [service.go:177] [4fead55a7f82f4bc] try to reconnect to server...#033[0m
Nov 12 06:22:38 ravinder-adsb frpc[670]: 2023/11/12 06:22:38 #033[1;33m[W] [service.go:180] [4fead55a7f82f4bc] reconnect to server error: dial tcp 103.153.2.125:7000: connect: network is unreachable#033[0m
Nov 12 06:22:40 ravinder-adsb frpc[670]: 2023/11/12 06:22:40 #033[1;34m[I] [service.go:177] [4fead55a7f82f4bc] try to reconnect to server...#033[0m
Nov 12 06:22:40 ravinder-adsb frpc[670]: 2023/11/12 06:22:40 #033[1;33m[W] [service.go:180] [4fead55a7f82f4bc] reconnect to server error: dial tcp 103.153.2.125:7000: connect: network is unreachable#033[0m
Nov 12 06:22:42 ravinder-adsb reconnect-modem.py[471]: ping: Warning: source address might be selected on device other than wwan0.
Nov 12 06:22:42 ravinder-adsb frpc[670]: 2023/11/12 06:22:42 #033[1;34m[I] [service.go:177] [4fead55a7f82f4bc] try to reconnect to server...#033[0m
Nov 12 06:22:42 ravinder-adsb frpc[670]: 2023/11/12 06:22:42 #033[1;33m[W] [service.go:180] [4fead55a7f82f4bc] reconnect to server error: dial tcp 103.153.2.125:7000: connect: network is unreachable#033[0m
Nov 12 06:22:44 ravinder-adsb frpc[670]: 2023/11/12 06:22:44 #033[1;34m[I] [service.go:177] [4fead55a7f82f4bc] try to reconnect to server...#033[0m
Nov 12 06:22:44 ravinder-adsb frpc[670]: 2023/11/12 06:22:44 #033[1;33m[W] [service.go:180] [4fead55a7f82f4bc] reconnect to server error: dial tcp 103.153.2.125:7000: connect: network is unreachable#033[0m
Nov 12 06:22:46 ravinder-adsb frpc[670]: 2023/11/12 06:22:46 #033[1;34m[I] [service.go:177] [4fead55a7f82f4bc] try to reconnect to server...#033[0m
Nov 12 06:22:46 ravinder-adsb frpc[670]: 2023/11/12 06:22:46 #033[1;33m[W] [service.go:180] [4fead55a7f82f4bc] reconnect to server error: dial tcp 103.153.2.125:7000: connect: network is unreachable#033[0m
Nov 12 06:22:48 ravinder-adsb frpc[670]: 2023/11/12 06:22:48 #033[1;34m[I] [service.go:177] [4fead55a7f82f4bc] try to reconnect to server...#033[0m
Nov 12 06:22:48 ravinder-adsb frpc[670]: 2023/11/12 06:22:48 #033[1;33m[W] [service.go:180] [4fead55a7f82f4bc] reconnect to server error: dial tcp 103.153.2.125:7000: connect: network is unreachable#033[0m
Nov 12 06:22:50 ravinder-adsb frpc[670]: 2023/11/12 06:22:50 #033[1;34m[I] [service.go:177] [4fead55a7f82f4bc] try to reconnect to server...#033[0m
Nov 12 06:22:50 ravinder-adsb frpc[670]: 2023/11/12 06:22:50 #033[1;33m[W] [service.go:180] [4fead55a7f82f4bc] reconnect to server error: dial tcp 103.153.2.125:7000: connect: network is unreachable#033[0m
Nov 12 06:22:52 ravinder-adsb reconnect-modem.py[471]: PING 8.8.8.8 (8.8.8.8) from 0.0.0.0 wwan0: 0(28) bytes of data.
Nov 12 06:22:52 ravinder-adsb reconnect-modem.py[471]: --- 8.8.8.8 ping statistics ---
Nov 12 06:22:52 ravinder-adsb reconnect-modem.py[471]: 10 packets transmitted, 0 received, 100% packet loss, time 358ms
Nov 12 06:22:52 ravinder-adsb reconnect-modem.py[471]: connect: Network is unreachable
Nov 12 06:22:52 ravinder-adsb frpc[670]: 2023/11/12 06:22:52 #033[1;34m[I] [service.go:177] [4fead55a7f82f4bc] try to reconnect to server...#033[0m
Nov 12 06:22:52 ravinder-adsb frpc[670]: 2023/11/12 06:22:52 #033[1;33m[W] [service.go:180] [4fead55a7f82f4bc] reconnect to server error: dial tcp 103.153.2.125:7000: connect: network is unreachable#033[0m
Nov 12 06:22:54 ravinder-adsb frpc[670]: 2023/11/12 06:22:54 #033[1;34m[I] [service.go:177] [4fead55a7f82f4bc] try to reconnect to server...#033[0m
Nov 12 06:22:54 ravinder-adsb frpc[670]: 2023/11/12 06:22:54 #033[1;33m[W] [service.go:180] [4fead55a7f82f4bc] reconnect to server error: dial tcp 103.153.2.125:7000: connect: network is unreachable#033[0m
Nov 12 06:22:56 ravinder-adsb frpc[670]: 2023/11/12 06:22:56 #033[1;34m[I] [service.go:177] [4fead55a7f82f4bc] try to reconnect to server...#033[0m
Nov 12 06:22:56 ravinder-adsb frpc[670]: 2023/11/12 06:22:56 #033[1;33m[W] [service.go:180] [4fead55a7f82f4bc] reconnect to server error: dial tcp 103.153.2.125:7000: connect: network is unreachable#033[0m
Nov 12 06:22:57 ravinder-adsb reconnect-modem.py[471]: ping: Warning: source address might be selected on device other than wwan0.
Nov 12 06:22:58 ravinder-adsb frpc[670]: 2023/11/12 06:22:58 #033[1;34m[I] [service.go:177] [4fead55a7f82f4bc] try to reconnect to server...#033[0m
Nov 12 06:22:58 ravinder-adsb frpc[670]: 2023/11/12 06:22:58 #033[1;33m[W] [service.go:180] [4fead55a7f82f4bc] reconnect to server error: dial tcp 103.153.2.125:7000: connect: network is unreachable#033[0m
Nov 12 06:23:00 ravinder-adsb frpc[670]: 2023/11/12 06:23:00 #033[1;34m[I] [service.go:177] [4fead55a7f82f4bc] try to reconnect to server...#033[0m
Nov 12 06:23:00 ravinder-adsb frpc[670]: 2023/11/12 06:23:00 #033[1;33m[W] [service.go:180] [4fead55a7f82f4bc] reconnect to server error: dial tcp 103.153.2.125:7000: connect: network is unreachable#033[0m
Nov 12 06:23:02 ravinder-adsb frpc[670]: 2023/11/12 06:23:02 #033[1;34m[I] [service.go:177] [4fead55a7f82f4bc] try to reconnect to server...#033[0m
Nov 12 06:23:02 ravinder-adsb frpc[670]: 2023/11/12 06:23:02 #033[1;33m[W] [service.go:180] [4fead55a7f82f4bc] reconnect to server error: dial tcp 103.153.2.125:7000: connect: network is unreachable#033[0m
Nov 12 06:23:04 ravinder-adsb frpc[670]: 2023/11/12 06:23:04 #033[1;34m[I] [service.go:177] [4fead55a7f82f4bc] try to reconnect to server...#033[0m
Nov 12 06:23:04 ravinder-adsb frpc[670]: 2023/11/12 06:23:04 #033[1;33m[W] [service.go:180] [4fead55a7f82f4bc] reconnect to server error: dial tcp 103.153.2.125:7000: connect: network is unreachable#033[0m
Nov 12 06:23:06 ravinder-adsb frpc[670]: 2023/11/12 06:23:06 #033[1;34m[I] [service.go:177] [4fead55a7f82f4bc] try to reconnect to server...#033[0m
Nov 12 06:23:06 ravinder-adsb frpc[670]: 2023/11/12 06:23:06 #033[1;33m[W] [service.go:180] [4fead55a7f82f4bc] reconnect to server error: dial tcp 103.153.2.125:7000: connect: network is unreachable#033[0m
Nov 12 06:23:07 ravinder-adsb reconnect-modem.py[471]: PING 8.8.8.8 (8.8.8.8) from 0.0.0.0 wwan0: 0(28) bytes of data.
Nov 12 06:23:07 ravinder-adsb reconnect-modem.py[471]: --- 8.8.8.8 ping statistics ---
Nov 12 06:23:07 ravinder-adsb reconnect-modem.py[471]: 10 packets transmitted, 0 received, 100% packet loss, time 362ms
Nov 12 06:23:07 ravinder-adsb reconnect-modem.py[471]: connect: Network is unreachable
Nov 12 06:23:08 ravinder-adsb frpc[670]: 2023/11/12 06:23:08 #033[1;34m[I] [service.go:177] [4fead55a7f82f4bc] try to reconnect to server...#033[0m
Nov 12 06:23:08 ravinder-adsb frpc[670]: 2023/11/12 06:23:08 #033[1;33m[W] [service.go:180] [4fead55a7f82f4bc] reconnect to server error: dial tcp 103.153.2.125:7000: connect: network is unreachable#033[0m
Nov 12 06:23:10 ravinder-adsb frpc[670]: 2023/11/12 06:23:10 #033[1;34m[I] [service.go:177] [4fead55a7f82f4bc] try to reconnect to server...#033[0m
Nov 12 06:23:10 ravinder-adsb frpc[670]: 2023/11/12 06:23:10 #033[1;33m[W] [service.go:180] [4fead55a7f82f4bc] reconnect to server error: dial tcp 103.153.2.125:7000: connect: network is unreachable#033[0m
Nov 12 06:23:12 ravinder-adsb reconnect-modem.py[471]: ping: Warning: source address might be selected on device other than wwan0.
Nov 12 06:23:12 ravinder-adsb frpc[670]: 2023/11/12 06:23:12 #033[1;34m[I] [service.go:177] [4fead55a7f82f4bc] try to reconnect to server...#033[0m
Nov 12 06:23:12 ravinder-adsb frpc[670]: 2023/11/12 06:23:12 #033[1;33m[W] [service.go:180] [4fead55a7f82f4bc] reconnect to server error: dial tcp 103.153.2.125:7000: connect: network is unreachable#033[0m
Nov 12 06:23:14 ravinder-adsb frpc[670]: 2023/11/12 06:23:14 #033[1;34m[I] [service.go:177] [4fead55a7f82f4bc] try to reconnect to server...#033[0m
Nov 12 06:23:14 ravinder-adsb frpc[670]: 2023/11/12 06:23:14 #033[1;33m[W] [service.go:180] [4fead55a7f82f4bc] reconnect to server error: dial tcp 103.153.2.125:7000: connect: network is unreachable#033[0m
Nov 12 06:23:16 ravinder-adsb frpc[670]: 2023/11/12 06:23:16 #033[1;34m[I] [service.go:177] [4fead55a7f82f4bc] try to reconnect to server...#033[0m
Nov 12 06:23:16 ravinder-adsb frpc[670]: 2023/11/12 06:23:16 #033[1;33m[W] [service.go:180] [4fead55a7f82f4bc] reconnect to server error: dial tcp 103.153.2.125:7000: connect: network is unreachable#033[0m
Nov 12 06:23:18 ravinder-adsb frpc[670]: 2023/11/12 06:23:18 #033[1;34m[I] [service.go:177] [4fead55a7f82f4bc] try to reconnect to server...#033[0m
Nov 12 06:23:18 ravinder-adsb frpc[670]: 2023/11/12 06:23:18 #033[1;33m[W] [service.go:180] [4fead55a7f82f4bc] reconnect to server error: dial tcp 103.153.2.125:7000: connect: network is unreachable#033[0m
Nov 12 06:23:20 ravinder-adsb frpc[670]: 2023/11/12 06:23:20 #033[1;34m[I] [service.go:177] [4fead55a7f82f4bc] try to reconnect to server...#033[0m
Nov 12 06:23:20 ravinder-adsb frpc[670]: 2023/11/12 06:23:20 #033[1;33m[W] [service.go:180] [4fead55a7f82f4bc] reconnect to server error: dial tcp 103.153.2.125:7000: connect: network is unreachable#033[0m
Nov 12 06:23:22 ravinder-adsb reconnect-modem.py[471]: PING 8.8.8.8 (8.8.8.8) from 0.0.0.0 wwan0: 0(28) bytes of data.
Nov 12 06:23:22 ravinder-adsb reconnect-modem.py[471]: --- 8.8.8.8 ping statistics ---
Nov 12 06:23:22 ravinder-adsb reconnect-modem.py[471]: 10 packets transmitted, 0 received, 100% packet loss, time 372ms
Nov 12 06:23:22 ravinder-adsb reconnect-modem.py[471]: connect: Network is unreachable
Nov 12 06:23:22 ravinder-adsb frpc[670]: 2023/11/12 06:23:22 #033[1;34m[I] [service.go:177] [4fead55a7f82f4bc] try to reconnect to server...#033[0m
Nov 12 06:23:22 ravinder-adsb frpc[670]: 2023/11/12 06:23:22 #033[1;33m[W] [service.go:180] [4fead55a7f82f4bc] reconnect to server error: dial tcp 103.153.2.125:7000: connect: network is unreachable#033[0m
Nov 12 06:23:24 ravinder-adsb frpc[670]: 2023/11/12 06:23:24 #033[1;34m[I] [service.go:177] [4fead55a7f82f4bc] try to reconnect to server...#033[0m
Nov 12 06:23:24 ravinder-adsb frpc[670]: 2023/11/12 06:23:24 #033[1;33m[W] [service.go:180] [4fead55a7f82f4bc] reconnect to server error: dial tcp 103.153.2.125:7000: connect: network is unreachable#033[0m
Nov 12 06:23:26 ravinder-adsb frpc[670]: 2023/11/12 06:23:26 #033[1;34m[I] [service.go:177] [4fead55a7f82f4bc] try to reconnect to server...#033[0m
Nov 12 06:23:26 ravinder-adsb frpc[670]: 2023/11/12 06:23:26 #033[1;33m[W] [service.go:180] [4fead55a7f82f4bc] reconnect to server error: dial tcp 103.153.2.125:7000: connect: network is unreachable#033[0m
Nov 12 06:23:27 ravinder-adsb reconnect-modem.py[471]: ping: Warning: source address might be selected on device other than wwan0.
Nov 12 06:23:28 ravinder-adsb frpc[670]: 2023/11/12 06:23:28 #033[1;34m[I] [service.go:177] [4fead55a7f82f4bc] try to reconnect to server...#033[0m
Nov 12 06:23:28 ravinder-adsb frpc[670]: 2023/11/12 06:23:28 #033[1;33m[W] [service.go:180] [4fead55a7f82f4bc] reconnect to server error: dial tcp 103.153.2.125:7000: connect: network is unreachable#033[0m
Nov 12 06:23:30 ravinder-adsb frpc[670]: 2023/11/12 06:23:30 #033[1;34m[I] [service.go:177] [4fead55a7f82f4bc] try to reconnect to server...#033[0m
Nov 12 06:23:30 ravinder-adsb frpc[670]: 2023/11/12 06:23:30 #033[1;33m[W] [service.go:180] [4fead55a7f82f4bc] reconnect to server error: dial tcp 103.153.2.125:7000: connect: network is unreachable#033[0m
Nov 12 06:23:32 ravinder-adsb frpc[670]: 2023/11/12 06:23:32 #033[1;34m[I] [service.go:177] [4fead55a7f82f4bc] try to reconnect to server...#033[0m
Nov 12 06:23:32 ravinder-adsb frpc[670]: 2023/11/12 06:23:32 #033[1;33m[W] [service.go:180] [4fead55a7f82f4bc] reconnect to server error: dial tcp 103.153.2.125:7000: connect: network is unreachable#033[0m
Nov 12 06:23:34 ravinder-adsb frpc[670]: 2023/11/12 06:23:34 #033[1;34m[I] [service.go:177] [4fead55a7f82f4bc] try to reconnect to server...#033[0m
Nov 12 06:23:34 ravinder-adsb frpc[670]: 2023/11/12 06:23:34 #033[1;33m[W] [service.go:180] [4fead55a7f82f4bc] reconnect to server error: dial tcp 103.153.2.125:7000: connect: network is unreachable#033[0m
Nov 12 06:23:36 ravinder-adsb frpc[670]: 2023/11/12 06:23:36 #033[1;34m[I] [service.go:177] [4fead55a7f82f4bc] try to reconnect to server...#033[0m
Nov 12 06:23:36 ravinder-adsb frpc[670]: 2023/11/12 06:23:36 #033[1;33m[W] [service.go:180] [4fead55a7f82f4bc] reconnect to server error: dial tcp 103.153.2.125:7000: connect: network is unreachable#033[0m
Nov 12 06:23:37 ravinder-adsb reconnect-modem.py[471]: PING 8.8.8.8 (8.8.8.8) from 0.0.0.0 wwan0: 0(28) bytes of data.
Nov 12 06:23:37 ravinder-adsb reconnect-modem.py[471]: --- 8.8.8.8 ping statistics ---
Nov 12 06:23:37 ravinder-adsb reconnect-modem.py[471]: 10 packets transmitted, 0 received, 100% packet loss, time 360ms
Nov 12 06:23:37 ravinder-adsb reconnect-modem.py[471]: connect: Network is unreachable
Nov 12 06:23:38 ravinder-adsb frpc[670]: 2023/11/12 06:23:38 #033[1;34m[I] [service.go:177] [4fead55a7f82f4bc] try to reconnect to server...#033[0m
Nov 12 06:23:38 ravinder-adsb frpc[670]: 2023/11/12 06:23:38 #033[1;33m[W] [service.go:180] [4fead55a7f82f4bc] reconnect to server error: dial tcp 103.153.2.125:7000: connect: network is unreachable#033[0m
Nov 12 06:23:40 ravinder-adsb frpc[670]: 2023/11/12 06:23:40 #033[1;34m[I] [service.go:177] [4fead55a7f82f4bc] try to reconnect to server...#033[0m
Nov 12 06:23:40 ravinder-adsb frpc[670]: 2023/11/12 06:23:40 #033[1;33m[W] [service.go:180] [4fead55a7f82f4bc] reconnect to server error: dial tcp 103.153.2.125:7000: connect: network is unreachable#033[0m
Nov 12 06:23:42 ravinder-adsb reconnect-modem.py[471]: ping: Warning: source address might be selected on device other than wwan0.
Nov 12 06:23:42 ravinder-adsb frpc[670]: 2023/11/12 06:23:42 #033[1;34m[I] [service.go:177] [4fead55a7f82f4bc] try to reconnect to server...#033[0m
Nov 12 06:23:42 ravinder-adsb frpc[670]: 2023/11/12 06:23:42 #033[1;33m[W] [service.go:180] [4fead55a7f82f4bc] reconnect to server error: dial tcp 103.153.2.125:7000: connect: network is unreachable#033[0m
Nov 12 06:23:44 ravinder-adsb frpc[670]: 2023/11/12 06:23:44 #033[1;34m[I] [service.go:177] [4fead55a7f82f4bc] try to reconnect to server...#033[0m
Nov 12 06:23:44 ravinder-adsb frpc[670]: 2023/11/12 06:23:44 #033[1;33m[W] [service.go:180] [4fead55a7f82f4bc] reconnect to server error: dial tcp 103.153.2.125:7000: connect: network is unreachable#033[0m
Nov 12 06:23:46 ravinder-adsb frpc[670]: 2023/11/12 06:23:46 #033[1;34m[I] [service.go:177] [4fead55a7f82f4bc] try to reconnect to server...#033[0m
Nov 12 06:23:46 ravinder-adsb frpc[670]: 2023/11/12 06:23:46 #033[1;33m[W] [service.go:180] [4fead55a7f82f4bc] reconnect to server error: dial tcp 103.153.2.125:7000: connect: network is unreachable#033[0m
Nov 12 06:23:48 ravinder-adsb frpc[670]: 2023/11/12 06:23:48 #033[1;34m[I] [service.go:177] [4fead55a7f82f4bc] try to reconnect to server...#033[0m
Nov 12 06:23:48 ravinder-adsb frpc[670]: 2023/11/12 06:23:48 #033[1;33m[W] [service.go:180] [4fead55a7f82f4bc] reconnect to server error: dial tcp 103.153.2.125:7000: connect: network is unreachable#033[0m
Nov 12 06:23:50 ravinder-adsb frpc[670]: 2023/11/12 06:23:50 #033[1;34m[I] [service.go:177] [4fead55a7f82f4bc] try to reconnect to server...#033[0m
Nov 12 06:23:50 ravinder-adsb frpc[670]: 2023/11/12 06:23:50 #033[1;33m[W] [service.go:180] [4fead55a7f82f4bc] reconnect to server error: dial tcp 103.153.2.125:7000: connect: network is unreachable#033[0m
Nov 12 06:23:52 ravinder-adsb reconnect-modem.py[471]: PING 8.8.8.8 (8.8.8.8) from 0.0.0.0 wwan0: 0(28) bytes of data.
Nov 12 06:23:52 ravinder-adsb reconnect-modem.py[471]: --- 8.8.8.8 ping statistics ---
Nov 12 06:23:52 ravinder-adsb reconnect-modem.py[471]: 10 packets transmitted, 0 received, 100% packet loss, time 362ms
Nov 12 06:23:52 ravinder-adsb reconnect-modem.py[471]: connect: Network is unreachable
Nov 12 06:23:52 ravinder-adsb frpc[670]: 2023/11/12 06:23:52 #033[1;34m[I] [service.go:177] [4fead55a7f82f4bc] try to reconnect to server...#033[0m
Nov 12 06:23:52 ravinder-adsb frpc[670]: 2023/11/12 06:23:52 #033[1;33m[W] [service.go:180] [4fead55a7f82f4bc] reconnect to server error: dial tcp 103.153.2.125:7000: connect: network is unreachable#033[0m
Nov 12 06:23:54 ravinder-adsb frpc[670]: 2023/11/12 06:23:54 #033[1;34m[I] [service.go:177] [4fead55a7f82f4bc] try to reconnect to server...#033[0m
Nov 12 06:23:54 ravinder-adsb frpc[670]: 2023/11/12 06:23:54 #033[1;33m[W] [service.go:180] [4fead55a7f82f4bc] reconnect to server error: dial tcp 103.153.2.125:7000: connect: network is unreachable#033[0m
Nov 12 06:23:56 ravinder-adsb frpc[670]: 2023/11/12 06:23:56 #033[1;34m[I] [service.go:177] [4fead55a7f82f4bc] try to reconnect to server...#033[0m
Nov 12 06:23:56 ravinder-adsb frpc[670]: 2023/11/12 06:23:56 #033[1;33m[W] [service.go:180] [4fead55a7f82f4bc] reconnect to server error: dial tcp 103.153.2.125:7000: connect: network is unreachable#033[0m
Nov 12 06:23:57 ravinder-adsb reconnect-modem.py[471]: ping: Warning: source address might be selected on device other than wwan0.
Nov 12 06:23:58 ravinder-adsb frpc[670]: 2023/11/12 06:23:58 #033[1;34m[I] [service.go:177] [4fead55a7f82f4bc] try to reconnect to server...#033[0m
Nov 12 06:23:58 ravinder-adsb frpc[670]: 2023/11/12 06:23:58 #033[1;33m[W] [service.go:180] [4fead55a7f82f4bc] reconnect to server error: dial tcp 103.153.2.125:7000: connect: network is unreachable#033[0m
Nov 12 06:24:00 ravinder-adsb frpc[670]: 2023/11/12 06:24:00 #033[1;34m[I] [service.go:177] [4fead55a7f82f4bc] try to reconnect to server...#033[0m
Nov 12 06:24:00 ravinder-adsb frpc[670]: 2023/11/12 06:24:00 #033[1;33m[W] [service.go:180] [4fead55a7f82f4bc] reconnect to server error: dial tcp 103.153.2.125:7000: connect: network is unreachable#033[0m
Nov 12 06:24:02 ravinder-adsb frpc[670]: 2023/11/12 06:24:02 #033[1;34m[I] [service.go:177] [4fead55a7f82f4bc] try to reconnect to server...#033[0m
Nov 12 06:24:02 ravinder-adsb frpc[670]: 2023/11/12 06:24:02 #033[1;33m[W] [service.go:180] [4fead55a7f82f4bc] reconnect to server error: dial tcp 103.153.2.125:7000: connect: network is unreachable#033[0m
Nov 12 06:24:04 ravinder-adsb frpc[670]: 2023/11/12 06:24:04 #033[1;34m[I] [service.go:177] [4fead55a7f82f4bc] try to reconnect to server...#033[0m
Nov 12 06:24:04 ravinder-adsb frpc[670]: 2023/11/12 06:24:04 #033[1;33m[W] [service.go:180] [4fead55a7f82f4bc] reconnect to server error: dial tcp 103.153.2.125:7000: connect: network is unreachable#033[0m
Nov 12 06:24:06 ravinder-adsb frpc[670]: 2023/11/12 06:24:06 #033[1;34m[I] [service.go:177] [4fead55a7f82f4bc] try to reconnect to server...#033[0m
Nov 12 06:24:06 ravinder-adsb frpc[670]: 2023/11/12 06:24:06 #033[1;33m[W] [service.go:180] [4fead55a7f82f4bc] reconnect to server error: dial tcp 103.153.2.125:7000: connect: network is unreachable#033[0m
Nov 12 06:24:07 ravinder-adsb reconnect-modem.py[471]: PING 8.8.8.8 (8.8.8.8) from 0.0.0.0 wwan0: 0(28) bytes of data.
Nov 12 06:24:07 ravinder-adsb reconnect-modem.py[471]: --- 8.8.8.8 ping statistics ---
Nov 12 06:24:07 ravinder-adsb reconnect-modem.py[471]: 10 packets transmitted, 0 received, 100% packet loss, time 360ms
Nov 12 06:24:07 ravinder-adsb reconnect-modem.py[471]: connect: Network is unreachable
Nov 12 06:24:08 ravinder-adsb frpc[670]: 2023/11/12 06:24:08 #033[1;34m[I] [service.go:177] [4fead55a7f82f4bc] try to reconnect to server...#033[0m
Nov 12 06:24:08 ravinder-adsb frpc[670]: 2023/11/12 06:24:08 #033[1;33m[W] [service.go:180] [4fead55a7f82f4bc] reconnect to server error: dial tcp 103.153.2.125:7000: connect: network is unreachable#033[0m
Nov 12 06:24:10 ravinder-adsb frpc[670]: 2023/11/12 06:24:10 #033[1;34m[I] [service.go:177] [4fead55a7f82f4bc] try to reconnect to server...#033[0m
Nov 12 06:24:10 ravinder-adsb frpc[670]: 2023/11/12 06:24:10 #033[1;33m[W] [service.go:180] [4fead55a7f82f4bc] reconnect to server error: dial tcp 103.153.2.125:7000: connect: network is unreachable#033[0m
Nov 12 06:24:12 ravinder-adsb reconnect-modem.py[471]: ping: Warning: source address might be selected on device other than wwan0.
Nov 12 06:24:12 ravinder-adsb frpc[670]: 2023/11/12 06:24:12 #033[1;34m[I] [service.go:177] [4fead55a7f82f4bc] try to reconnect to server...#033[0m
Nov 12 06:24:12 ravinder-adsb frpc[670]: 2023/11/12 06:24:12 #033[1;33m[W] [service.go:180] [4fead55a7f82f4bc] reconnect to server error: dial tcp 103.153.2.125:7000: connect: network is unreachable#033[0m
Nov 12 06:24:14 ravinder-adsb frpc[670]: 2023/11/12 06:24:14 #033[1;34m[I] [service.go:177] [4fead55a7f82f4bc] try to reconnect to server...#033[0m
Nov 12 06:24:14 ravinder-adsb frpc[670]: 2023/11/12 06:24:14 #033[1;33m[W] [service.go:180] [4fead55a7f82f4bc] reconnect to server error: dial tcp 103.153.2.125:7000: connect: network is unreachable#033[0m
Nov 12 06:24:16 ravinder-adsb frpc[670]: 2023/11/12 06:24:16 #033[1;34m[I] [service.go:177] [4fead55a7f82f4bc] try to reconnect to server...#033[0m
Nov 12 06:24:16 ravinder-adsb frpc[670]: 2023/11/12 06:24:16 #033[1;33m[W] [service.go:180] [4fead55a7f82f4bc] reconnect to server error: dial tcp 103.153.2.125:7000: connect: network is unreachable#033[0m
Nov 12 06:24:18 ravinder-adsb frpc[670]: 2023/11/12 06:24:18 #033[1;34m[I] [service.go:177] [4fead55a7f82f4bc] try to reconnect to server...#033[0m
Nov 12 06:24:18 ravinder-adsb frpc[670]: 2023/11/12 06:24:18 #033[1;33m[W] [service.go:180] [4fead55a7f82f4bc] reconnect to server error: dial tcp 103.153.2.125:7000: connect: network is unreachable#033[0m
Nov 12 06:24:20 ravinder-adsb frpc[670]: 2023/11/12 06:24:20 #033[1;34m[I] [service.go:177] [4fead55a7f82f4bc] try to reconnect to server...#033[0m
Nov 12 06:24:20 ravinder-adsb frpc[670]: 2023/11/12 06:24:20 #033[1;33m[W] [service.go:180] [4fead55a7f82f4bc] reconnect to server error: dial tcp 103.153.2.125:7000: connect: network is unreachable#033[0m
Nov 12 06:24:22 ravinder-adsb reconnect-modem.py[471]: PING 8.8.8.8 (8.8.8.8) from 0.0.0.0 wwan0: 0(28) bytes of data.
Nov 12 06:24:22 ravinder-adsb reconnect-modem.py[471]: --- 8.8.8.8 ping statistics ---
Nov 12 06:24:22 ravinder-adsb reconnect-modem.py[471]: 10 packets transmitted, 0 received, 100% packet loss, time 361ms
Nov 12 06:24:22 ravinder-adsb reconnect-modem.py[471]: connect: Network is unreachable
Nov 12 06:24:22 ravinder-adsb frpc[670]: 2023/11/12 06:24:22 #033[1;34m[I] [service.go:177] [4fead55a7f82f4bc] try to reconnect to server...#033[0m
Nov 12 06:24:22 ravinder-adsb frpc[670]: 2023/11/12 06:24:22 #033[1;33m[W] [service.go:180] [4fead55a7f82f4bc] reconnect to server error: dial tcp 103.153.2.125:7000: connect: network is unreachable#033[0m
Nov 12 06:24:24 ravinder-adsb frpc[670]: 2023/11/12 06:24:24 #033[1;34m[I] [service.go:177] [4fead55a7f82f4bc] try to reconnect to server...#033[0m
Nov 12 06:24:24 ravinder-adsb frpc[670]: 2023/11/12 06:24:24 #033[1;33m[W] [service.go:180] [4fead55a7f82f4bc] reconnect to server error: dial tcp 103.153.2.125:7000: connect: network is unreachable#033[0m
Nov 12 06:24:26 ravinder-adsb frpc[670]: 2023/11/12 06:24:26 #033[1;34m[I] [service.go:177] [4fead55a7f82f4bc] try to reconnect to server...#033[0m
Nov 12 06:24:26 ravinder-adsb frpc[670]: 2023/11/12 06:24:26 #033[1;33m[W] [service.go:180] [4fead55a7f82f4bc] reconnect to server error: dial tcp 103.153.2.125:7000: connect: network is unreachable#033[0m
Nov 12 06:24:27 ravinder-adsb reconnect-modem.py[471]: ping: Warning: source address might be selected on device other than wwan0.
Nov 12 06:24:28 ravinder-adsb frpc[670]: 2023/11/12 06:24:28 #033[1;34m[I] [service.go:177] [4fead55a7f82f4bc] try to reconnect to server...#033[0m
Nov 12 06:24:28 ravinder-adsb frpc[670]: 2023/11/12 06:24:28 #033[1;33m[W] [service.go:180] [4fead55a7f82f4bc] reconnect to server error: dial tcp 103.153.2.125:7000: connect: network is unreachable#033[0m
Nov 12 06:24:30 ravinder-adsb frpc[670]: 2023/11/12 06:24:30 #033[1;34m[I] [service.go:177] [4fead55a7f82f4bc] try to reconnect to server...#033[0m
Nov 12 06:24:30 ravinder-adsb frpc[670]: 2023/11/12 06:24:30 #033[1;33m[W] [service.go:180] [4fead55a7f82f4bc] reconnect to server error: dial tcp 103.153.2.125:7000: connect: network is unreachable#033[0m
Nov 12 06:24:32 ravinder-adsb frpc[670]: 2023/11/12 06:24:32 #033[1;34m[I] [service.go:177] [4fead55a7f82f4bc] try to reconnect to server...#033[0m
Nov 12 06:24:32 ravinder-adsb frpc[670]: 2023/11/12 06:24:32 #033[1;33m[W] [service.go:180] [4fead55a7f82f4bc] reconnect to server error: dial tcp 103.153.2.125:7000: connect: network is unreachable#033[0m
Nov 12 06:24:34 ravinder-adsb frpc[670]: 2023/11/12 06:24:34 #033[1;34m[I] [service.go:177] [4fead55a7f82f4bc] try to reconnect to server...#033[0m
Nov 12 06:24:34 ravinder-adsb frpc[670]: 2023/11/12 06:24:34 #033[1;33m[W] [service.go:180] [4fead55a7f82f4bc] reconnect to server error: dial tcp 103.153.2.125:7000: connect: network is unreachable#033[0m
Nov 12 06:24:36 ravinder-adsb frpc[670]: 2023/11/12 06:24:36 #033[1;34m[I] [service.go:177] [4fead55a7f82f4bc] try to reconnect to server...#033[0m
Nov 12 06:24:36 ravinder-adsb frpc[670]: 2023/11/12 06:24:36 #033[1;33m[W] [service.go:180] [4fead55a7f82f4bc] reconnect to server error: dial tcp 103.153.2.125:7000: connect: network is unreachable#033[0m
Nov 12 06:24:37 ravinder-adsb reconnect-modem.py[471]: PING 8.8.8.8 (8.8.8.8) from 0.0.0.0 wwan0: 0(28) bytes of data.
Nov 12 06:24:37 ravinder-adsb reconnect-modem.py[471]: --- 8.8.8.8 ping statistics ---
Nov 12 06:24:37 ravinder-adsb reconnect-modem.py[471]: 10 packets transmitted, 0 received, 100% packet loss, time 367ms
Nov 12 06:24:37 ravinder-adsb reconnect-modem.py[471]: connect: Network is unreachable
Nov 12 06:24:38 ravinder-adsb frpc[670]: 2023/11/12 06:24:38 #033[1;34m[I] [service.go:177] [4fead55a7f82f4bc] try to reconnect to server...#033[0m
Nov 12 06:24:38 ravinder-adsb frpc[670]: 2023/11/12 06:24:38 #033[1;33m[W] [service.go:180] [4fead55a7f82f4bc] reconnect to server error: dial tcp 103.153.2.125:7000: connect: network is unreachable#033[0m
Nov 12 06:24:40 ravinder-adsb frpc[670]: 2023/11/12 06:24:40 #033[1;34m[I] [service.go:177] [4fead55a7f82f4bc] try to reconnect to server...#033[0m
Nov 12 06:24:40 ravinder-adsb frpc[670]: 2023/11/12 06:24:40 #033[1;33m[W] [service.go:180] [4fead55a7f82f4bc] reconnect to server error: dial tcp 103.153.2.125:7000: connect: network is unreachable#033[0m
Nov 12 06:24:42 ravinder-adsb reconnect-modem.py[471]: ping: Warning: source address might be selected on device other than wwan0.
Nov 12 06:24:42 ravinder-adsb frpc[670]: 2023/11/12 06:24:42 #033[1;34m[I] [service.go:177] [4fead55a7f82f4bc] try to reconnect to server...#033[0m
Nov 12 06:24:42 ravinder-adsb frpc[670]: 2023/11/12 06:24:42 #033[1;33m[W] [service.go:180] [4fead55a7f82f4bc] reconnect to server error: dial tcp 103.153.2.125:7000: connect: network is unreachable#033[0m
Nov 12 06:24:44 ravinder-adsb frpc[670]: 2023/11/12 06:24:44 #033[1;34m[I] [service.go:177] [4fead55a7f82f4bc] try to reconnect to server...#033[0m
Nov 12 06:24:44 ravinder-adsb frpc[670]: 2023/11/12 06:24:44 #033[1;33m[W] [service.go:180] [4fead55a7f82f4bc] reconnect to server error: dial tcp 103.153.2.125:7000: connect: network is unreachable#033[0m
Nov 12 06:24:46 ravinder-adsb frpc[670]: 2023/11/12 06:24:46 #033[1;34m[I] [service.go:177] [4fead55a7f82f4bc] try to reconnect to server...#033[0m
Nov 12 06:24:46 ravinder-adsb frpc[670]: 2023/11/12 06:24:46 #033[1;33m[W] [service.go:180] [4fead55a7f82f4bc] reconnect to server error: dial tcp 103.153.2.125:7000: connect: network is unreachable#033[0m
Nov 12 06:24:48 ravinder-adsb frpc[670]: 2023/11/12 06:24:48 #033[1;34m[I] [service.go:177] [4fead55a7f82f4bc] try to reconnect to server...#033[0m
Nov 12 06:24:48 ravinder-adsb frpc[670]: 2023/11/12 06:24:48 #033[1;33m[W] [service.go:180] [4fead55a7f82f4bc] reconnect to server error: dial tcp 103.153.2.125:7000: connect: network is unreachable#033[0m
Nov 12 06:24:50 ravinder-adsb frpc[670]: 2023/11/12 06:24:50 #033[1;34m[I] [service.go:177] [4fead55a7f82f4bc] try to reconnect to server...#033[0m
Nov 12 06:24:50 ravinder-adsb frpc[670]: 2023/11/12 06:24:50 #033[1;33m[W] [service.go:180] [4fead55a7f82f4bc] reconnect to server error: dial tcp 103.153.2.125:7000: connect: network is unreachable#033[0m
Nov 12 06:24:52 ravinder-adsb reconnect-modem.py[471]: PING 8.8.8.8 (8.8.8.8) from 0.0.0.0 wwan0: 0(28) bytes of data.
Nov 12 06:24:52 ravinder-adsb reconnect-modem.py[471]: --- 8.8.8.8 ping statistics ---
Nov 12 06:24:52 ravinder-adsb reconnect-modem.py[471]: 10 packets transmitted, 0 received, 100% packet loss, time 371ms
Nov 12 06:24:52 ravinder-adsb reconnect-modem.py[471]: connect: Network is unreachable
Nov 12 06:24:52 ravinder-adsb frpc[670]: 2023/11/12 06:24:52 #033[1;34m[I] [service.go:177] [4fead55a7f82f4bc] try to reconnect to server...#033[0m
Nov 12 06:24:52 ravinder-adsb frpc[670]: 2023/11/12 06:24:52 #033[1;33m[W] [service.go:180] [4fead55a7f82f4bc] reconnect to server error: dial tcp 103.153.2.125:7000: connect: network is unreachable#033[0m
Nov 12 06:24:54 ravinder-adsb frpc[670]: 2023/11/12 06:24:54 #033[1;34m[I] [service.go:177] [4fead55a7f82f4bc] try to reconnect to server...#033[0m
Nov 12 06:24:54 ravinder-adsb frpc[670]: 2023/11/12 06:24:54 #033[1;33m[W] [service.go:180] [4fead55a7f82f4bc] reconnect to server error: dial tcp 103.153.2.125:7000: connect: network is unreachable#033[0m
Nov 12 06:24:56 ravinder-adsb frpc[670]: 2023/11/12 06:24:56 #033[1;34m[I] [service.go:177] [4fead55a7f82f4bc] try to reconnect to server...#033[0m
Nov 12 06:24:56 ravinder-adsb frpc[670]: 2023/11/12 06:24:56 #033[1;33m[W] [service.go:180] [4fead55a7f82f4bc] reconnect to server error: dial tcp 103.153.2.125:7000: connect: network is unreachable#033[0m
Nov 12 06:24:57 ravinder-adsb reconnect-modem.py[471]: ping: Warning: source address might be selected on device other than wwan0.
Nov 12 06:24:58 ravinder-adsb frpc[670]: 2023/11/12 06:24:58 #033[1;34m[I] [service.go:177] [4fead55a7f82f4bc] try to reconnect to server...#033[0m
Nov 12 06:24:58 ravinder-adsb frpc[670]: 2023/11/12 06:24:58 #033[1;33m[W] [service.go:180] [4fead55a7f82f4bc] reconnect to server error: dial tcp 103.153.2.125:7000: connect: network is unreachable#033[0m
Nov 12 06:25:00 ravinder-adsb frpc[670]: 2023/11/12 06:25:00 #033[1;34m[I] [service.go:177] [4fead55a7f82f4bc] try to reconnect to server...#033[0m
Nov 12 06:25:00 ravinder-adsb frpc[670]: 2023/11/12 06:25:00 #033[1;33m[W] [service.go:180] [4fead55a7f82f4bc] reconnect to server error: dial tcp 103.153.2.125:7000: connect: network is unreachable#033[0m
Nov 12 06:25:01 ravinder-adsb systemd[1]: Created slice User Slice of UID 33.
Nov 12 06:25:01 ravinder-adsb systemd[1]: Starting User Runtime Directory /run/user/33...
Nov 12 06:25:01 ravinder-adsb systemd[1]: Started User Runtime Directory /run/user/33.
Nov 12 06:25:01 ravinder-adsb systemd[1]: Starting User Manager for UID 33...
Nov 12 06:25:01 ravinder-adsb systemd[21030]: gpgconf: running /usr/bin/gpg-agent failed (exitcode=2): General error
Nov 12 06:25:01 ravinder-adsb systemd[21030]: gpgconf: fatal error (exit status 1)
Nov 12 06:25:01 ravinder-adsb systemd[21030]: Listening on GnuPG cryptographic agent and passphrase cache (restricted).
Nov 12 06:25:01 ravinder-adsb systemd[21030]: Listening on GnuPG cryptographic agent and passphrase cache (access for web browsers).
Nov 12 06:25:01 ravinder-adsb systemd[21030]: Listening on GnuPG network certificate management daemon.
Nov 12 06:25:01 ravinder-adsb systemd[21030]: Reached target Timers.
Nov 12 06:25:01 ravinder-adsb systemd[21030]: Listening on GnuPG cryptographic agent and passphrase cache.
Nov 12 06:25:01 ravinder-adsb systemd[21030]: Reached target Paths.
Nov 12 06:25:01 ravinder-adsb systemd[21030]: Listening on GnuPG cryptographic agent (ssh-agent emulation).
Nov 12 06:25:01 ravinder-adsb systemd[21030]: Reached target Sockets.
Nov 12 06:25:01 ravinder-adsb systemd[21030]: Reached target Basic System.
Nov 12 06:25:01 ravinder-adsb systemd[21030]: Reached target Default.
Nov 12 06:25:01 ravinder-adsb systemd[21030]: Startup finished in 182ms.
Nov 12 06:25:01 ravinder-adsb systemd[1]: Started User Manager for UID 33.
Nov 12 06:25:01 ravinder-adsb systemd[1]: Started Session 307 of user www-data.
Nov 12 06:25:02 ravinder-adsb systemd[1]: session-307.scope: Succeeded.
Nov 12 06:25:02 ravinder-adsb systemd[1]: Started Session 307 of user www-data.
Nov 12 06:25:02 ravinder-adsb systemd[1]: session-307.scope: Succeeded.
Nov 12 06:25:02 ravinder-adsb frpc[670]: 2023/11/12 06:25:02 #033[1;34m[I] [service.go:177] [4fead55a7f82f4bc] try to reconnect to server...#033[0m
Nov 12 06:25:02 ravinder-adsb frpc[670]: 2023/11/12 06:25:02 #033[1;33m[W] [service.go:180] [4fead55a7f82f4bc] reconnect to server error: dial tcp 103.153.2.125:7000: connect: network is unreachable#033[0m
Nov 12 06:25:04 ravinder-adsb frpc[670]: 2023/11/12 06:25:04 #033[1;34m[I] [service.go:177] [4fead55a7f82f4bc] try to reconnect to server...#033[0m
Nov 12 06:25:04 ravinder-adsb frpc[670]: 2023/11/12 06:25:04 #033[1;33m[W] [service.go:180] [4fead55a7f82f4bc] reconnect to server error: dial tcp 103.153.2.125:7000: connect: network is unreachable#033[0m
Nov 12 06:25:06 ravinder-adsb frpc[670]: 2023/11/12 06:25:06 #033[1;34m[I] [service.go:177] [4fead55a7f82f4bc] try to reconnect to server...#033[0m
Nov 12 06:25:06 ravinder-adsb frpc[670]: 2023/11/12 06:25:06 #033[1;33m[W] [service.go:180] [4fead55a7f82f4bc] reconnect to server error: dial tcp 103.153.2.125:7000: connect: network is unreachable#033[0m
Nov 12 06:25:07 ravinder-adsb reconnect-modem.py[471]: PING 8.8.8.8 (8.8.8.8) from 0.0.0.0 wwan0: 0(28) bytes of data.
Nov 12 06:25:07 ravinder-adsb reconnect-modem.py[471]: --- 8.8.8.8 ping statistics ---
Nov 12 06:25:07 ravinder-adsb reconnect-modem.py[471]: 10 packets transmitted, 0 received, 100% packet loss, time 374ms
Nov 12 06:25:07 ravinder-adsb reconnect-modem.py[471]: connect: Network is unreachable
Nov 12 06:25:08 ravinder-adsb frpc[670]: 2023/11/12 06:25:08 #033[1;34m[I] [service.go:177] [4fead55a7f82f4bc] try to reconnect to server...#033[0m
Nov 12 06:25:08 ravinder-adsb frpc[670]: 2023/11/12 06:25:08 #033[1;33m[W] [service.go:180] [4fead55a7f82f4bc] reconnect to server error: dial tcp 103.153.2.125:7000: connect: network is unreachable#033[0m
Nov 12 06:25:10 ravinder-adsb frpc[670]: 2023/11/12 06:25:10 #033[1;34m[I] [service.go:177] [4fead55a7f82f4bc] try to reconnect to server...#033[0m
Nov 12 06:25:10 ravinder-adsb frpc[670]: 2023/11/12 06:25:10 #033[1;33m[W] [service.go:180] [4fead55a7f82f4bc] reconnect to server error: dial tcp 103.153.2.125:7000: connect: network is unreachable#033[0m
Nov 12 06:25:12 ravinder-adsb systemd[1]: Stopping User Manager for UID 33...
Nov 12 06:25:12 ravinder-adsb systemd[21030]: Stopped target Default.
Nov 12 06:25:12 ravinder-adsb systemd[21030]: Stopped target Basic System.
Nov 12 06:25:12 ravinder-adsb systemd[21030]: Stopped target Paths.
Nov 12 06:25:12 ravinder-adsb systemd[21030]: Stopped target Sockets.
Nov 12 06:25:12 ravinder-adsb systemd[21030]: gpg-agent-browser.socket: Succeeded.
Nov 12 06:25:12 ravinder-adsb systemd[21030]: Closed GnuPG cryptographic agent and passphrase cache (access for web browsers).
Nov 12 06:25:12 ravinder-adsb systemd[21030]: gpg-agent-ssh.socket: Succeeded.
Nov 12 06:25:12 ravinder-adsb systemd[21030]: Closed GnuPG cryptographic agent (ssh-agent emulation).
Nov 12 06:25:12 ravinder-adsb systemd[21030]: gpg-agent.socket: Succeeded.
Nov 12 06:25:12 ravinder-adsb systemd[21030]: Closed GnuPG cryptographic agent and passphrase cache.
Nov 12 06:25:12 ravinder-adsb systemd[21030]: Stopped target Timers.
Nov 12 06:25:12 ravinder-adsb systemd[21030]: gpg-agent-extra.socket: Succeeded.
Nov 12 06:25:12 ravinder-adsb systemd[21030]: Closed GnuPG cryptographic agent and passphrase cache (restricted).
Nov 12 06:25:12 ravinder-adsb systemd[21030]: dirmngr.socket: Succeeded.
Nov 12 06:25:12 ravinder-adsb systemd[21030]: Closed GnuPG network certificate management daemon.
Nov 12 06:25:12 ravinder-adsb systemd[21030]: Reached target Shutdown.
Nov 12 06:25:12 ravinder-adsb systemd[21030]: systemd-exit.service: Succeeded.
Nov 12 06:25:12 ravinder-adsb systemd[21030]: Started Exit the Session.
Nov 12 06:25:12 ravinder-adsb systemd[21030]: Reached target Exit the Session.
Nov 12 06:25:12 ravinder-adsb systemd[1]: user@33.service: Succeeded.
Nov 12 06:25:12 ravinder-adsb systemd[1]: Stopped User Manager for UID 33.
Nov 12 06:25:12 ravinder-adsb systemd[1]: Stopping User Runtime Directory /run/user/33...
Nov 12 06:25:12 ravinder-adsb systemd[1]: run-user-33.mount: Succeeded.
Nov 12 06:25:12 ravinder-adsb systemd[1]: user-runtime-dir@33.service: Succeeded.
Nov 12 06:25:12 ravinder-adsb systemd[1]: Stopped User Runtime Directory /run/user/33.
Nov 12 06:25:12 ravinder-adsb systemd[1]: Removed slice User Slice of UID 33.
Nov 12 06:25:12 ravinder-adsb reconnect-modem.py[471]: ping: Warning: source address might be selected on device other than wwan0.
Nov 12 06:25:12 ravinder-adsb frpc[670]: 2023/11/12 06:25:12 #033[1;34m[I] [service.go:177] [4fead55a7f82f4bc] try to reconnect to server...#033[0m
Nov 12 06:25:12 ravinder-adsb frpc[670]: 2023/11/12 06:25:12 #033[1;33m[W] [service.go:180] [4fead55a7f82f4bc] reconnect to server error: dial tcp 103.153.2.125:7000: connect: network is unreachable#033[0m
Nov 12 06:25:14 ravinder-adsb frpc[670]: 2023/11/12 06:25:14 #033[1;34m[I] [service.go:177] [4fead55a7f82f4bc] try to reconnect to server...#033[0m
Nov 12 06:25:14 ravinder-adsb frpc[670]: 2023/11/12 06:25:14 #033[1;33m[W] [service.go:180] [4fead55a7f82f4bc] reconnect to server error: dial tcp 103.153.2.125:7000: connect: network is unreachable#033[0m
Nov 12 06:25:16 ravinder-adsb frpc[670]: 2023/11/12 06:25:16 #033[1;34m[I] [service.go:177] [4fead55a7f82f4bc] try to reconnect to server...#033[0m
Nov 12 06:25:16 ravinder-adsb frpc[670]: 2023/11/12 06:25:16 #033[1;33m[W] [service.go:180] [4fead55a7f82f4bc] reconnect to server error: dial tcp 103.153.2.125:7000: connect: network is unreachable#033[0m
Nov 12 06:25:18 ravinder-adsb frpc[670]: 2023/11/12 06:25:18 #033[1;34m[I] [service.go:177] [4fead55a7f82f4bc] try to reconnect to server...#033[0m
Nov 12 06:25:18 ravinder-adsb frpc[670]: 2023/11/12 06:25:18 #033[1;33m[W] [service.go:180] [4fead55a7f82f4bc] reconnect to server error: dial tcp 103.153.2.125:7000: connect: network is unreachable#033[0m
Nov 12 06:25:20 ravinder-adsb frpc[670]: 2023/11/12 06:25:20 #033[1;34m[I] [service.go:177] [4fead55a7f82f4bc] try to reconnect to server...#033[0m
Nov 12 06:25:20 ravinder-adsb frpc[670]: 2023/11/12 06:25:20 #033[1;33m[W] [service.go:180] [4fead55a7f82f4bc] reconnect to server error: dial tcp 103.153.2.125:7000: connect: network is unreachable#033[0m
Nov 12 06:25:22 ravinder-adsb reconnect-modem.py[471]: PING 8.8.8.8 (8.8.8.8) from 0.0.0.0 wwan0: 0(28) bytes of data.
Nov 12 06:25:22 ravinder-adsb reconnect-modem.py[471]: --- 8.8.8.8 ping statistics ---
Nov 12 06:25:22 ravinder-adsb reconnect-modem.py[471]: 10 packets transmitted, 0 received, 100% packet loss, time 382ms
Nov 12 06:25:22 ravinder-adsb reconnect-modem.py[471]: connect: Network is unreachable
Nov 12 06:25:22 ravinder-adsb frpc[670]: 2023/11/12 06:25:22 #033[1;34m[I] [service.go:177] [4fead55a7f82f4bc] try to reconnect to server...#033[0m
Nov 12 06:25:22 ravinder-adsb frpc[670]: 2023/11/12 06:25:22 #033[1;33m[W] [service.go:180] [4fead55a7f82f4bc] reconnect to server error: dial tcp 103.153.2.125:7000: connect: network is unreachable#033[0m
Nov 12 06:25:24 ravinder-adsb frpc[670]: 2023/11/12 06:25:24 #033[1;34m[I] [service.go:177] [4fead55a7f82f4bc] try to reconnect to server...#033[0m
Nov 12 06:25:24 ravinder-adsb frpc[670]: 2023/11/12 06:25:24 #033[1;33m[W] [service.go:180] [4fead55a7f82f4bc] reconnect to server error: dial tcp 103.153.2.125:7000: connect: network is unreachable#033[0m
Nov 12 06:25:26 ravinder-adsb frpc[670]: 2023/11/12 06:25:26 #033[1;34m[I] [service.go:177] [4fead55a7f82f4bc] try to reconnect to server...#033[0m
Nov 12 06:25:26 ravinder-adsb frpc[670]: 2023/11/12 06:25:26 #033[1;33m[W] [service.go:180] [4fead55a7f82f4bc] reconnect to server error: dial tcp 103.153.2.125:7000: connect: network is unreachable#033[0m
Nov 12 06:25:27 ravinder-adsb reconnect-modem.py[471]: ping: Warning: source address might be selected on device other than wwan0.
Nov 12 06:25:28 ravinder-adsb frpc[670]: 2023/11/12 06:25:28 #033[1;34m[I] [service.go:177] [4fead55a7f82f4bc] try to reconnect to server...#033[0m
Nov 12 06:25:28 ravinder-adsb frpc[670]: 2023/11/12 06:25:28 #033[1;33m[W] [service.go:180] [4fead55a7f82f4bc] reconnect to server error: dial tcp 103.153.2.125:7000: connect: network is unreachable#033[0m
Nov 12 06:25:30 ravinder-adsb frpc[670]: 2023/11/12 06:25:30 #033[1;34m[I] [service.go:177] [4fead55a7f82f4bc] try to reconnect to server...#033[0m
Nov 12 06:25:30 ravinder-adsb frpc[670]: 2023/11/12 06:25:30 #033[1;33m[W] [service.go:180] [4fead55a7f82f4bc] reconnect to server error: dial tcp 103.153.2.125:7000: connect: network is unreachable#033[0m
Nov 12 06:25:32 ravinder-adsb frpc[670]: 2023/11/12 06:25:32 #033[1;34m[I] [service.go:177] [4fead55a7f82f4bc] try to reconnect to server...#033[0m
Nov 12 06:25:32 ravinder-adsb frpc[670]: 2023/11/12 06:25:32 #033[1;33m[W] [service.go:180] [4fead55a7f82f4bc] reconnect to server error: dial tcp 103.153.2.125:7000: connect: network is unreachable#033[0m
Nov 12 06:25:34 ravinder-adsb frpc[670]: 2023/11/12 06:25:34 #033[1;34m[I] [service.go:177] [4fead55a7f82f4bc] try to reconnect to server...#033[0m
Nov 12 06:25:34 ravinder-adsb frpc[670]: 2023/11/12 06:25:34 #033[1;33m[W] [service.go:180] [4fead55a7f82f4bc] reconnect to server error: dial tcp 103.153.2.125:7000: connect: network is unreachable#033[0m
Nov 12 06:25:36 ravinder-adsb frpc[670]: 2023/11/12 06:25:36 #033[1;34m[I] [service.go:177] [4fead55a7f82f4bc] try to reconnect to server...#033[0m
Nov 12 06:25:36 ravinder-adsb frpc[670]: 2023/11/12 06:25:36 #033[1;33m[W] [service.go:180] [4fead55a7f82f4bc] reconnect to server error: dial tcp 103.153.2.125:7000: connect: network is unreachable#033[0m
Nov 12 06:25:37 ravinder-adsb reconnect-modem.py[471]: PING 8.8.8.8 (8.8.8.8) from 0.0.0.0 wwan0: 0(28) bytes of data.
Nov 12 06:25:37 ravinder-adsb reconnect-modem.py[471]: --- 8.8.8.8 ping statistics ---
Nov 12 06:25:37 ravinder-adsb reconnect-modem.py[471]: 10 packets transmitted, 0 received, 100% packet loss, time 383ms
Nov 12 06:25:37 ravinder-adsb reconnect-modem.py[471]: connect: Network is unreachable
Nov 12 06:25:38 ravinder-adsb frpc[670]: 2023/11/12 06:25:38 #033[1;34m[I] [service.go:177] [4fead55a7f82f4bc] try to reconnect to server...#033[0m
Nov 12 06:25:38 ravinder-adsb frpc[670]: 2023/11/12 06:25:38 #033[1;33m[W] [service.go:180] [4fead55a7f82f4bc] reconnect to server error: dial tcp 103.153.2.125:7000: connect: network is unreachable#033[0m
Nov 12 06:25:40 ravinder-adsb frpc[670]: 2023/11/12 06:25:40 #033[1;34m[I] [service.go:177] [4fead55a7f82f4bc] try to reconnect to server...#033[0m
Nov 12 06:25:40 ravinder-adsb frpc[670]: 2023/11/12 06:25:40 #033[1;33m[W] [service.go:180] [4fead55a7f82f4bc] reconnect to server error: dial tcp 103.153.2.125:7000: connect: network is unreachable#033[0m
Nov 12 06:25:42 ravinder-adsb frpc[670]: 2023/11/12 06:25:42 #033[1;34m[I] [service.go:177] [4fead55a7f82f4bc] try to reconnect to server...#033[0m
Nov 12 06:25:42 ravinder-adsb frpc[670]: 2023/11/12 06:25:42 #033[1;33m[W] [service.go:180] [4fead55a7f82f4bc] reconnect to server error: dial tcp 103.153.2.125:7000: connect: network is unreachable#033[0m
Nov 12 06:25:42 ravinder-adsb reconnect-modem.py[471]: ping: Warning: source address might be selected on device other than wwan0.
Nov 12 06:25:44 ravinder-adsb frpc[670]: 2023/11/12 06:25:44 #033[1;34m[I] [service.go:177] [4fead55a7f82f4bc] try to reconnect to server...#033[0m
Nov 12 06:25:44 ravinder-adsb frpc[670]: 2023/11/12 06:25:44 #033[1;33m[W] [service.go:180] [4fead55a7f82f4bc] reconnect to server error: dial tcp 103.153.2.125:7000: connect: network is unreachable#033[0m
Nov 12 06:25:46 ravinder-adsb frpc[670]: 2023/11/12 06:25:46 #033[1;34m[I] [service.go:177] [4fead55a7f82f4bc] try to reconnect to server...#033[0m
Nov 12 06:25:46 ravinder-adsb frpc[670]: 2023/11/12 06:25:46 #033[1;33m[W] [service.go:180] [4fead55a7f82f4bc] reconnect to server error: dial tcp 103.153.2.125:7000: connect: network is unreachable#033[0m
Nov 12 06:25:48 ravinder-adsb frpc[670]: 2023/11/12 06:25:48 #033[1;34m[I] [service.go:177] [4fead55a7f82f4bc] try to reconnect to server...#033[0m
Nov 12 06:25:48 ravinder-adsb frpc[670]: 2023/11/12 06:25:48 #033[1;33m[W] [service.go:180] [4fead55a7f82f4bc] reconnect to server error: dial tcp 103.153.2.125:7000: connect: network is unreachable#033[0m
Nov 12 06:25:50 ravinder-adsb frpc[670]: 2023/11/12 06:25:50 #033[1;34m[I] [service.go:177] [4fead55a7f82f4bc] try to reconnect to server...#033[0m
Nov 12 06:25:50 ravinder-adsb frpc[670]: 2023/11/12 06:25:50 #033[1;33m[W] [service.go:180] [4fead55a7f82f4bc] reconnect to server error: dial tcp 103.153.2.125:7000: connect: network is unreachable#033[0m
Nov 12 06:25:52 ravinder-adsb frpc[670]: 2023/11/12 06:25:52 #033[1;34m[I] [service.go:177] [4fead55a7f82f4bc] try to reconnect to server...#033[0m
Nov 12 06:25:52 ravinder-adsb frpc[670]: 2023/11/12 06:25:52 #033[1;33m[W] [service.go:180] [4fead55a7f82f4bc] reconnect to server error: dial tcp 103.153.2.125:7000: connect: network is unreachable#033[0m
Nov 12 06:25:52 ravinder-adsb reconnect-modem.py[471]: PING 8.8.8.8 (8.8.8.8) from 0.0.0.0 wwan0: 0(28) bytes of data.
Nov 12 06:25:52 ravinder-adsb reconnect-modem.py[471]: --- 8.8.8.8 ping statistics ---
Nov 12 06:25:52 ravinder-adsb reconnect-modem.py[471]: 10 packets transmitted, 0 received, 100% packet loss, time 383ms
Nov 12 06:25:52 ravinder-adsb reconnect-modem.py[471]: connect: Network is unreachable
Nov 12 06:25:54 ravinder-adsb frpc[670]: 2023/11/12 06:25:54 #033[1;34m[I] [service.go:177] [4fead55a7f82f4bc] try to reconnect to server...#033[0m
Nov 12 06:25:54 ravinder-adsb frpc[670]: 2023/11/12 06:25:54 #033[1;33m[W] [service.go:180] [4fead55a7f82f4bc] reconnect to server error: dial tcp 103.153.2.125:7000: connect: network is unreachable#033[0m
Nov 12 06:25:56 ravinder-adsb frpc[670]: 2023/11/12 06:25:56 #033[1;34m[I] [service.go:177] [4fead55a7f82f4bc] try to reconnect to server...#033[0m
Nov 12 06:25:56 ravinder-adsb frpc[670]: 2023/11/12 06:25:56 #033[1;33m[W] [service.go:180] [4fead55a7f82f4bc] reconnect to server error: dial tcp 103.153.2.125:7000: connect: network is unreachable#033[0m
Nov 12 06:25:57 ravinder-adsb reconnect-modem.py[471]: ping: Warning: source address might be selected on device other than wwan0.
Nov 12 06:25:58 ravinder-adsb frpc[670]: 2023/11/12 06:25:58 #033[1;34m[I] [service.go:177] [4fead55a7f82f4bc] try to reconnect to server...#033[0m
Nov 12 06:25:58 ravinder-adsb frpc[670]: 2023/11/12 06:25:58 #033[1;33m[W] [service.go:180] [4fead55a7f82f4bc] reconnect to server error: dial tcp 103.153.2.125:7000: connect: network is unreachable#033[0m
Nov 12 06:26:00 ravinder-adsb frpc[670]: 2023/11/12 06:26:00 #033[1;34m[I] [service.go:177] [4fead55a7f82f4bc] try to reconnect to server...#033[0m
Nov 12 06:26:00 ravinder-adsb frpc[670]: 2023/11/12 06:26:00 #033[1;33m[W] [service.go:180] [4fead55a7f82f4bc] reconnect to server error: dial tcp 103.153.2.125:7000: connect: network is unreachable#033[0m
Nov 12 06:26:02 ravinder-adsb frpc[670]: 2023/11/12 06:26:02 #033[1;34m[I] [service.go:177] [4fead55a7f82f4bc] try to reconnect to server...#033[0m
Nov 12 06:26:02 ravinder-adsb frpc[670]: 2023/11/12 06:26:02 #033[1;33m[W] [service.go:180] [4fead55a7f82f4bc] reconnect to server error: dial tcp 103.153.2.125:7000: connect: network is unreachable#033[0m
Nov 12 06:26:04 ravinder-adsb frpc[670]: 2023/11/12 06:26:04 #033[1;34m[I] [service.go:177] [4fead55a7f82f4bc] try to reconnect to server...#033[0m
Nov 12 06:26:04 ravinder-adsb frpc[670]: 2023/11/12 06:26:04 #033[1;33m[W] [service.go:180] [4fead55a7f82f4bc] reconnect to server error: dial tcp 103.153.2.125:7000: connect: network is unreachable#033[0m
Nov 12 06:26:06 ravinder-adsb frpc[670]: 2023/11/12 06:26:06 #033[1;34m[I] [service.go:177] [4fead55a7f82f4bc] try to reconnect to server...#033[0m
