Nov 13 06:21:24 ravinder-adsb frpc[670]: 2023/11/13 06:21:24 #033[1;34m[I] [service.go:177] [4fead55a7f82f4bc] try to reconnect to server...#033[0m
Nov 13 06:21:24 ravinder-adsb frpc[670]: 2023/11/13 06:21:24 #033[1;33m[W] [service.go:180] [4fead55a7f82f4bc] reconnect to server error: dial tcp 103.153.2.125:7000: connect: network is unreachable#033[0m
Nov 13 06:21:25 ravinder-adsb reconnect-modem.py[471]: ping: Warning: source address might be selected on device other than wwan0.
Nov 13 06:21:26 ravinder-adsb frpc[670]: 2023/11/13 06:21:26 #033[1;34m[I] [service.go:177] [4fead55a7f82f4bc] try to reconnect to server...#033[0m
Nov 13 06:21:26 ravinder-adsb frpc[670]: 2023/11/13 06:21:26 #033[1;33m[W] [service.go:180] [4fead55a7f82f4bc] reconnect to server error: dial tcp 103.153.2.125:7000: connect: network is unreachable#033[0m
Nov 13 06:21:28 ravinder-adsb frpc[670]: 2023/11/13 06:21:28 #033[1;34m[I] [service.go:177] [4fead55a7f82f4bc] try to reconnect to server...#033[0m
Nov 13 06:21:28 ravinder-adsb frpc[670]: 2023/11/13 06:21:28 #033[1;33m[W] [service.go:180] [4fead55a7f82f4bc] reconnect to server error: dial tcp 103.153.2.125:7000: connect: network is unreachable#033[0m
Nov 13 06:21:30 ravinder-adsb frpc[670]: 2023/11/13 06:21:30 #033[1;34m[I] [service.go:177] [4fead55a7f82f4bc] try to reconnect to server...#033[0m
Nov 13 06:21:30 ravinder-adsb frpc[670]: 2023/11/13 06:21:30 #033[1;33m[W] [service.go:180] [4fead55a7f82f4bc] reconnect to server error: dial tcp 103.153.2.125:7000: connect: network is unreachable#033[0m
Nov 13 06:21:32 ravinder-adsb frpc[670]: 2023/11/13 06:21:32 #033[1;34m[I] [service.go:177] [4fead55a7f82f4bc] try to reconnect to server...#033[0m
Nov 13 06:21:32 ravinder-adsb frpc[670]: 2023/11/13 06:21:32 #033[1;33m[W] [service.go:180] [4fead55a7f82f4bc] reconnect to server error: dial tcp 103.153.2.125:7000: connect: network is unreachable#033[0m
Nov 13 06:21:34 ravinder-adsb frpc[670]: 2023/11/13 06:21:34 #033[1;34m[I] [service.go:177] [4fead55a7f82f4bc] try to reconnect to server...#033[0m
Nov 13 06:21:34 ravinder-adsb frpc[670]: 2023/11/13 06:21:34 #033[1;33m[W] [service.go:180] [4fead55a7f82f4bc] reconnect to server error: dial tcp 103.153.2.125:7000: connect: network is unreachable#033[0m
Nov 13 06:21:35 ravinder-adsb reconnect-modem.py[471]: PING 8.8.8.8 (8.8.8.8) from 0.0.0.0 wwan0: 0(28) bytes of data.
Nov 13 06:21:35 ravinder-adsb reconnect-modem.py[471]: --- 8.8.8.8 ping statistics ---
Nov 13 06:21:35 ravinder-adsb reconnect-modem.py[471]: 10 packets transmitted, 0 received, 100% packet loss, time 337ms
Nov 13 06:21:35 ravinder-adsb reconnect-modem.py[471]: connect: Network is unreachable
Nov 13 06:21:36 ravinder-adsb frpc[670]: 2023/11/13 06:21:36 #033[1;34m[I] [service.go:177] [4fead55a7f82f4bc] try to reconnect to server...#033[0m
Nov 13 06:21:36 ravinder-adsb frpc[670]: 2023/11/13 06:21:36 #033[1;33m[W] [service.go:180] [4fead55a7f82f4bc] reconnect to server error: dial tcp 103.153.2.125:7000: connect: network is unreachable#033[0m
Nov 13 06:21:38 ravinder-adsb frpc[670]: 2023/11/13 06:21:38 #033[1;34m[I] [service.go:177] [4fead55a7f82f4bc] try to reconnect to server...#033[0m
Nov 13 06:21:38 ravinder-adsb frpc[670]: 2023/11/13 06:21:38 #033[1;33m[W] [service.go:180] [4fead55a7f82f4bc] reconnect to server error: dial tcp 103.153.2.125:7000: connect: network is unreachable#033[0m
Nov 13 06:21:40 ravinder-adsb reconnect-modem.py[471]: ping: Warning: source address might be selected on device other than wwan0.
Nov 13 06:21:40 ravinder-adsb frpc[670]: 2023/11/13 06:21:40 #033[1;34m[I] [service.go:177] [4fead55a7f82f4bc] try to reconnect to server...#033[0m
Nov 13 06:21:40 ravinder-adsb frpc[670]: 2023/11/13 06:21:40 #033[1;33m[W] [service.go:180] [4fead55a7f82f4bc] reconnect to server error: dial tcp 103.153.2.125:7000: connect: network is unreachable#033[0m
Nov 13 06:21:42 ravinder-adsb frpc[670]: 2023/11/13 06:21:42 #033[1;34m[I] [service.go:177] [4fead55a7f82f4bc] try to reconnect to server...#033[0m
Nov 13 06:21:42 ravinder-adsb frpc[670]: 2023/11/13 06:21:42 #033[1;33m[W] [service.go:180] [4fead55a7f82f4bc] reconnect to server error: dial tcp 103.153.2.125:7000: connect: network is unreachable#033[0m
Nov 13 06:21:44 ravinder-adsb frpc[670]: 2023/11/13 06:21:44 #033[1;34m[I] [service.go:177] [4fead55a7f82f4bc] try to reconnect to server...#033[0m
Nov 13 06:21:44 ravinder-adsb frpc[670]: 2023/11/13 06:21:44 #033[1;33m[W] [service.go:180] [4fead55a7f82f4bc] reconnect to server error: dial tcp 103.153.2.125:7000: connect: network is unreachable#033[0m
Nov 13 06:21:46 ravinder-adsb frpc[670]: 2023/11/13 06:21:46 #033[1;34m[I] [service.go:177] [4fead55a7f82f4bc] try to reconnect to server...#033[0m
Nov 13 06:21:46 ravinder-adsb frpc[670]: 2023/11/13 06:21:46 #033[1;33m[W] [service.go:180] [4fead55a7f82f4bc] reconnect to server error: dial tcp 103.153.2.125:7000: connect: network is unreachable#033[0m
Nov 13 06:21:48 ravinder-adsb frpc[670]: 2023/11/13 06:21:48 #033[1;34m[I] [service.go:177] [4fead55a7f82f4bc] try to reconnect to server...#033[0m
Nov 13 06:21:48 ravinder-adsb frpc[670]: 2023/11/13 06:21:48 #033[1;33m[W] [service.go:180] [4fead55a7f82f4bc] reconnect to server error: dial tcp 103.153.2.125:7000: connect: network is unreachable#033[0m
Nov 13 06:21:50 ravinder-adsb reconnect-modem.py[471]: PING 8.8.8.8 (8.8.8.8) from 0.0.0.0 wwan0: 0(28) bytes of data.
Nov 13 06:21:50 ravinder-adsb reconnect-modem.py[471]: --- 8.8.8.8 ping statistics ---
Nov 13 06:21:50 ravinder-adsb reconnect-modem.py[471]: 10 packets transmitted, 0 received, 100% packet loss, time 340ms
Nov 13 06:21:50 ravinder-adsb reconnect-modem.py[471]: connect: Network is unreachable
Nov 13 06:21:50 ravinder-adsb frpc[670]: 2023/11/13 06:21:50 #033[1;34m[I] [service.go:177] [4fead55a7f82f4bc] try to reconnect to server...#033[0m
Nov 13 06:21:50 ravinder-adsb frpc[670]: 2023/11/13 06:21:50 #033[1;33m[W] [service.go:180] [4fead55a7f82f4bc] reconnect to server error: dial tcp 103.153.2.125:7000: connect: network is unreachable#033[0m
Nov 13 06:21:52 ravinder-adsb frpc[670]: 2023/11/13 06:21:52 #033[1;34m[I] [service.go:177] [4fead55a7f82f4bc] try to reconnect to server...#033[0m
Nov 13 06:21:52 ravinder-adsb frpc[670]: 2023/11/13 06:21:52 #033[1;33m[W] [service.go:180] [4fead55a7f82f4bc] reconnect to server error: dial tcp 103.153.2.125:7000: connect: network is unreachable#033[0m
Nov 13 06:21:54 ravinder-adsb frpc[670]: 2023/11/13 06:21:54 #033[1;34m[I] [service.go:177] [4fead55a7f82f4bc] try to reconnect to server...#033[0m
Nov 13 06:21:54 ravinder-adsb frpc[670]: 2023/11/13 06:21:54 #033[1;33m[W] [service.go:180] [4fead55a7f82f4bc] reconnect to server error: dial tcp 103.153.2.125:7000: connect: network is unreachable#033[0m
Nov 13 06:21:55 ravinder-adsb reconnect-modem.py[471]: ping: Warning: source address might be selected on device other than wwan0.
Nov 13 06:21:56 ravinder-adsb frpc[670]: 2023/11/13 06:21:56 #033[1;34m[I] [service.go:177] [4fead55a7f82f4bc] try to reconnect to server...#033[0m
Nov 13 06:21:56 ravinder-adsb frpc[670]: 2023/11/13 06:21:56 #033[1;33m[W] [service.go:180] [4fead55a7f82f4bc] reconnect to server error: dial tcp 103.153.2.125:7000: connect: network is unreachable#033[0m
Nov 13 06:21:58 ravinder-adsb frpc[670]: 2023/11/13 06:21:58 #033[1;34m[I] [service.go:177] [4fead55a7f82f4bc] try to reconnect to server...#033[0m
Nov 13 06:21:58 ravinder-adsb frpc[670]: 2023/11/13 06:21:58 #033[1;33m[W] [service.go:180] [4fead55a7f82f4bc] reconnect to server error: dial tcp 103.153.2.125:7000: connect: network is unreachable#033[0m
Nov 13 06:22:00 ravinder-adsb frpc[670]: 2023/11/13 06:22:00 #033[1;34m[I] [service.go:177] [4fead55a7f82f4bc] try to reconnect to server...#033[0m
Nov 13 06:22:00 ravinder-adsb frpc[670]: 2023/11/13 06:22:00 #033[1;33m[W] [service.go:180] [4fead55a7f82f4bc] reconnect to server error: dial tcp 103.153.2.125:7000: connect: network is unreachable#033[0m
Nov 13 06:22:02 ravinder-adsb frpc[670]: 2023/11/13 06:22:02 #033[1;34m[I] [service.go:177] [4fead55a7f82f4bc] try to reconnect to server...#033[0m
Nov 13 06:22:02 ravinder-adsb frpc[670]: 2023/11/13 06:22:02 #033[1;33m[W] [service.go:180] [4fead55a7f82f4bc] reconnect to server error: dial tcp 103.153.2.125:7000: connect: network is unreachable#033[0m
Nov 13 06:22:04 ravinder-adsb frpc[670]: 2023/11/13 06:22:04 #033[1;34m[I] [service.go:177] [4fead55a7f82f4bc] try to reconnect to server...#033[0m
Nov 13 06:22:04 ravinder-adsb frpc[670]: 2023/11/13 06:22:04 #033[1;33m[W] [service.go:180] [4fead55a7f82f4bc] reconnect to server error: dial tcp 103.153.2.125:7000: connect: network is unreachable#033[0m
Nov 13 06:22:05 ravinder-adsb reconnect-modem.py[471]: PING 8.8.8.8 (8.8.8.8) from 0.0.0.0 wwan0: 0(28) bytes of data.
Nov 13 06:22:05 ravinder-adsb reconnect-modem.py[471]: --- 8.8.8.8 ping statistics ---
Nov 13 06:22:05 ravinder-adsb reconnect-modem.py[471]: 10 packets transmitted, 0 received, 100% packet loss, time 344ms
Nov 13 06:22:05 ravinder-adsb reconnect-modem.py[471]: connect: Network is unreachable
Nov 13 06:22:06 ravinder-adsb frpc[670]: 2023/11/13 06:22:06 #033[1;34m[I] [service.go:177] [4fead55a7f82f4bc] try to reconnect to server...#033[0m
Nov 13 06:22:06 ravinder-adsb frpc[670]: 2023/11/13 06:22:06 #033[1;33m[W] [service.go:180] [4fead55a7f82f4bc] reconnect to server error: dial tcp 103.153.2.125:7000: connect: network is unreachable#033[0m
Nov 13 06:22:08 ravinder-adsb frpc[670]: 2023/11/13 06:22:08 #033[1;34m[I] [service.go:177] [4fead55a7f82f4bc] try to reconnect to server...#033[0m
Nov 13 06:22:08 ravinder-adsb frpc[670]: 2023/11/13 06:22:08 #033[1;33m[W] [service.go:180] [4fead55a7f82f4bc] reconnect to server error: dial tcp 103.153.2.125:7000: connect: network is unreachable#033[0m
Nov 13 06:22:10 ravinder-adsb reconnect-modem.py[471]: ping: Warning: source address might be selected on device other than wwan0.
Nov 13 06:22:10 ravinder-adsb frpc[670]: 2023/11/13 06:22:10 #033[1;34m[I] [service.go:177] [4fead55a7f82f4bc] try to reconnect to server...#033[0m
Nov 13 06:22:10 ravinder-adsb frpc[670]: 2023/11/13 06:22:10 #033[1;33m[W] [service.go:180] [4fead55a7f82f4bc] reconnect to server error: dial tcp 103.153.2.125:7000: connect: network is unreachable#033[0m
Nov 13 06:22:12 ravinder-adsb frpc[670]: 2023/11/13 06:22:12 #033[1;34m[I] [service.go:177] [4fead55a7f82f4bc] try to reconnect to server...#033[0m
Nov 13 06:22:12 ravinder-adsb frpc[670]: 2023/11/13 06:22:12 #033[1;33m[W] [service.go:180] [4fead55a7f82f4bc] reconnect to server error: dial tcp 103.153.2.125:7000: connect: network is unreachable#033[0m
Nov 13 06:22:14 ravinder-adsb frpc[670]: 2023/11/13 06:22:14 #033[1;34m[I] [service.go:177] [4fead55a7f82f4bc] try to reconnect to server...#033[0m
Nov 13 06:22:14 ravinder-adsb frpc[670]: 2023/11/13 06:22:14 #033[1;33m[W] [service.go:180] [4fead55a7f82f4bc] reconnect to server error: dial tcp 103.153.2.125:7000: connect: network is unreachable#033[0m
Nov 13 06:22:16 ravinder-adsb frpc[670]: 2023/11/13 06:22:16 #033[1;34m[I] [service.go:177] [4fead55a7f82f4bc] try to reconnect to server...#033[0m
Nov 13 06:22:16 ravinder-adsb frpc[670]: 2023/11/13 06:22:16 #033[1;33m[W] [service.go:180] [4fead55a7f82f4bc] reconnect to server error: dial tcp 103.153.2.125:7000: connect: network is unreachable#033[0m
Nov 13 06:22:18 ravinder-adsb frpc[670]: 2023/11/13 06:22:18 #033[1;34m[I] [service.go:177] [4fead55a7f82f4bc] try to reconnect to server...#033[0m
Nov 13 06:22:18 ravinder-adsb frpc[670]: 2023/11/13 06:22:18 #033[1;33m[W] [service.go:180] [4fead55a7f82f4bc] reconnect to server error: dial tcp 103.153.2.125:7000: connect: network is unreachable#033[0m
Nov 13 06:22:20 ravinder-adsb reconnect-modem.py[471]: PING 8.8.8.8 (8.8.8.8) from 0.0.0.0 wwan0: 0(28) bytes of data.
Nov 13 06:22:20 ravinder-adsb reconnect-modem.py[471]: --- 8.8.8.8 ping statistics ---
Nov 13 06:22:20 ravinder-adsb reconnect-modem.py[471]: 10 packets transmitted, 0 received, 100% packet loss, time 345ms
Nov 13 06:22:20 ravinder-adsb reconnect-modem.py[471]: connect: Network is unreachable
Nov 13 06:22:20 ravinder-adsb frpc[670]: 2023/11/13 06:22:20 #033[1;34m[I] [service.go:177] [4fead55a7f82f4bc] try to reconnect to server...#033[0m
Nov 13 06:22:20 ravinder-adsb frpc[670]: 2023/11/13 06:22:20 #033[1;33m[W] [service.go:180] [4fead55a7f82f4bc] reconnect to server error: dial tcp 103.153.2.125:7000: connect: network is unreachable#033[0m
Nov 13 06:22:22 ravinder-adsb frpc[670]: 2023/11/13 06:22:22 #033[1;34m[I] [service.go:177] [4fead55a7f82f4bc] try to reconnect to server...#033[0m
Nov 13 06:22:22 ravinder-adsb frpc[670]: 2023/11/13 06:22:22 #033[1;33m[W] [service.go:180] [4fead55a7f82f4bc] reconnect to server error: dial tcp 103.153.2.125:7000: connect: network is unreachable#033[0m
Nov 13 06:22:24 ravinder-adsb frpc[670]: 2023/11/13 06:22:24 #033[1;34m[I] [service.go:177] [4fead55a7f82f4bc] try to reconnect to server...#033[0m
Nov 13 06:22:24 ravinder-adsb frpc[670]: 2023/11/13 06:22:24 #033[1;33m[W] [service.go:180] [4fead55a7f82f4bc] reconnect to server error: dial tcp 103.153.2.125:7000: connect: network is unreachable#033[0m
Nov 13 06:22:25 ravinder-adsb reconnect-modem.py[471]: ping: Warning: source address might be selected on device other than wwan0.
Nov 13 06:22:26 ravinder-adsb frpc[670]: 2023/11/13 06:22:26 #033[1;34m[I] [service.go:177] [4fead55a7f82f4bc] try to reconnect to server...#033[0m
Nov 13 06:22:26 ravinder-adsb frpc[670]: 2023/11/13 06:22:26 #033[1;33m[W] [service.go:180] [4fead55a7f82f4bc] reconnect to server error: dial tcp 103.153.2.125:7000: connect: network is unreachable#033[0m
Nov 13 06:22:28 ravinder-adsb frpc[670]: 2023/11/13 06:22:28 #033[1;34m[I] [service.go:177] [4fead55a7f82f4bc] try to reconnect to server...#033[0m
Nov 13 06:22:28 ravinder-adsb frpc[670]: 2023/11/13 06:22:28 #033[1;33m[W] [service.go:180] [4fead55a7f82f4bc] reconnect to server error: dial tcp 103.153.2.125:7000: connect: network is unreachable#033[0m
Nov 13 06:22:30 ravinder-adsb frpc[670]: 2023/11/13 06:22:30 #033[1;34m[I] [service.go:177] [4fead55a7f82f4bc] try to reconnect to server...#033[0m
Nov 13 06:22:30 ravinder-adsb frpc[670]: 2023/11/13 06:22:30 #033[1;33m[W] [service.go:180] [4fead55a7f82f4bc] reconnect to server error: dial tcp 103.153.2.125:7000: connect: network is unreachable#033[0m
Nov 13 06:22:32 ravinder-adsb frpc[670]: 2023/11/13 06:22:32 #033[1;34m[I] [service.go:177] [4fead55a7f82f4bc] try to reconnect to server...#033[0m
Nov 13 06:22:32 ravinder-adsb frpc[670]: 2023/11/13 06:22:32 #033[1;33m[W] [service.go:180] [4fead55a7f82f4bc] reconnect to server error: dial tcp 103.153.2.125:7000: connect: network is unreachable#033[0m
Nov 13 06:22:34 ravinder-adsb frpc[670]: 2023/11/13 06:22:34 #033[1;34m[I] [service.go:177] [4fead55a7f82f4bc] try to reconnect to server...#033[0m
Nov 13 06:22:34 ravinder-adsb frpc[670]: 2023/11/13 06:22:34 #033[1;33m[W] [service.go:180] [4fead55a7f82f4bc] reconnect to server error: dial tcp 103.153.2.125:7000: connect: network is unreachable#033[0m
Nov 13 06:22:35 ravinder-adsb reconnect-modem.py[471]: PING 8.8.8.8 (8.8.8.8) from 0.0.0.0 wwan0: 0(28) bytes of data.
Nov 13 06:22:35 ravinder-adsb reconnect-modem.py[471]: --- 8.8.8.8 ping statistics ---
Nov 13 06:22:35 ravinder-adsb reconnect-modem.py[471]: 10 packets transmitted, 0 received, 100% packet loss, time 346ms
Nov 13 06:22:35 ravinder-adsb reconnect-modem.py[471]: connect: Network is unreachable
Nov 13 06:22:36 ravinder-adsb frpc[670]: 2023/11/13 06:22:36 #033[1;34m[I] [service.go:177] [4fead55a7f82f4bc] try to reconnect to server...#033[0m
Nov 13 06:22:36 ravinder-adsb frpc[670]: 2023/11/13 06:22:36 #033[1;33m[W] [service.go:180] [4fead55a7f82f4bc] reconnect to server error: dial tcp 103.153.2.125:7000: connect: network is unreachable#033[0m
Nov 13 06:22:38 ravinder-adsb frpc[670]: 2023/11/13 06:22:38 #033[1;34m[I] [service.go:177] [4fead55a7f82f4bc] try to reconnect to server...#033[0m
Nov 13 06:22:38 ravinder-adsb frpc[670]: 2023/11/13 06:22:38 #033[1;33m[W] [service.go:180] [4fead55a7f82f4bc] reconnect to server error: dial tcp 103.153.2.125:7000: connect: network is unreachable#033[0m
Nov 13 06:22:40 ravinder-adsb reconnect-modem.py[471]: ping: Warning: source address might be selected on device other than wwan0.
Nov 13 06:22:40 ravinder-adsb frpc[670]: 2023/11/13 06:22:40 #033[1;34m[I] [service.go:177] [4fead55a7f82f4bc] try to reconnect to server...#033[0m
Nov 13 06:22:40 ravinder-adsb frpc[670]: 2023/11/13 06:22:40 #033[1;33m[W] [service.go:180] [4fead55a7f82f4bc] reconnect to server error: dial tcp 103.153.2.125:7000: connect: network is unreachable#033[0m
Nov 13 06:22:42 ravinder-adsb frpc[670]: 2023/11/13 06:22:42 #033[1;34m[I] [service.go:177] [4fead55a7f82f4bc] try to reconnect to server...#033[0m
Nov 13 06:22:42 ravinder-adsb frpc[670]: 2023/11/13 06:22:42 #033[1;33m[W] [service.go:180] [4fead55a7f82f4bc] reconnect to server error: dial tcp 103.153.2.125:7000: connect: network is unreachable#033[0m
Nov 13 06:22:44 ravinder-adsb frpc[670]: 2023/11/13 06:22:44 #033[1;34m[I] [service.go:177] [4fead55a7f82f4bc] try to reconnect to server...#033[0m
Nov 13 06:22:44 ravinder-adsb frpc[670]: 2023/11/13 06:22:44 #033[1;33m[W] [service.go:180] [4fead55a7f82f4bc] reconnect to server error: dial tcp 103.153.2.125:7000: connect: network is unreachable#033[0m
Nov 13 06:22:46 ravinder-adsb frpc[670]: 2023/11/13 06:22:46 #033[1;34m[I] [service.go:177] [4fead55a7f82f4bc] try to reconnect to server...#033[0m
Nov 13 06:22:46 ravinder-adsb frpc[670]: 2023/11/13 06:22:46 #033[1;33m[W] [service.go:180] [4fead55a7f82f4bc] reconnect to server error: dial tcp 103.153.2.125:7000: connect: network is unreachable#033[0m
Nov 13 06:22:48 ravinder-adsb frpc[670]: 2023/11/13 06:22:48 #033[1;34m[I] [service.go:177] [4fead55a7f82f4bc] try to reconnect to server...#033[0m
Nov 13 06:22:48 ravinder-adsb frpc[670]: 2023/11/13 06:22:48 #033[1;33m[W] [service.go:180] [4fead55a7f82f4bc] reconnect to server error: dial tcp 103.153.2.125:7000: connect: network is unreachable#033[0m
Nov 13 06:22:50 ravinder-adsb reconnect-modem.py[471]: PING 8.8.8.8 (8.8.8.8) from 0.0.0.0 wwan0: 0(28) bytes of data.
Nov 13 06:22:50 ravinder-adsb reconnect-modem.py[471]: --- 8.8.8.8 ping statistics ---
Nov 13 06:22:50 ravinder-adsb reconnect-modem.py[471]: 10 packets transmitted, 0 received, 100% packet loss, time 348ms
Nov 13 06:22:50 ravinder-adsb reconnect-modem.py[471]: connect: Network is unreachable
Nov 13 06:22:50 ravinder-adsb frpc[670]: 2023/11/13 06:22:50 #033[1;34m[I] [service.go:177] [4fead55a7f82f4bc] try to reconnect to server...#033[0m
Nov 13 06:22:50 ravinder-adsb frpc[670]: 2023/11/13 06:22:50 #033[1;33m[W] [service.go:180] [4fead55a7f82f4bc] reconnect to server error: dial tcp 103.153.2.125:7000: connect: network is unreachable#033[0m
Nov 13 06:22:52 ravinder-adsb frpc[670]: 2023/11/13 06:22:52 #033[1;34m[I] [service.go:177] [4fead55a7f82f4bc] try to reconnect to server...#033[0m
Nov 13 06:22:52 ravinder-adsb frpc[670]: 2023/11/13 06:22:52 #033[1;33m[W] [service.go:180] [4fead55a7f82f4bc] reconnect to server error: dial tcp 103.153.2.125:7000: connect: network is unreachable#033[0m
Nov 13 06:22:54 ravinder-adsb frpc[670]: 2023/11/13 06:22:54 #033[1;34m[I] [service.go:177] [4fead55a7f82f4bc] try to reconnect to server...#033[0m
Nov 13 06:22:54 ravinder-adsb frpc[670]: 2023/11/13 06:22:54 #033[1;33m[W] [service.go:180] [4fead55a7f82f4bc] reconnect to server error: dial tcp 103.153.2.125:7000: connect: network is unreachable#033[0m
Nov 13 06:22:55 ravinder-adsb reconnect-modem.py[471]: ping: Warning: source address might be selected on device other than wwan0.
Nov 13 06:22:56 ravinder-adsb frpc[670]: 2023/11/13 06:22:56 #033[1;34m[I] [service.go:177] [4fead55a7f82f4bc] try to reconnect to server...#033[0m
Nov 13 06:22:56 ravinder-adsb frpc[670]: 2023/11/13 06:22:56 #033[1;33m[W] [service.go:180] [4fead55a7f82f4bc] reconnect to server error: dial tcp 103.153.2.125:7000: connect: network is unreachable#033[0m
Nov 13 06:22:58 ravinder-adsb frpc[670]: 2023/11/13 06:22:58 #033[1;34m[I] [service.go:177] [4fead55a7f82f4bc] try to reconnect to server...#033[0m
Nov 13 06:22:58 ravinder-adsb frpc[670]: 2023/11/13 06:22:58 #033[1;33m[W] [service.go:180] [4fead55a7f82f4bc] reconnect to server error: dial tcp 103.153.2.125:7000: connect: network is unreachable#033[0m
Nov 13 06:23:00 ravinder-adsb frpc[670]: 2023/11/13 06:23:00 #033[1;34m[I] [service.go:177] [4fead55a7f82f4bc] try to reconnect to server...#033[0m
Nov 13 06:23:00 ravinder-adsb frpc[670]: 2023/11/13 06:23:00 #033[1;33m[W] [service.go:180] [4fead55a7f82f4bc] reconnect to server error: dial tcp 103.153.2.125:7000: connect: network is unreachable#033[0m
Nov 13 06:23:02 ravinder-adsb frpc[670]: 2023/11/13 06:23:02 #033[1;34m[I] [service.go:177] [4fead55a7f82f4bc] try to reconnect to server...#033[0m
Nov 13 06:23:02 ravinder-adsb frpc[670]: 2023/11/13 06:23:02 #033[1;33m[W] [service.go:180] [4fead55a7f82f4bc] reconnect to server error: dial tcp 103.153.2.125:7000: connect: network is unreachable#033[0m
Nov 13 06:23:04 ravinder-adsb frpc[670]: 2023/11/13 06:23:04 #033[1;34m[I] [service.go:177] [4fead55a7f82f4bc] try to reconnect to server...#033[0m
Nov 13 06:23:04 ravinder-adsb frpc[670]: 2023/11/13 06:23:04 #033[1;33m[W] [service.go:180] [4fead55a7f82f4bc] reconnect to server error: dial tcp 103.153.2.125:7000: connect: network is unreachable#033[0m
Nov 13 06:23:05 ravinder-adsb reconnect-modem.py[471]: PING 8.8.8.8 (8.8.8.8) from 0.0.0.0 wwan0: 0(28) bytes of data.
Nov 13 06:23:05 ravinder-adsb reconnect-modem.py[471]: --- 8.8.8.8 ping statistics ---
Nov 13 06:23:05 ravinder-adsb reconnect-modem.py[471]: 10 packets transmitted, 0 received, 100% packet loss, time 349ms
Nov 13 06:23:05 ravinder-adsb reconnect-modem.py[471]: connect: Network is unreachable
Nov 13 06:23:06 ravinder-adsb frpc[670]: 2023/11/13 06:23:06 #033[1;34m[I] [service.go:177] [4fead55a7f82f4bc] try to reconnect to server...#033[0m
Nov 13 06:23:06 ravinder-adsb frpc[670]: 2023/11/13 06:23:06 #033[1;33m[W] [service.go:180] [4fead55a7f82f4bc] reconnect to server error: dial tcp 103.153.2.125:7000: connect: network is unreachable#033[0m
Nov 13 06:23:08 ravinder-adsb frpc[670]: 2023/11/13 06:23:08 #033[1;34m[I] [service.go:177] [4fead55a7f82f4bc] try to reconnect to server...#033[0m
Nov 13 06:23:08 ravinder-adsb frpc[670]: 2023/11/13 06:23:08 #033[1;33m[W] [service.go:180] [4fead55a7f82f4bc] reconnect to server error: dial tcp 103.153.2.125:7000: connect: network is unreachable#033[0m
Nov 13 06:23:10 ravinder-adsb frpc[670]: 2023/11/13 06:23:10 #033[1;34m[I] [service.go:177] [4fead55a7f82f4bc] try to reconnect to server...#033[0m
Nov 13 06:23:10 ravinder-adsb frpc[670]: 2023/11/13 06:23:10 #033[1;33m[W] [service.go:180] [4fead55a7f82f4bc] reconnect to server error: dial tcp 103.153.2.125:7000: connect: network is unreachable#033[0m
Nov 13 06:23:10 ravinder-adsb reconnect-modem.py[471]: ping: Warning: source address might be selected on device other than wwan0.
Nov 13 06:23:12 ravinder-adsb frpc[670]: 2023/11/13 06:23:12 #033[1;34m[I] [service.go:177] [4fead55a7f82f4bc] try to reconnect to server...#033[0m
Nov 13 06:23:12 ravinder-adsb frpc[670]: 2023/11/13 06:23:12 #033[1;33m[W] [service.go:180] [4fead55a7f82f4bc] reconnect to server error: dial tcp 103.153.2.125:7000: connect: network is unreachable#033[0m
Nov 13 06:23:14 ravinder-adsb frpc[670]: 2023/11/13 06:23:14 #033[1;34m[I] [service.go:177] [4fead55a7f82f4bc] try to reconnect to server...#033[0m
Nov 13 06:23:14 ravinder-adsb frpc[670]: 2023/11/13 06:23:14 #033[1;33m[W] [service.go:180] [4fead55a7f82f4bc] reconnect to server error: dial tcp 103.153.2.125:7000: connect: network is unreachable#033[0m
Nov 13 06:23:16 ravinder-adsb frpc[670]: 2023/11/13 06:23:16 #033[1;34m[I] [service.go:177] [4fead55a7f82f4bc] try to reconnect to server...#033[0m
Nov 13 06:23:16 ravinder-adsb frpc[670]: 2023/11/13 06:23:16 #033[1;33m[W] [service.go:180] [4fead55a7f82f4bc] reconnect to server error: dial tcp 103.153.2.125:7000: connect: network is unreachable#033[0m
Nov 13 06:23:18 ravinder-adsb frpc[670]: 2023/11/13 06:23:18 #033[1;34m[I] [service.go:177] [4fead55a7f82f4bc] try to reconnect to server...#033[0m
Nov 13 06:23:18 ravinder-adsb frpc[670]: 2023/11/13 06:23:18 #033[1;33m[W] [service.go:180] [4fead55a7f82f4bc] reconnect to server error: dial tcp 103.153.2.125:7000: connect: network is unreachable#033[0m
Nov 13 06:23:20 ravinder-adsb frpc[670]: 2023/11/13 06:23:20 #033[1;34m[I] [service.go:177] [4fead55a7f82f4bc] try to reconnect to server...#033[0m
Nov 13 06:23:20 ravinder-adsb frpc[670]: 2023/11/13 06:23:20 #033[1;33m[W] [service.go:180] [4fead55a7f82f4bc] reconnect to server error: dial tcp 103.153.2.125:7000: connect: network is unreachable#033[0m
Nov 13 06:23:20 ravinder-adsb reconnect-modem.py[471]: PING 8.8.8.8 (8.8.8.8) from 0.0.0.0 wwan0: 0(28) bytes of data.
Nov 13 06:23:20 ravinder-adsb reconnect-modem.py[471]: --- 8.8.8.8 ping statistics ---
Nov 13 06:23:20 ravinder-adsb reconnect-modem.py[471]: 10 packets transmitted, 0 received, 100% packet loss, time 351ms
Nov 13 06:23:20 ravinder-adsb reconnect-modem.py[471]: connect: Network is unreachable
Nov 13 06:23:22 ravinder-adsb frpc[670]: 2023/11/13 06:23:22 #033[1;34m[I] [service.go:177] [4fead55a7f82f4bc] try to reconnect to server...#033[0m
Nov 13 06:23:22 ravinder-adsb frpc[670]: 2023/11/13 06:23:22 #033[1;33m[W] [service.go:180] [4fead55a7f82f4bc] reconnect to server error: dial tcp 103.153.2.125:7000: connect: network is unreachable#033[0m
Nov 13 06:23:24 ravinder-adsb frpc[670]: 2023/11/13 06:23:24 #033[1;34m[I] [service.go:177] [4fead55a7f82f4bc] try to reconnect to server...#033[0m
Nov 13 06:23:24 ravinder-adsb frpc[670]: 2023/11/13 06:23:24 #033[1;33m[W] [service.go:180] [4fead55a7f82f4bc] reconnect to server error: dial tcp 103.153.2.125:7000: connect: network is unreachable#033[0m
Nov 13 06:23:25 ravinder-adsb reconnect-modem.py[471]: ping: Warning: source address might be selected on device other than wwan0.
Nov 13 06:23:26 ravinder-adsb frpc[670]: 2023/11/13 06:23:26 #033[1;34m[I] [service.go:177] [4fead55a7f82f4bc] try to reconnect to server...#033[0m
Nov 13 06:23:26 ravinder-adsb frpc[670]: 2023/11/13 06:23:26 #033[1;33m[W] [service.go:180] [4fead55a7f82f4bc] reconnect to server error: dial tcp 103.153.2.125:7000: connect: network is unreachable#033[0m
Nov 13 06:23:28 ravinder-adsb frpc[670]: 2023/11/13 06:23:28 #033[1;34m[I] [service.go:177] [4fead55a7f82f4bc] try to reconnect to server...#033[0m
Nov 13 06:23:28 ravinder-adsb frpc[670]: 2023/11/13 06:23:28 #033[1;33m[W] [service.go:180] [4fead55a7f82f4bc] reconnect to server error: dial tcp 103.153.2.125:7000: connect: network is unreachable#033[0m
Nov 13 06:23:30 ravinder-adsb frpc[670]: 2023/11/13 06:23:30 #033[1;34m[I] [service.go:177] [4fead55a7f82f4bc] try to reconnect to server...#033[0m
Nov 13 06:23:30 ravinder-adsb frpc[670]: 2023/11/13 06:23:30 #033[1;33m[W] [service.go:180] [4fead55a7f82f4bc] reconnect to server error: dial tcp 103.153.2.125:7000: connect: network is unreachable#033[0m
Nov 13 06:23:32 ravinder-adsb frpc[670]: 2023/11/13 06:23:32 #033[1;34m[I] [service.go:177] [4fead55a7f82f4bc] try to reconnect to server...#033[0m
Nov 13 06:23:32 ravinder-adsb frpc[670]: 2023/11/13 06:23:32 #033[1;33m[W] [service.go:180] [4fead55a7f82f4bc] reconnect to server error: dial tcp 103.153.2.125:7000: connect: network is unreachable#033[0m
Nov 13 06:23:34 ravinder-adsb frpc[670]: 2023/11/13 06:23:34 #033[1;34m[I] [service.go:177] [4fead55a7f82f4bc] try to reconnect to server...#033[0m
Nov 13 06:23:34 ravinder-adsb frpc[670]: 2023/11/13 06:23:34 #033[1;33m[W] [service.go:180] [4fead55a7f82f4bc] reconnect to server error: dial tcp 103.153.2.125:7000: connect: network is unreachable#033[0m
Nov 13 06:23:35 ravinder-adsb reconnect-modem.py[471]: PING 8.8.8.8 (8.8.8.8) from 0.0.0.0 wwan0: 0(28) bytes of data.
Nov 13 06:23:35 ravinder-adsb reconnect-modem.py[471]: --- 8.8.8.8 ping statistics ---
Nov 13 06:23:35 ravinder-adsb reconnect-modem.py[471]: 10 packets transmitted, 0 received, 100% packet loss, time 356ms
Nov 13 06:23:35 ravinder-adsb reconnect-modem.py[471]: connect: Network is unreachable
Nov 13 06:23:36 ravinder-adsb frpc[670]: 2023/11/13 06:23:36 #033[1;34m[I] [service.go:177] [4fead55a7f82f4bc] try to reconnect to server...#033[0m
Nov 13 06:23:36 ravinder-adsb frpc[670]: 2023/11/13 06:23:36 #033[1;33m[W] [service.go:180] [4fead55a7f82f4bc] reconnect to server error: dial tcp 103.153.2.125:7000: connect: network is unreachable#033[0m
Nov 13 06:23:38 ravinder-adsb frpc[670]: 2023/11/13 06:23:38 #033[1;34m[I] [service.go:177] [4fead55a7f82f4bc] try to reconnect to server...#033[0m
Nov 13 06:23:38 ravinder-adsb frpc[670]: 2023/11/13 06:23:38 #033[1;33m[W] [service.go:180] [4fead55a7f82f4bc] reconnect to server error: dial tcp 103.153.2.125:7000: connect: network is unreachable#033[0m
Nov 13 06:23:40 ravinder-adsb frpc[670]: 2023/11/13 06:23:40 #033[1;34m[I] [service.go:177] [4fead55a7f82f4bc] try to reconnect to server...#033[0m
Nov 13 06:23:40 ravinder-adsb frpc[670]: 2023/11/13 06:23:40 #033[1;33m[W] [service.go:180] [4fead55a7f82f4bc] reconnect to server error: dial tcp 103.153.2.125:7000: connect: network is unreachable#033[0m
Nov 13 06:23:40 ravinder-adsb reconnect-modem.py[471]: ping: Warning: source address might be selected on device other than wwan0.
Nov 13 06:23:42 ravinder-adsb frpc[670]: 2023/11/13 06:23:42 #033[1;34m[I] [service.go:177] [4fead55a7f82f4bc] try to reconnect to server...#033[0m
Nov 13 06:23:42 ravinder-adsb frpc[670]: 2023/11/13 06:23:42 #033[1;33m[W] [service.go:180] [4fead55a7f82f4bc] reconnect to server error: dial tcp 103.153.2.125:7000: connect: network is unreachable#033[0m
Nov 13 06:23:44 ravinder-adsb frpc[670]: 2023/11/13 06:23:44 #033[1;34m[I] [service.go:177] [4fead55a7f82f4bc] try to reconnect to server...#033[0m
Nov 13 06:23:44 ravinder-adsb frpc[670]: 2023/11/13 06:23:44 #033[1;33m[W] [service.go:180] [4fead55a7f82f4bc] reconnect to server error: dial tcp 103.153.2.125:7000: connect: network is unreachable#033[0m
Nov 13 06:23:46 ravinder-adsb frpc[670]: 2023/11/13 06:23:46 #033[1;34m[I] [service.go:177] [4fead55a7f82f4bc] try to reconnect to server...#033[0m
Nov 13 06:23:46 ravinder-adsb frpc[670]: 2023/11/13 06:23:46 #033[1;33m[W] [service.go:180] [4fead55a7f82f4bc] reconnect to server error: dial tcp 103.153.2.125:7000: connect: network is unreachable#033[0m
Nov 13 06:23:48 ravinder-adsb frpc[670]: 2023/11/13 06:23:48 #033[1;34m[I] [service.go:177] [4fead55a7f82f4bc] try to reconnect to server...#033[0m
Nov 13 06:23:48 ravinder-adsb frpc[670]: 2023/11/13 06:23:48 #033[1;33m[W] [service.go:180] [4fead55a7f82f4bc] reconnect to server error: dial tcp 103.153.2.125:7000: connect: network is unreachable#033[0m
Nov 13 06:23:50 ravinder-adsb frpc[670]: 2023/11/13 06:23:50 #033[1;34m[I] [service.go:177] [4fead55a7f82f4bc] try to reconnect to server...#033[0m
Nov 13 06:23:50 ravinder-adsb frpc[670]: 2023/11/13 06:23:50 #033[1;33m[W] [service.go:180] [4fead55a7f82f4bc] reconnect to server error: dial tcp 103.153.2.125:7000: connect: network is unreachable#033[0m
Nov 13 06:23:50 ravinder-adsb reconnect-modem.py[471]: PING 8.8.8.8 (8.8.8.8) from 0.0.0.0 wwan0: 0(28) bytes of data.
Nov 13 06:23:50 ravinder-adsb reconnect-modem.py[471]: --- 8.8.8.8 ping statistics ---
Nov 13 06:23:50 ravinder-adsb reconnect-modem.py[471]: 10 packets transmitted, 0 received, 100% packet loss, time 357ms
Nov 13 06:23:50 ravinder-adsb reconnect-modem.py[471]: connect: Network is unreachable
Nov 13 06:23:52 ravinder-adsb frpc[670]: 2023/11/13 06:23:52 #033[1;34m[I] [service.go:177] [4fead55a7f82f4bc] try to reconnect to server...#033[0m
Nov 13 06:23:52 ravinder-adsb frpc[670]: 2023/11/13 06:23:52 #033[1;33m[W] [service.go:180] [4fead55a7f82f4bc] reconnect to server error: dial tcp 103.153.2.125:7000: connect: network is unreachable#033[0m
Nov 13 06:23:54 ravinder-adsb frpc[670]: 2023/11/13 06:23:54 #033[1;34m[I] [service.go:177] [4fead55a7f82f4bc] try to reconnect to server...#033[0m
Nov 13 06:23:54 ravinder-adsb frpc[670]: 2023/11/13 06:23:54 #033[1;33m[W] [service.go:180] [4fead55a7f82f4bc] reconnect to server error: dial tcp 103.153.2.125:7000: connect: network is unreachable#033[0m
Nov 13 06:23:55 ravinder-adsb reconnect-modem.py[471]: ping: Warning: source address might be selected on device other than wwan0.
Nov 13 06:23:56 ravinder-adsb frpc[670]: 2023/11/13 06:23:56 #033[1;34m[I] [service.go:177] [4fead55a7f82f4bc] try to reconnect to server...#033[0m
Nov 13 06:23:56 ravinder-adsb frpc[670]: 2023/11/13 06:23:56 #033[1;33m[W] [service.go:180] [4fead55a7f82f4bc] reconnect to server error: dial tcp 103.153.2.125:7000: connect: network is unreachable#033[0m
Nov 13 06:23:58 ravinder-adsb frpc[670]: 2023/11/13 06:23:58 #033[1;34m[I] [service.go:177] [4fead55a7f82f4bc] try to reconnect to server...#033[0m
Nov 13 06:23:58 ravinder-adsb frpc[670]: 2023/11/13 06:23:58 #033[1;33m[W] [service.go:180] [4fead55a7f82f4bc] reconnect to server error: dial tcp 103.153.2.125:7000: connect: network is unreachable#033[0m
Nov 13 06:24:00 ravinder-adsb frpc[670]: 2023/11/13 06:24:00 #033[1;34m[I] [service.go:177] [4fead55a7f82f4bc] try to reconnect to server...#033[0m
Nov 13 06:24:00 ravinder-adsb frpc[670]: 2023/11/13 06:24:00 #033[1;33m[W] [service.go:180] [4fead55a7f82f4bc] reconnect to server error: dial tcp 103.153.2.125:7000: connect: network is unreachable#033[0m
Nov 13 06:24:02 ravinder-adsb frpc[670]: 2023/11/13 06:24:02 #033[1;34m[I] [service.go:177] [4fead55a7f82f4bc] try to reconnect to server...#033[0m
Nov 13 06:24:02 ravinder-adsb frpc[670]: 2023/11/13 06:24:02 #033[1;33m[W] [service.go:180] [4fead55a7f82f4bc] reconnect to server error: dial tcp 103.153.2.125:7000: connect: network is unreachable#033[0m
Nov 13 06:24:04 ravinder-adsb frpc[670]: 2023/11/13 06:24:04 #033[1;34m[I] [service.go:177] [4fead55a7f82f4bc] try to reconnect to server...#033[0m
Nov 13 06:24:04 ravinder-adsb frpc[670]: 2023/11/13 06:24:04 #033[1;33m[W] [service.go:180] [4fead55a7f82f4bc] reconnect to server error: dial tcp 103.153.2.125:7000: connect: network is unreachable#033[0m
Nov 13 06:24:05 ravinder-adsb reconnect-modem.py[471]: PING 8.8.8.8 (8.8.8.8) from 0.0.0.0 wwan0: 0(28) bytes of data.
Nov 13 06:24:05 ravinder-adsb reconnect-modem.py[471]: --- 8.8.8.8 ping statistics ---
Nov 13 06:24:05 ravinder-adsb reconnect-modem.py[471]: 10 packets transmitted, 0 received, 100% packet loss, time 360ms
Nov 13 06:24:05 ravinder-adsb reconnect-modem.py[471]: connect: Network is unreachable
Nov 13 06:24:06 ravinder-adsb frpc[670]: 2023/11/13 06:24:06 #033[1;34m[I] [service.go:177] [4fead55a7f82f4bc] try to reconnect to server...#033[0m
Nov 13 06:24:06 ravinder-adsb frpc[670]: 2023/11/13 06:24:06 #033[1;33m[W] [service.go:180] [4fead55a7f82f4bc] reconnect to server error: dial tcp 103.153.2.125:7000: connect: network is unreachable#033[0m
Nov 13 06:24:08 ravinder-adsb frpc[670]: 2023/11/13 06:24:08 #033[1;34m[I] [service.go:177] [4fead55a7f82f4bc] try to reconnect to server...#033[0m
Nov 13 06:24:08 ravinder-adsb frpc[670]: 2023/11/13 06:24:08 #033[1;33m[W] [service.go:180] [4fead55a7f82f4bc] reconnect to server error: dial tcp 103.153.2.125:7000: connect: network is unreachable#033[0m
Nov 13 06:24:10 ravinder-adsb frpc[670]: 2023/11/13 06:24:10 #033[1;34m[I] [service.go:177] [4fead55a7f82f4bc] try to reconnect to server...#033[0m
Nov 13 06:24:10 ravinder-adsb frpc[670]: 2023/11/13 06:24:10 #033[1;33m[W] [service.go:180] [4fead55a7f82f4bc] reconnect to server error: dial tcp 103.153.2.125:7000: connect: network is unreachable#033[0m
Nov 13 06:24:10 ravinder-adsb reconnect-modem.py[471]: ping: Warning: source address might be selected on device other than wwan0.
Nov 13 06:24:12 ravinder-adsb frpc[670]: 2023/11/13 06:24:12 #033[1;34m[I] [service.go:177] [4fead55a7f82f4bc] try to reconnect to server...#033[0m
Nov 13 06:24:12 ravinder-adsb frpc[670]: 2023/11/13 06:24:12 #033[1;33m[W] [service.go:180] [4fead55a7f82f4bc] reconnect to server error: dial tcp 103.153.2.125:7000: connect: network is unreachable#033[0m
Nov 13 06:24:14 ravinder-adsb frpc[670]: 2023/11/13 06:24:14 #033[1;34m[I] [service.go:177] [4fead55a7f82f4bc] try to reconnect to server...#033[0m
Nov 13 06:24:14 ravinder-adsb frpc[670]: 2023/11/13 06:24:14 #033[1;33m[W] [service.go:180] [4fead55a7f82f4bc] reconnect to server error: dial tcp 103.153.2.125:7000: connect: network is unreachable#033[0m
Nov 13 06:24:16 ravinder-adsb frpc[670]: 2023/11/13 06:24:16 #033[1;34m[I] [service.go:177] [4fead55a7f82f4bc] try to reconnect to server...#033[0m
Nov 13 06:24:16 ravinder-adsb frpc[670]: 2023/11/13 06:24:16 #033[1;33m[W] [service.go:180] [4fead55a7f82f4bc] reconnect to server error: dial tcp 103.153.2.125:7000: connect: network is unreachable#033[0m
Nov 13 06:24:18 ravinder-adsb frpc[670]: 2023/11/13 06:24:18 #033[1;34m[I] [service.go:177] [4fead55a7f82f4bc] try to reconnect to server...#033[0m
Nov 13 06:24:18 ravinder-adsb frpc[670]: 2023/11/13 06:24:18 #033[1;33m[W] [service.go:180] [4fead55a7f82f4bc] reconnect to server error: dial tcp 103.153.2.125:7000: connect: network is unreachable#033[0m
Nov 13 06:24:20 ravinder-adsb frpc[670]: 2023/11/13 06:24:20 #033[1;34m[I] [service.go:177] [4fead55a7f82f4bc] try to reconnect to server...#033[0m
Nov 13 06:24:20 ravinder-adsb frpc[670]: 2023/11/13 06:24:20 #033[1;33m[W] [service.go:180] [4fead55a7f82f4bc] reconnect to server error: dial tcp 103.153.2.125:7000: connect: network is unreachable#033[0m
Nov 13 06:24:20 ravinder-adsb reconnect-modem.py[471]: PING 8.8.8.8 (8.8.8.8) from 0.0.0.0 wwan0: 0(28) bytes of data.
Nov 13 06:24:20 ravinder-adsb reconnect-modem.py[471]: --- 8.8.8.8 ping statistics ---
Nov 13 06:24:20 ravinder-adsb reconnect-modem.py[471]: 10 packets transmitted, 0 received, 100% packet loss, time 364ms
Nov 13 06:24:20 ravinder-adsb reconnect-modem.py[471]: connect: Network is unreachable
Nov 13 06:24:22 ravinder-adsb frpc[670]: 2023/11/13 06:24:22 #033[1;34m[I] [service.go:177] [4fead55a7f82f4bc] try to reconnect to server...#033[0m
Nov 13 06:24:22 ravinder-adsb frpc[670]: 2023/11/13 06:24:22 #033[1;33m[W] [service.go:180] [4fead55a7f82f4bc] reconnect to server error: dial tcp 103.153.2.125:7000: connect: network is unreachable#033[0m
Nov 13 06:24:24 ravinder-adsb frpc[670]: 2023/11/13 06:24:24 #033[1;34m[I] [service.go:177] [4fead55a7f82f4bc] try to reconnect to server...#033[0m
Nov 13 06:24:24 ravinder-adsb frpc[670]: 2023/11/13 06:24:24 #033[1;33m[W] [service.go:180] [4fead55a7f82f4bc] reconnect to server error: dial tcp 103.153.2.125:7000: connect: network is unreachable#033[0m
Nov 13 06:24:25 ravinder-adsb reconnect-modem.py[471]: ping: Warning: source address might be selected on device other than wwan0.
Nov 13 06:24:26 ravinder-adsb frpc[670]: 2023/11/13 06:24:26 #033[1;34m[I] [service.go:177] [4fead55a7f82f4bc] try to reconnect to server...#033[0m
Nov 13 06:24:26 ravinder-adsb frpc[670]: 2023/11/13 06:24:26 #033[1;33m[W] [service.go:180] [4fead55a7f82f4bc] reconnect to server error: dial tcp 103.153.2.125:7000: connect: network is unreachable#033[0m
Nov 13 06:24:28 ravinder-adsb frpc[670]: 2023/11/13 06:24:28 #033[1;34m[I] [service.go:177] [4fead55a7f82f4bc] try to reconnect to server...#033[0m
Nov 13 06:24:28 ravinder-adsb frpc[670]: 2023/11/13 06:24:28 #033[1;33m[W] [service.go:180] [4fead55a7f82f4bc] reconnect to server error: dial tcp 103.153.2.125:7000: connect: network is unreachable#033[0m
Nov 13 06:24:30 ravinder-adsb frpc[670]: 2023/11/13 06:24:30 #033[1;34m[I] [service.go:177] [4fead55a7f82f4bc] try to reconnect to server...#033[0m
Nov 13 06:24:30 ravinder-adsb frpc[670]: 2023/11/13 06:24:30 #033[1;33m[W] [service.go:180] [4fead55a7f82f4bc] reconnect to server error: dial tcp 103.153.2.125:7000: connect: network is unreachable#033[0m
Nov 13 06:24:32 ravinder-adsb frpc[670]: 2023/11/13 06:24:32 #033[1;34m[I] [service.go:177] [4fead55a7f82f4bc] try to reconnect to server...#033[0m
Nov 13 06:24:32 ravinder-adsb frpc[670]: 2023/11/13 06:24:32 #033[1;33m[W] [service.go:180] [4fead55a7f82f4bc] reconnect to server error: dial tcp 103.153.2.125:7000: connect: network is unreachable#033[0m
Nov 13 06:24:34 ravinder-adsb frpc[670]: 2023/11/13 06:24:34 #033[1;34m[I] [service.go:177] [4fead55a7f82f4bc] try to reconnect to server...#033[0m
Nov 13 06:24:34 ravinder-adsb frpc[670]: 2023/11/13 06:24:34 #033[1;33m[W] [service.go:180] [4fead55a7f82f4bc] reconnect to server error: dial tcp 103.153.2.125:7000: connect: network is unreachable#033[0m
Nov 13 06:24:35 ravinder-adsb reconnect-modem.py[471]: PING 8.8.8.8 (8.8.8.8) from 0.0.0.0 wwan0: 0(28) bytes of data.
Nov 13 06:24:35 ravinder-adsb reconnect-modem.py[471]: --- 8.8.8.8 ping statistics ---
Nov 13 06:24:35 ravinder-adsb reconnect-modem.py[471]: 10 packets transmitted, 0 received, 100% packet loss, time 363ms
Nov 13 06:24:35 ravinder-adsb reconnect-modem.py[471]: connect: Network is unreachable
Nov 13 06:24:36 ravinder-adsb frpc[670]: 2023/11/13 06:24:36 #033[1;34m[I] [service.go:177] [4fead55a7f82f4bc] try to reconnect to server...#033[0m
Nov 13 06:24:36 ravinder-adsb frpc[670]: 2023/11/13 06:24:36 #033[1;33m[W] [service.go:180] [4fead55a7f82f4bc] reconnect to server error: dial tcp 103.153.2.125:7000: connect: network is unreachable#033[0m
Nov 13 06:24:38 ravinder-adsb frpc[670]: 2023/11/13 06:24:38 #033[1;34m[I] [service.go:177] [4fead55a7f82f4bc] try to reconnect to server...#033[0m
Nov 13 06:24:38 ravinder-adsb frpc[670]: 2023/11/13 06:24:38 #033[1;33m[W] [service.go:180] [4fead55a7f82f4bc] reconnect to server error: dial tcp 103.153.2.125:7000: connect: network is unreachable#033[0m
Nov 13 06:24:40 ravinder-adsb frpc[670]: 2023/11/13 06:24:40 #033[1;34m[I] [service.go:177] [4fead55a7f82f4bc] try to reconnect to server...#033[0m
Nov 13 06:24:40 ravinder-adsb frpc[670]: 2023/11/13 06:24:40 #033[1;33m[W] [service.go:180] [4fead55a7f82f4bc] reconnect to server error: dial tcp 103.153.2.125:7000: connect: network is unreachable#033[0m
Nov 13 06:24:40 ravinder-adsb reconnect-modem.py[471]: ping: Warning: source address might be selected on device other than wwan0.
Nov 13 06:24:42 ravinder-adsb frpc[670]: 2023/11/13 06:24:42 #033[1;34m[I] [service.go:177] [4fead55a7f82f4bc] try to reconnect to server...#033[0m
Nov 13 06:24:42 ravinder-adsb frpc[670]: 2023/11/13 06:24:42 #033[1;33m[W] [service.go:180] [4fead55a7f82f4bc] reconnect to server error: dial tcp 103.153.2.125:7000: connect: network is unreachable#033[0m
Nov 13 06:24:44 ravinder-adsb frpc[670]: 2023/11/13 06:24:44 #033[1;34m[I] [service.go:177] [4fead55a7f82f4bc] try to reconnect to server...#033[0m
Nov 13 06:24:44 ravinder-adsb frpc[670]: 2023/11/13 06:24:44 #033[1;33m[W] [service.go:180] [4fead55a7f82f4bc] reconnect to server error: dial tcp 103.153.2.125:7000: connect: network is unreachable#033[0m
Nov 13 06:24:46 ravinder-adsb frpc[670]: 2023/11/13 06:24:46 #033[1;34m[I] [service.go:177] [4fead55a7f82f4bc] try to reconnect to server...#033[0m
Nov 13 06:24:46 ravinder-adsb frpc[670]: 2023/11/13 06:24:46 #033[1;33m[W] [service.go:180] [4fead55a7f82f4bc] reconnect to server error: dial tcp 103.153.2.125:7000: connect: network is unreachable#033[0m
Nov 13 06:24:48 ravinder-adsb frpc[670]: 2023/11/13 06:24:48 #033[1;34m[I] [service.go:177] [4fead55a7f82f4bc] try to reconnect to server...#033[0m
Nov 13 06:24:48 ravinder-adsb frpc[670]: 2023/11/13 06:24:48 #033[1;33m[W] [service.go:180] [4fead55a7f82f4bc] reconnect to server error: dial tcp 103.153.2.125:7000: connect: network is unreachable#033[0m
Nov 13 06:24:50 ravinder-adsb frpc[670]: 2023/11/13 06:24:50 #033[1;34m[I] [service.go:177] [4fead55a7f82f4bc] try to reconnect to server...#033[0m
Nov 13 06:24:50 ravinder-adsb frpc[670]: 2023/11/13 06:24:50 #033[1;33m[W] [service.go:180] [4fead55a7f82f4bc] reconnect to server error: dial tcp 103.153.2.125:7000: connect: network is unreachable#033[0m
Nov 13 06:24:50 ravinder-adsb reconnect-modem.py[471]: PING 8.8.8.8 (8.8.8.8) from 0.0.0.0 wwan0: 0(28) bytes of data.
Nov 13 06:24:50 ravinder-adsb reconnect-modem.py[471]: --- 8.8.8.8 ping statistics ---
Nov 13 06:24:50 ravinder-adsb reconnect-modem.py[471]: 10 packets transmitted, 0 received, 100% packet loss, time 367ms
Nov 13 06:24:50 ravinder-adsb reconnect-modem.py[471]: connect: Network is unreachable
Nov 13 06:24:52 ravinder-adsb frpc[670]: 2023/11/13 06:24:52 #033[1;34m[I] [service.go:177] [4fead55a7f82f4bc] try to reconnect to server...#033[0m
Nov 13 06:24:52 ravinder-adsb frpc[670]: 2023/11/13 06:24:52 #033[1;33m[W] [service.go:180] [4fead55a7f82f4bc] reconnect to server error: dial tcp 103.153.2.125:7000: connect: network is unreachable#033[0m
Nov 13 06:24:54 ravinder-adsb frpc[670]: 2023/11/13 06:24:54 #033[1;34m[I] [service.go:177] [4fead55a7f82f4bc] try to reconnect to server...#033[0m
Nov 13 06:24:54 ravinder-adsb frpc[670]: 2023/11/13 06:24:54 #033[1;33m[W] [service.go:180] [4fead55a7f82f4bc] reconnect to server error: dial tcp 103.153.2.125:7000: connect: network is unreachable#033[0m
Nov 13 06:24:55 ravinder-adsb reconnect-modem.py[471]: ping: Warning: source address might be selected on device other than wwan0.
Nov 13 06:24:56 ravinder-adsb frpc[670]: 2023/11/13 06:24:56 #033[1;34m[I] [service.go:177] [4fead55a7f82f4bc] try to reconnect to server...#033[0m
Nov 13 06:24:56 ravinder-adsb frpc[670]: 2023/11/13 06:24:56 #033[1;33m[W] [service.go:180] [4fead55a7f82f4bc] reconnect to server error: dial tcp 103.153.2.125:7000: connect: network is unreachable#033[0m
Nov 13 06:24:58 ravinder-adsb frpc[670]: 2023/11/13 06:24:58 #033[1;34m[I] [service.go:177] [4fead55a7f82f4bc] try to reconnect to server...#033[0m
Nov 13 06:24:58 ravinder-adsb frpc[670]: 2023/11/13 06:24:58 #033[1;33m[W] [service.go:180] [4fead55a7f82f4bc] reconnect to server error: dial tcp 103.153.2.125:7000: connect: network is unreachable#033[0m
Nov 13 06:25:00 ravinder-adsb frpc[670]: 2023/11/13 06:25:00 #033[1;34m[I] [service.go:177] [4fead55a7f82f4bc] try to reconnect to server...#033[0m
Nov 13 06:25:00 ravinder-adsb frpc[670]: 2023/11/13 06:25:00 #033[1;33m[W] [service.go:180] [4fead55a7f82f4bc] reconnect to server error: dial tcp 103.153.2.125:7000: connect: network is unreachable#033[0m
Nov 13 06:25:01 ravinder-adsb systemd[1]: Created slice User Slice of UID 33.
Nov 13 06:25:01 ravinder-adsb systemd[1]: Starting User Runtime Directory /run/user/33...
Nov 13 06:25:01 ravinder-adsb systemd[1]: Started User Runtime Directory /run/user/33.
Nov 13 06:25:01 ravinder-adsb systemd[1]: Starting User Manager for UID 33...
Nov 13 06:25:01 ravinder-adsb systemd[2309]: gpgconf: running /usr/bin/gpg-agent failed (exitcode=2): General error
Nov 13 06:25:01 ravinder-adsb systemd[2309]: gpgconf: fatal error (exit status 1)
Nov 13 06:25:02 ravinder-adsb systemd[2309]: Listening on GnuPG network certificate management daemon.
Nov 13 06:25:02 ravinder-adsb systemd[2309]: Reached target Paths.
Nov 13 06:25:02 ravinder-adsb systemd[2309]: Listening on GnuPG cryptographic agent and passphrase cache (restricted).
Nov 13 06:25:02 ravinder-adsb systemd[2309]: Reached target Timers.
Nov 13 06:25:02 ravinder-adsb systemd[2309]: Listening on GnuPG cryptographic agent and passphrase cache.
Nov 13 06:25:02 ravinder-adsb systemd[2309]: Listening on GnuPG cryptographic agent (ssh-agent emulation).
Nov 13 06:25:02 ravinder-adsb systemd[2309]: Listening on GnuPG cryptographic agent and passphrase cache (access for web browsers).
Nov 13 06:25:02 ravinder-adsb systemd[2309]: Reached target Sockets.
Nov 13 06:25:02 ravinder-adsb systemd[2309]: Reached target Basic System.
Nov 13 06:25:02 ravinder-adsb systemd[2309]: Reached target Default.
Nov 13 06:25:02 ravinder-adsb systemd[2309]: Startup finished in 184ms.
Nov 13 06:25:02 ravinder-adsb systemd[1]: Started User Manager for UID 33.
Nov 13 06:25:02 ravinder-adsb systemd[1]: Started Session 334 of user www-data.
Nov 13 06:25:02 ravinder-adsb systemd[1]: session-334.scope: Succeeded.
Nov 13 06:25:02 ravinder-adsb systemd[1]: Started Session 334 of user www-data.
Nov 13 06:25:02 ravinder-adsb systemd[1]: session-334.scope: Succeeded.
Nov 13 06:25:02 ravinder-adsb frpc[670]: 2023/11/13 06:25:02 #033[1;34m[I] [service.go:177] [4fead55a7f82f4bc] try to reconnect to server...#033[0m
Nov 13 06:25:02 ravinder-adsb frpc[670]: 2023/11/13 06:25:02 #033[1;33m[W] [service.go:180] [4fead55a7f82f4bc] reconnect to server error: dial tcp 103.153.2.125:7000: connect: network is unreachable#033[0m
Nov 13 06:25:04 ravinder-adsb frpc[670]: 2023/11/13 06:25:04 #033[1;34m[I] [service.go:177] [4fead55a7f82f4bc] try to reconnect to server...#033[0m
Nov 13 06:25:04 ravinder-adsb frpc[670]: 2023/11/13 06:25:04 #033[1;33m[W] [service.go:180] [4fead55a7f82f4bc] reconnect to server error: dial tcp 103.153.2.125:7000: connect: network is unreachable#033[0m
Nov 13 06:25:05 ravinder-adsb reconnect-modem.py[471]: PING 8.8.8.8 (8.8.8.8) from 0.0.0.0 wwan0: 0(28) bytes of data.
Nov 13 06:25:05 ravinder-adsb reconnect-modem.py[471]: --- 8.8.8.8 ping statistics ---
Nov 13 06:25:05 ravinder-adsb reconnect-modem.py[471]: 10 packets transmitted, 0 received, 100% packet loss, time 366ms
Nov 13 06:25:05 ravinder-adsb reconnect-modem.py[471]: connect: Network is unreachable
Nov 13 06:25:06 ravinder-adsb frpc[670]: 2023/11/13 06:25:06 #033[1;34m[I] [service.go:177] [4fead55a7f82f4bc] try to reconnect to server...#033[0m
Nov 13 06:25:06 ravinder-adsb frpc[670]: 2023/11/13 06:25:06 #033[1;33m[W] [service.go:180] [4fead55a7f82f4bc] reconnect to server error: dial tcp 103.153.2.125:7000: connect: network is unreachable#033[0m
Nov 13 06:25:08 ravinder-adsb frpc[670]: 2023/11/13 06:25:08 #033[1;34m[I] [service.go:177] [4fead55a7f82f4bc] try to reconnect to server...#033[0m
