Nov 15 06:25:02 ravinder-adsb systemd[29584]: Listening on GnuPG network certificate management daemon.
Nov 15 06:25:02 ravinder-adsb systemd[29584]: Listening on GnuPG cryptographic agent and passphrase cache (restricted).
Nov 15 06:25:02 ravinder-adsb systemd[29584]: Reached target Sockets.
Nov 15 06:25:02 ravinder-adsb systemd[29584]: Reached target Basic System.
Nov 15 06:25:02 ravinder-adsb systemd[29584]: Reached target Default.
Nov 15 06:25:02 ravinder-adsb systemd[29584]: Startup finished in 181ms.
Nov 15 06:25:02 ravinder-adsb systemd[1]: Started User Manager for UID 33.
Nov 15 06:25:02 ravinder-adsb systemd[1]: Started Session 386 of user www-data.
Nov 15 06:25:02 ravinder-adsb systemd[1]: session-386.scope: Succeeded.
Nov 15 06:25:02 ravinder-adsb systemd[1]: Started Session 386 of user www-data.
Nov 15 06:25:02 ravinder-adsb frpc[670]: 2023/11/15 06:25:02 #033[1;34m[I] [service.go:177] [4fead55a7f82f4bc] try to reconnect to server...#033[0m
Nov 15 06:25:02 ravinder-adsb frpc[670]: 2023/11/15 06:25:02 #033[1;33m[W] [service.go:180] [4fead55a7f82f4bc] reconnect to server error: dial tcp 103.153.2.125:7000: connect: network is unreachable#033[0m
Nov 15 06:25:02 ravinder-adsb systemd[1]: session-386.scope: Succeeded.
Nov 15 06:25:04 ravinder-adsb frpc[670]: 2023/11/15 06:25:04 #033[1;34m[I] [service.go:177] [4fead55a7f82f4bc] try to reconnect to server...#033[0m
Nov 15 06:25:04 ravinder-adsb frpc[670]: 2023/11/15 06:25:04 #033[1;33m[W] [service.go:180] [4fead55a7f82f4bc] reconnect to server error: dial tcp 103.153.2.125:7000: connect: network is unreachable#033[0m
Nov 15 06:25:06 ravinder-adsb frpc[670]: 2023/11/15 06:25:06 #033[1;34m[I] [service.go:177] [4fead55a7f82f4bc] try to reconnect to server...#033[0m
Nov 15 06:25:06 ravinder-adsb frpc[670]: 2023/11/15 06:25:06 #033[1;33m[W] [service.go:180] [4fead55a7f82f4bc] reconnect to server error: dial tcp 103.153.2.125:7000: connect: network is unreachable#033[0m
Nov 15 06:25:08 ravinder-adsb frpc[670]: 2023/11/15 06:25:08 #033[1;34m[I] [service.go:177] [4fead55a7f82f4bc] try to reconnect to server...#033[0m
Nov 15 06:25:08 ravinder-adsb frpc[670]: 2023/11/15 06:25:08 #033[1;33m[W] [service.go:180] [4fead55a7f82f4bc] reconnect to server error: dial tcp 103.153.2.125:7000: connect: network is unreachable#033[0m
Nov 15 06:25:08 ravinder-adsb reconnect-modem.py[471]: PING 8.8.8.8 (8.8.8.8) from 0.0.0.0 wwan0: 0(28) bytes of data.
Nov 15 06:25:08 ravinder-adsb reconnect-modem.py[471]: --- 8.8.8.8 ping statistics ---
Nov 15 06:25:08 ravinder-adsb reconnect-modem.py[471]: 10 packets transmitted, 0 received, 100% packet loss, time 390ms
Nov 15 06:25:08 ravinder-adsb reconnect-modem.py[471]: connect: Network is unreachable
Nov 15 06:25:10 ravinder-adsb frpc[670]: 2023/11/15 06:25:10 #033[1;34m[I] [service.go:177] [4fead55a7f82f4bc] try to reconnect to server...#033[0m
Nov 15 06:25:10 ravinder-adsb frpc[670]: 2023/11/15 06:25:10 #033[1;33m[W] [service.go:180] [4fead55a7f82f4bc] reconnect to server error: dial tcp 103.153.2.125:7000: connect: network is unreachable#033[0m
Nov 15 06:25:12 ravinder-adsb frpc[670]: 2023/11/15 06:25:12 #033[1;34m[I] [service.go:177] [4fead55a7f82f4bc] try to reconnect to server...#033[0m
Nov 15 06:25:12 ravinder-adsb frpc[670]: 2023/11/15 06:25:12 #033[1;33m[W] [service.go:180] [4fead55a7f82f4bc] reconnect to server error: dial tcp 103.153.2.125:7000: connect: network is unreachable#033[0m
Nov 15 06:25:12 ravinder-adsb systemd[1]: Stopping User Manager for UID 33...
Nov 15 06:25:12 ravinder-adsb systemd[29584]: Stopped target Default.
Nov 15 06:25:12 ravinder-adsb systemd[29584]: Stopped target Basic System.
Nov 15 06:25:12 ravinder-adsb systemd[29584]: Stopped target Timers.
Nov 15 06:25:12 ravinder-adsb systemd[29584]: Stopped target Sockets.
Nov 15 06:25:12 ravinder-adsb systemd[29584]: gpg-agent-extra.socket: Succeeded.
Nov 15 06:25:12 ravinder-adsb systemd[29584]: Closed GnuPG cryptographic agent and passphrase cache (restricted).
Nov 15 06:25:12 ravinder-adsb systemd[29584]: gpg-agent-ssh.socket: Succeeded.
Nov 15 06:25:12 ravinder-adsb systemd[29584]: Closed GnuPG cryptographic agent (ssh-agent emulation).
Nov 15 06:25:12 ravinder-adsb systemd[29584]: dirmngr.socket: Succeeded.
Nov 15 06:25:12 ravinder-adsb systemd[29584]: Closed GnuPG network certificate management daemon.
Nov 15 06:25:12 ravinder-adsb systemd[29584]: gpg-agent.socket: Succeeded.
Nov 15 06:25:12 ravinder-adsb systemd[29584]: Closed GnuPG cryptographic agent and passphrase cache.
Nov 15 06:25:12 ravinder-adsb systemd[29584]: Stopped target Paths.
Nov 15 06:25:12 ravinder-adsb systemd[29584]: gpg-agent-browser.socket: Succeeded.
Nov 15 06:25:12 ravinder-adsb systemd[29584]: Closed GnuPG cryptographic agent and passphrase cache (access for web browsers).
Nov 15 06:25:12 ravinder-adsb systemd[29584]: Reached target Shutdown.
Nov 15 06:25:12 ravinder-adsb systemd[29584]: systemd-exit.service: Succeeded.
Nov 15 06:25:12 ravinder-adsb systemd[29584]: Started Exit the Session.
Nov 15 06:25:12 ravinder-adsb systemd[29584]: Reached target Exit the Session.
Nov 15 06:25:12 ravinder-adsb systemd[1]: user@33.service: Succeeded.
Nov 15 06:25:12 ravinder-adsb systemd[1]: Stopped User Manager for UID 33.
Nov 15 06:25:12 ravinder-adsb systemd[1]: Stopping User Runtime Directory /run/user/33...
Nov 15 06:25:12 ravinder-adsb systemd[1]: run-user-33.mount: Succeeded.
Nov 15 06:25:12 ravinder-adsb systemd[1]: user-runtime-dir@33.service: Succeeded.
Nov 15 06:25:12 ravinder-adsb systemd[1]: Stopped User Runtime Directory /run/user/33.
Nov 15 06:25:12 ravinder-adsb systemd[1]: Removed slice User Slice of UID 33.
Nov 15 06:25:13 ravinder-adsb reconnect-modem.py[471]: ping: Warning: source address might be selected on device other than wwan0.
Nov 15 06:25:14 ravinder-adsb frpc[670]: 2023/11/15 06:25:14 #033[1;34m[I] [service.go:177] [4fead55a7f82f4bc] try to reconnect to server...#033[0m
Nov 15 06:25:14 ravinder-adsb frpc[670]: 2023/11/15 06:25:14 #033[1;33m[W] [service.go:180] [4fead55a7f82f4bc] reconnect to server error: dial tcp 103.153.2.125:7000: connect: network is unreachable#033[0m
Nov 15 06:25:16 ravinder-adsb frpc[670]: 2023/11/15 06:25:16 #033[1;34m[I] [service.go:177] [4fead55a7f82f4bc] try to reconnect to server...#033[0m
Nov 15 06:25:16 ravinder-adsb frpc[670]: 2023/11/15 06:25:16 #033[1;33m[W] [service.go:180] [4fead55a7f82f4bc] reconnect to server error: dial tcp 103.153.2.125:7000: connect: network is unreachable#033[0m
Nov 15 06:25:18 ravinder-adsb frpc[670]: 2023/11/15 06:25:18 #033[1;34m[I] [service.go:177] [4fead55a7f82f4bc] try to reconnect to server...#033[0m
Nov 15 06:25:18 ravinder-adsb frpc[670]: 2023/11/15 06:25:18 #033[1;33m[W] [service.go:180] [4fead55a7f82f4bc] reconnect to server error: dial tcp 103.153.2.125:7000: connect: network is unreachable#033[0m
Nov 15 06:25:20 ravinder-adsb frpc[670]: 2023/11/15 06:25:20 #033[1;34m[I] [service.go:177] [4fead55a7f82f4bc] try to reconnect to server...#033[0m
Nov 15 06:25:20 ravinder-adsb frpc[670]: 2023/11/15 06:25:20 #033[1;33m[W] [service.go:180] [4fead55a7f82f4bc] reconnect to server error: dial tcp 103.153.2.125:7000: connect: network is unreachable#033[0m
Nov 15 06:25:22 ravinder-adsb frpc[670]: 2023/11/15 06:25:22 #033[1;34m[I] [service.go:177] [4fead55a7f82f4bc] try to reconnect to server...#033[0m
Nov 15 06:25:22 ravinder-adsb frpc[670]: 2023/11/15 06:25:22 #033[1;33m[W] [service.go:180] [4fead55a7f82f4bc] reconnect to server error: dial tcp 103.153.2.125:7000: connect: network is unreachable#033[0m
Nov 15 06:25:23 ravinder-adsb reconnect-modem.py[471]: PING 8.8.8.8 (8.8.8.8) from 0.0.0.0 wwan0: 0(28) bytes of data.
Nov 15 06:25:23 ravinder-adsb reconnect-modem.py[471]: --- 8.8.8.8 ping statistics ---
Nov 15 06:25:23 ravinder-adsb reconnect-modem.py[471]: 10 packets transmitted, 0 received, 100% packet loss, time 393ms
Nov 15 06:25:23 ravinder-adsb reconnect-modem.py[471]: connect: Network is unreachable
Nov 15 06:25:24 ravinder-adsb frpc[670]: 2023/11/15 06:25:24 #033[1;34m[I] [service.go:177] [4fead55a7f82f4bc] try to reconnect to server...#033[0m
Nov 15 06:25:24 ravinder-adsb frpc[670]: 2023/11/15 06:25:24 #033[1;33m[W] [service.go:180] [4fead55a7f82f4bc] reconnect to server error: dial tcp 103.153.2.125:7000: connect: network is unreachable#033[0m
Nov 15 06:25:26 ravinder-adsb frpc[670]: 2023/11/15 06:25:26 #033[1;34m[I] [service.go:177] [4fead55a7f82f4bc] try to reconnect to server...#033[0m
Nov 15 06:25:26 ravinder-adsb frpc[670]: 2023/11/15 06:25:26 #033[1;33m[W] [service.go:180] [4fead55a7f82f4bc] reconnect to server error: dial tcp 103.153.2.125:7000: connect: network is unreachable#033[0m
Nov 15 06:25:28 ravinder-adsb frpc[670]: 2023/11/15 06:25:28 #033[1;34m[I] [service.go:177] [4fead55a7f82f4bc] try to reconnect to server...#033[0m
Nov 15 06:25:28 ravinder-adsb frpc[670]: 2023/11/15 06:25:28 #033[1;33m[W] [service.go:180] [4fead55a7f82f4bc] reconnect to server error: dial tcp 103.153.2.125:7000: connect: network is unreachable#033[0m
Nov 15 06:25:28 ravinder-adsb reconnect-modem.py[471]: ping: Warning: source address might be selected on device other than wwan0.
Nov 15 06:25:30 ravinder-adsb frpc[670]: 2023/11/15 06:25:30 #033[1;34m[I] [service.go:177] [4fead55a7f82f4bc] try to reconnect to server...#033[0m
Nov 15 06:25:30 ravinder-adsb frpc[670]: 2023/11/15 06:25:30 #033[1;33m[W] [service.go:180] [4fead55a7f82f4bc] reconnect to server error: dial tcp 103.153.2.125:7000: connect: network is unreachable#033[0m
Nov 15 06:25:32 ravinder-adsb frpc[670]: 2023/11/15 06:25:32 #033[1;34m[I] [service.go:177] [4fead55a7f82f4bc] try to reconnect to server...#033[0m
Nov 15 06:25:32 ravinder-adsb frpc[670]: 2023/11/15 06:25:32 #033[1;33m[W] [service.go:180] [4fead55a7f82f4bc] reconnect to server error: dial tcp 103.153.2.125:7000: connect: network is unreachable#033[0m
Nov 15 06:25:34 ravinder-adsb frpc[670]: 2023/11/15 06:25:34 #033[1;34m[I] [service.go:177] [4fead55a7f82f4bc] try to reconnect to server...#033[0m
Nov 15 06:25:34 ravinder-adsb frpc[670]: 2023/11/15 06:25:34 #033[1;33m[W] [service.go:180] [4fead55a7f82f4bc] reconnect to server error: dial tcp 103.153.2.125:7000: connect: network is unreachable#033[0m
Nov 15 06:25:36 ravinder-adsb frpc[670]: 2023/11/15 06:25:36 #033[1;34m[I] [service.go:177] [4fead55a7f82f4bc] try to reconnect to server...#033[0m
Nov 15 06:25:36 ravinder-adsb frpc[670]: 2023/11/15 06:25:36 #033[1;33m[W] [service.go:180] [4fead55a7f82f4bc] reconnect to server error: dial tcp 103.153.2.125:7000: connect: network is unreachable#033[0m
Nov 15 06:25:38 ravinder-adsb frpc[670]: 2023/11/15 06:25:38 #033[1;34m[I] [service.go:177] [4fead55a7f82f4bc] try to reconnect to server...#033[0m
Nov 15 06:25:38 ravinder-adsb frpc[670]: 2023/11/15 06:25:38 #033[1;33m[W] [service.go:180] [4fead55a7f82f4bc] reconnect to server error: dial tcp 103.153.2.125:7000: connect: network is unreachable#033[0m
Nov 15 06:25:38 ravinder-adsb reconnect-modem.py[471]: PING 8.8.8.8 (8.8.8.8) from 0.0.0.0 wwan0: 0(28) bytes of data.
Nov 15 06:25:38 ravinder-adsb reconnect-modem.py[471]: --- 8.8.8.8 ping statistics ---
Nov 15 06:25:38 ravinder-adsb reconnect-modem.py[471]: 10 packets transmitted, 0 received, 100% packet loss, time 393ms
Nov 15 06:25:38 ravinder-adsb reconnect-modem.py[471]: connect: Network is unreachable
Nov 15 06:25:40 ravinder-adsb frpc[670]: 2023/11/15 06:25:40 #033[1;34m[I] [service.go:177] [4fead55a7f82f4bc] try to reconnect to server...#033[0m
Nov 15 06:25:40 ravinder-adsb frpc[670]: 2023/11/15 06:25:40 #033[1;33m[W] [service.go:180] [4fead55a7f82f4bc] reconnect to server error: dial tcp 103.153.2.125:7000: connect: network is unreachable#033[0m
Nov 15 06:25:42 ravinder-adsb frpc[670]: 2023/11/15 06:25:42 #033[1;34m[I] [service.go:177] [4fead55a7f82f4bc] try to reconnect to server...#033[0m
Nov 15 06:25:42 ravinder-adsb frpc[670]: 2023/11/15 06:25:42 #033[1;33m[W] [service.go:180] [4fead55a7f82f4bc] reconnect to server error: dial tcp 103.153.2.125:7000: connect: network is unreachable#033[0m
Nov 15 06:25:43 ravinder-adsb reconnect-modem.py[471]: ping: Warning: source address might be selected on device other than wwan0.
Nov 15 06:25:44 ravinder-adsb frpc[670]: 2023/11/15 06:25:44 #033[1;34m[I] [service.go:177] [4fead55a7f82f4bc] try to reconnect to server...#033[0m
Nov 15 06:25:44 ravinder-adsb frpc[670]: 2023/11/15 06:25:44 #033[1;33m[W] [service.go:180] [4fead55a7f82f4bc] reconnect to server error: dial tcp 103.153.2.125:7000: connect: network is unreachable#033[0m
Nov 15 06:25:46 ravinder-adsb frpc[670]: 2023/11/15 06:25:46 #033[1;34m[I] [service.go:177] [4fead55a7f82f4bc] try to reconnect to server...#033[0m
Nov 15 06:25:46 ravinder-adsb frpc[670]: 2023/11/15 06:25:46 #033[1;33m[W] [service.go:180] [4fead55a7f82f4bc] reconnect to server error: dial tcp 103.153.2.125:7000: connect: network is unreachable#033[0m
Nov 15 06:25:48 ravinder-adsb frpc[670]: 2023/11/15 06:25:48 #033[1;34m[I] [service.go:177] [4fead55a7f82f4bc] try to reconnect to server...#033[0m
Nov 15 06:25:48 ravinder-adsb frpc[670]: 2023/11/15 06:25:48 #033[1;33m[W] [service.go:180] [4fead55a7f82f4bc] reconnect to server error: dial tcp 103.153.2.125:7000: connect: network is unreachable#033[0m
Nov 15 06:25:50 ravinder-adsb frpc[670]: 2023/11/15 06:25:50 #033[1;34m[I] [service.go:177] [4fead55a7f82f4bc] try to reconnect to server...#033[0m
Nov 15 06:25:50 ravinder-adsb frpc[670]: 2023/11/15 06:25:50 #033[1;33m[W] [service.go:180] [4fead55a7f82f4bc] reconnect to server error: dial tcp 103.153.2.125:7000: connect: network is unreachable#033[0m
Nov 15 06:25:52 ravinder-adsb frpc[670]: 2023/11/15 06:25:52 #033[1;34m[I] [service.go:177] [4fead55a7f82f4bc] try to reconnect to server...#033[0m
Nov 15 06:25:52 ravinder-adsb frpc[670]: 2023/11/15 06:25:52 #033[1;33m[W] [service.go:180] [4fead55a7f82f4bc] reconnect to server error: dial tcp 103.153.2.125:7000: connect: network is unreachable#033[0m
Nov 15 06:25:53 ravinder-adsb reconnect-modem.py[471]: PING 8.8.8.8 (8.8.8.8) from 0.0.0.0 wwan0: 0(28) bytes of data.
Nov 15 06:25:53 ravinder-adsb reconnect-modem.py[471]: --- 8.8.8.8 ping statistics ---
Nov 15 06:25:53 ravinder-adsb reconnect-modem.py[471]: 10 packets transmitted, 0 received, 100% packet loss, time 392ms
Nov 15 06:25:53 ravinder-adsb reconnect-modem.py[471]: connect: Network is unreachable
Nov 15 06:25:54 ravinder-adsb frpc[670]: 2023/11/15 06:25:54 #033[1;34m[I] [service.go:177] [4fead55a7f82f4bc] try to reconnect to server...#033[0m
Nov 15 06:25:54 ravinder-adsb frpc[670]: 2023/11/15 06:25:54 #033[1;33m[W] [service.go:180] [4fead55a7f82f4bc] reconnect to server error: dial tcp 103.153.2.125:7000: connect: network is unreachable#033[0m
Nov 15 06:25:56 ravinder-adsb frpc[670]: 2023/11/15 06:25:56 #033[1;34m[I] [service.go:177] [4fead55a7f82f4bc] try to reconnect to server...#033[0m
Nov 15 06:25:56 ravinder-adsb frpc[670]: 2023/11/15 06:25:56 #033[1;33m[W] [service.go:180] [4fead55a7f82f4bc] reconnect to server error: dial tcp 103.153.2.125:7000: connect: network is unreachable#033[0m
Nov 15 06:25:58 ravinder-adsb frpc[670]: 2023/11/15 06:25:58 #033[1;34m[I] [service.go:177] [4fead55a7f82f4bc] try to reconnect to server...#033[0m
Nov 15 06:25:58 ravinder-adsb frpc[670]: 2023/11/15 06:25:58 #033[1;33m[W] [service.go:180] [4fead55a7f82f4bc] reconnect to server error: dial tcp 103.153.2.125:7000: connect: network is unreachable#033[0m
Nov 15 06:25:58 ravinder-adsb reconnect-modem.py[471]: ping: Warning: source address might be selected on device other than wwan0.
Nov 15 06:26:00 ravinder-adsb frpc[670]: 2023/11/15 06:26:00 #033[1;34m[I] [service.go:177] [4fead55a7f82f4bc] try to reconnect to server...#033[0m
Nov 15 06:26:00 ravinder-adsb frpc[670]: 2023/11/15 06:26:00 #033[1;33m[W] [service.go:180] [4fead55a7f82f4bc] reconnect to server error: dial tcp 103.153.2.125:7000: connect: network is unreachable#033[0m
Nov 15 06:26:02 ravinder-adsb frpc[670]: 2023/11/15 06:26:02 #033[1;34m[I] [service.go:177] [4fead55a7f82f4bc] try to reconnect to server...#033[0m
Nov 15 06:26:02 ravinder-adsb frpc[670]: 2023/11/15 06:26:02 #033[1;33m[W] [service.go:180] [4fead55a7f82f4bc] reconnect to server error: dial tcp 103.153.2.125:7000: connect: network is unreachable#033[0m
Nov 15 06:26:04 ravinder-adsb frpc[670]: 2023/11/15 06:26:04 #033[1;34m[I] [service.go:177] [4fead55a7f82f4bc] try to reconnect to server...#033[0m
Nov 15 06:26:04 ravinder-adsb frpc[670]: 2023/11/15 06:26:04 #033[1;33m[W] [service.go:180] [4fead55a7f82f4bc] reconnect to server error: dial tcp 103.153.2.125:7000: connect: network is unreachable#033[0m
Nov 15 06:26:06 ravinder-adsb frpc[670]: 2023/11/15 06:26:06 #033[1;34m[I] [service.go:177] [4fead55a7f82f4bc] try to reconnect to server...#033[0m
Nov 15 06:26:06 ravinder-adsb frpc[670]: 2023/11/15 06:26:06 #033[1;33m[W] [service.go:180] [4fead55a7f82f4bc] reconnect to server error: dial tcp 103.153.2.125:7000: connect: network is unreachable#033[0m
Nov 15 06:26:08 ravinder-adsb frpc[670]: 2023/11/15 06:26:08 #033[1;34m[I] [service.go:177] [4fead55a7f82f4bc] try to reconnect to server...#033[0m
Nov 15 06:26:08 ravinder-adsb frpc[670]: 2023/11/15 06:26:08 #033[1;33m[W] [service.go:180] [4fead55a7f82f4bc] reconnect to server error: dial tcp 103.153.2.125:7000: connect: network is unreachable#033[0m
Nov 15 06:26:08 ravinder-adsb reconnect-modem.py[471]: PING 8.8.8.8 (8.8.8.8) from 0.0.0.0 wwan0: 0(28) bytes of data.
Nov 15 06:26:08 ravinder-adsb reconnect-modem.py[471]: --- 8.8.8.8 ping statistics ---
Nov 15 06:26:08 ravinder-adsb reconnect-modem.py[471]: 10 packets transmitted, 0 received, 100% packet loss, time 396ms
Nov 15 06:26:08 ravinder-adsb reconnect-modem.py[471]: connect: Network is unreachable
Nov 15 06:26:10 ravinder-adsb frpc[670]: 2023/11/15 06:26:10 #033[1;34m[I] [service.go:177] [4fead55a7f82f4bc] try to reconnect to server...#033[0m
Nov 15 06:26:10 ravinder-adsb frpc[670]: 2023/11/15 06:26:10 #033[1;33m[W] [service.go:180] [4fead55a7f82f4bc] reconnect to server error: dial tcp 103.153.2.125:7000: connect: network is unreachable#033[0m
Nov 15 06:26:12 ravinder-adsb frpc[670]: 2023/11/15 06:26:12 #033[1;34m[I] [service.go:177] [4fead55a7f82f4bc] try to reconnect to server...#033[0m
Nov 15 06:26:12 ravinder-adsb frpc[670]: 2023/11/15 06:26:12 #033[1;33m[W] [service.go:180] [4fead55a7f82f4bc] reconnect to server error: dial tcp 103.153.2.125:7000: connect: network is unreachable#033[0m
Nov 15 06:26:13 ravinder-adsb reconnect-modem.py[471]: ping: Warning: source address might be selected on device other than wwan0.
Nov 15 06:26:14 ravinder-adsb frpc[670]: 2023/11/15 06:26:14 #033[1;34m[I] [service.go:177] [4fead55a7f82f4bc] try to reconnect to server...#033[0m
Nov 15 06:26:14 ravinder-adsb frpc[670]: 2023/11/15 06:26:14 #033[1;33m[W] [service.go:180] [4fead55a7f82f4bc] reconnect to server error: dial tcp 103.153.2.125:7000: connect: network is unreachable#033[0m
Nov 15 06:26:16 ravinder-adsb frpc[670]: 2023/11/15 06:26:16 #033[1;34m[I] [service.go:177] [4fead55a7f82f4bc] try to reconnect to server...#033[0m
Nov 15 06:26:16 ravinder-adsb frpc[670]: 2023/11/15 06:26:16 #033[1;33m[W] [service.go:180] [4fead55a7f82f4bc] reconnect to server error: dial tcp 103.153.2.125:7000: connect: network is unreachable#033[0m
Nov 15 06:26:18 ravinder-adsb frpc[670]: 2023/11/15 06:26:18 #033[1;34m[I] [service.go:177] [4fead55a7f82f4bc] try to reconnect to server...#033[0m
Nov 15 06:26:18 ravinder-adsb frpc[670]: 2023/11/15 06:26:18 #033[1;33m[W] [service.go:180] [4fead55a7f82f4bc] reconnect to server error: dial tcp 103.153.2.125:7000: connect: network is unreachable#033[0m
Nov 15 06:26:20 ravinder-adsb frpc[670]: 2023/11/15 06:26:20 #033[1;34m[I] [service.go:177] [4fead55a7f82f4bc] try to reconnect to server...#033[0m
Nov 15 06:26:20 ravinder-adsb frpc[670]: 2023/11/15 06:26:20 #033[1;33m[W] [service.go:180] [4fead55a7f82f4bc] reconnect to server error: dial tcp 103.153.2.125:7000: connect: network is unreachable#033[0m
Nov 15 06:26:22 ravinder-adsb frpc[670]: 2023/11/15 06:26:22 #033[1;34m[I] [service.go:177] [4fead55a7f82f4bc] try to reconnect to server...#033[0m
Nov 15 06:26:22 ravinder-adsb frpc[670]: 2023/11/15 06:26:22 #033[1;33m[W] [service.go:180] [4fead55a7f82f4bc] reconnect to server error: dial tcp 103.153.2.125:7000: connect: network is unreachable#033[0m
Nov 15 06:26:23 ravinder-adsb reconnect-modem.py[471]: PING 8.8.8.8 (8.8.8.8) from 0.0.0.0 wwan0: 0(28) bytes of data.
Nov 15 06:26:23 ravinder-adsb reconnect-modem.py[471]: --- 8.8.8.8 ping statistics ---
Nov 15 06:26:23 ravinder-adsb reconnect-modem.py[471]: 10 packets transmitted, 0 received, 100% packet loss, time 408ms
Nov 15 06:26:23 ravinder-adsb reconnect-modem.py[471]: connect: Network is unreachable
Nov 15 06:26:24 ravinder-adsb frpc[670]: 2023/11/15 06:26:24 #033[1;34m[I] [service.go:177] [4fead55a7f82f4bc] try to reconnect to server...#033[0m
Nov 15 06:26:24 ravinder-adsb frpc[670]: 2023/11/15 06:26:24 #033[1;33m[W] [service.go:180] [4fead55a7f82f4bc] reconnect to server error: dial tcp 103.153.2.125:7000: connect: network is unreachable#033[0m
Nov 15 06:26:26 ravinder-adsb frpc[670]: 2023/11/15 06:26:26 #033[1;34m[I] [service.go:177] [4fead55a7f82f4bc] try to reconnect to server...#033[0m
Nov 15 06:26:26 ravinder-adsb frpc[670]: 2023/11/15 06:26:26 #033[1;33m[W] [service.go:180] [4fead55a7f82f4bc] reconnect to server error: dial tcp 103.153.2.125:7000: connect: network is unreachable#033[0m
Nov 15 06:26:28 ravinder-adsb frpc[670]: 2023/11/15 06:26:28 #033[1;34m[I] [service.go:177] [4fead55a7f82f4bc] try to reconnect to server...#033[0m
Nov 15 06:26:28 ravinder-adsb frpc[670]: 2023/11/15 06:26:28 #033[1;33m[W] [service.go:180] [4fead55a7f82f4bc] reconnect to server error: dial tcp 103.153.2.125:7000: connect: network is unreachable#033[0m
Nov 15 06:26:28 ravinder-adsb reconnect-modem.py[471]: ping: Warning: source address might be selected on device other than wwan0.
Nov 15 06:26:30 ravinder-adsb frpc[670]: 2023/11/15 06:26:30 #033[1;34m[I] [service.go:177] [4fead55a7f82f4bc] try to reconnect to server...#033[0m
Nov 15 06:26:30 ravinder-adsb frpc[670]: 2023/11/15 06:26:30 #033[1;33m[W] [service.go:180] [4fead55a7f82f4bc] reconnect to server error: dial tcp 103.153.2.125:7000: connect: network is unreachable#033[0m
Nov 15 06:26:32 ravinder-adsb frpc[670]: 2023/11/15 06:26:32 #033[1;34m[I] [service.go:177] [4fead55a7f82f4bc] try to reconnect to server...#033[0m
Nov 15 06:26:32 ravinder-adsb frpc[670]: 2023/11/15 06:26:32 #033[1;33m[W] [service.go:180] [4fead55a7f82f4bc] reconnect to server error: dial tcp 103.153.2.125:7000: connect: network is unreachable#033[0m
Nov 15 06:26:34 ravinder-adsb frpc[670]: 2023/11/15 06:26:34 #033[1;34m[I] [service.go:177] [4fead55a7f82f4bc] try to reconnect to server...#033[0m
Nov 15 06:26:34 ravinder-adsb frpc[670]: 2023/11/15 06:26:34 #033[1;33m[W] [service.go:180] [4fead55a7f82f4bc] reconnect to server error: dial tcp 103.153.2.125:7000: connect: network is unreachable#033[0m
Nov 15 06:26:36 ravinder-adsb frpc[670]: 2023/11/15 06:26:36 #033[1;34m[I] [service.go:177] [4fead55a7f82f4bc] try to reconnect to server...#033[0m
Nov 15 06:26:36 ravinder-adsb frpc[670]: 2023/11/15 06:26:36 #033[1;33m[W] [service.go:180] [4fead55a7f82f4bc] reconnect to server error: dial tcp 103.153.2.125:7000: connect: network is unreachable#033[0m
Nov 15 06:26:38 ravinder-adsb frpc[670]: 2023/11/15 06:26:38 #033[1;34m[I] [service.go:177] [4fead55a7f82f4bc] try to reconnect to server...#033[0m
Nov 15 06:26:38 ravinder-adsb frpc[670]: 2023/11/15 06:26:38 #033[1;33m[W] [service.go:180] [4fead55a7f82f4bc] reconnect to server error: dial tcp 103.153.2.125:7000: connect: network is unreachable#033[0m
Nov 15 06:26:38 ravinder-adsb reconnect-modem.py[471]: PING 8.8.8.8 (8.8.8.8) from 0.0.0.0 wwan0: 0(28) bytes of data.
Nov 15 06:26:38 ravinder-adsb reconnect-modem.py[471]: --- 8.8.8.8 ping statistics ---
Nov 15 06:26:38 ravinder-adsb reconnect-modem.py[471]: 10 packets transmitted, 0 received, 100% packet loss, time 406ms
Nov 15 06:26:38 ravinder-adsb reconnect-modem.py[471]: connect: Network is unreachable
Nov 15 06:26:40 ravinder-adsb frpc[670]: 2023/11/15 06:26:40 #033[1;34m[I] [service.go:177] [4fead55a7f82f4bc] try to reconnect to server...#033[0m
Nov 15 06:26:40 ravinder-adsb frpc[670]: 2023/11/15 06:26:40 #033[1;33m[W] [service.go:180] [4fead55a7f82f4bc] reconnect to server error: dial tcp 103.153.2.125:7000: connect: network is unreachable#033[0m
Nov 15 06:26:42 ravinder-adsb frpc[670]: 2023/11/15 06:26:42 #033[1;34m[I] [service.go:177] [4fead55a7f82f4bc] try to reconnect to server...#033[0m
Nov 15 06:26:42 ravinder-adsb frpc[670]: 2023/11/15 06:26:42 #033[1;33m[W] [service.go:180] [4fead55a7f82f4bc] reconnect to server error: dial tcp 103.153.2.125:7000: connect: network is unreachable#033[0m
Nov 15 06:26:44 ravinder-adsb reconnect-modem.py[471]: ping: Warning: source address might be selected on device other than wwan0.
Nov 15 06:26:44 ravinder-adsb frpc[670]: 2023/11/15 06:26:44 #033[1;34m[I] [service.go:177] [4fead55a7f82f4bc] try to reconnect to server...#033[0m
Nov 15 06:26:44 ravinder-adsb frpc[670]: 2023/11/15 06:26:44 #033[1;33m[W] [service.go:180] [4fead55a7f82f4bc] reconnect to server error: dial tcp 103.153.2.125:7000: connect: network is unreachable#033[0m
Nov 15 06:26:46 ravinder-adsb frpc[670]: 2023/11/15 06:26:46 #033[1;34m[I] [service.go:177] [4fead55a7f82f4bc] try to reconnect to server...#033[0m
Nov 15 06:26:46 ravinder-adsb frpc[670]: 2023/11/15 06:26:46 #033[1;33m[W] [service.go:180] [4fead55a7f82f4bc] reconnect to server error: dial tcp 103.153.2.125:7000: connect: network is unreachable#033[0m
Nov 15 06:26:48 ravinder-adsb frpc[670]: 2023/11/15 06:26:48 #033[1;34m[I] [service.go:177] [4fead55a7f82f4bc] try to reconnect to server...#033[0m
Nov 15 06:26:48 ravinder-adsb frpc[670]: 2023/11/15 06:26:48 #033[1;33m[W] [service.go:180] [4fead55a7f82f4bc] reconnect to server error: dial tcp 103.153.2.125:7000: connect: network is unreachable#033[0m
Nov 15 06:26:50 ravinder-adsb frpc[670]: 2023/11/15 06:26:50 #033[1;34m[I] [service.go:177] [4fead55a7f82f4bc] try to reconnect to server...#033[0m
Nov 15 06:26:50 ravinder-adsb frpc[670]: 2023/11/15 06:26:50 #033[1;33m[W] [service.go:180] [4fead55a7f82f4bc] reconnect to server error: dial tcp 103.153.2.125:7000: connect: network is unreachable#033[0m
Nov 15 06:26:52 ravinder-adsb frpc[670]: 2023/11/15 06:26:52 #033[1;34m[I] [service.go:177] [4fead55a7f82f4bc] try to reconnect to server...#033[0m
Nov 15 06:26:52 ravinder-adsb frpc[670]: 2023/11/15 06:26:52 #033[1;33m[W] [service.go:180] [4fead55a7f82f4bc] reconnect to server error: dial tcp 103.153.2.125:7000: connect: network is unreachable#033[0m
Nov 15 06:26:54 ravinder-adsb reconnect-modem.py[471]: PING 8.8.8.8 (8.8.8.8) from 0.0.0.0 wwan0: 0(28) bytes of data.
Nov 15 06:26:54 ravinder-adsb reconnect-modem.py[471]: --- 8.8.8.8 ping statistics ---
Nov 15 06:26:54 ravinder-adsb reconnect-modem.py[471]: 10 packets transmitted, 0 received, 100% packet loss, time 406ms
Nov 15 06:26:54 ravinder-adsb reconnect-modem.py[471]: connect: Network is unreachable
Nov 15 06:26:54 ravinder-adsb frpc[670]: 2023/11/15 06:26:54 #033[1;34m[I] [service.go:177] [4fead55a7f82f4bc] try to reconnect to server...#033[0m
Nov 15 06:26:54 ravinder-adsb frpc[670]: 2023/11/15 06:26:54 #033[1;33m[W] [service.go:180] [4fead55a7f82f4bc] reconnect to server error: dial tcp 103.153.2.125:7000: connect: network is unreachable#033[0m
Nov 15 06:26:56 ravinder-adsb frpc[670]: 2023/11/15 06:26:56 #033[1;34m[I] [service.go:177] [4fead55a7f82f4bc] try to reconnect to server...#033[0m
Nov 15 06:26:56 ravinder-adsb frpc[670]: 2023/11/15 06:26:56 #033[1;33m[W] [service.go:180] [4fead55a7f82f4bc] reconnect to server error: dial tcp 103.153.2.125:7000: connect: network is unreachable#033[0m
Nov 15 06:26:58 ravinder-adsb frpc[670]: 2023/11/15 06:26:58 #033[1;34m[I] [service.go:177] [4fead55a7f82f4bc] try to reconnect to server...#033[0m
Nov 15 06:26:58 ravinder-adsb frpc[670]: 2023/11/15 06:26:58 #033[1;33m[W] [service.go:180] [4fead55a7f82f4bc] reconnect to server error: dial tcp 103.153.2.125:7000: connect: network is unreachable#033[0m
Nov 15 06:26:59 ravinder-adsb reconnect-modem.py[471]: ping: Warning: source address might be selected on device other than wwan0.
Nov 15 06:27:00 ravinder-adsb frpc[670]: 2023/11/15 06:27:00 #033[1;34m[I] [service.go:177] [4fead55a7f82f4bc] try to reconnect to server...#033[0m
Nov 15 06:27:00 ravinder-adsb frpc[670]: 2023/11/15 06:27:00 #033[1;33m[W] [service.go:180] [4fead55a7f82f4bc] reconnect to server error: dial tcp 103.153.2.125:7000: connect: network is unreachable#033[0m
Nov 15 06:27:02 ravinder-adsb frpc[670]: 2023/11/15 06:27:02 #033[1;34m[I] [service.go:177] [4fead55a7f82f4bc] try to reconnect to server...#033[0m
Nov 15 06:27:02 ravinder-adsb frpc[670]: 2023/11/15 06:27:02 #033[1;33m[W] [service.go:180] [4fead55a7f82f4bc] reconnect to server error: dial tcp 103.153.2.125:7000: connect: network is unreachable#033[0m
Nov 15 06:27:04 ravinder-adsb frpc[670]: 2023/11/15 06:27:04 #033[1;34m[I] [service.go:177] [4fead55a7f82f4bc] try to reconnect to server...#033[0m
Nov 15 06:27:04 ravinder-adsb frpc[670]: 2023/11/15 06:27:04 #033[1;33m[W] [service.go:180] [4fead55a7f82f4bc] reconnect to server error: dial tcp 103.153.2.125:7000: connect: network is unreachable#033[0m
Nov 15 06:27:06 ravinder-adsb frpc[670]: 2023/11/15 06:27:06 #033[1;34m[I] [service.go:177] [4fead55a7f82f4bc] try to reconnect to server...#033[0m
Nov 15 06:27:06 ravinder-adsb frpc[670]: 2023/11/15 06:27:06 #033[1;33m[W] [service.go:180] [4fead55a7f82f4bc] reconnect to server error: dial tcp 103.153.2.125:7000: connect: network is unreachable#033[0m
Nov 15 06:27:08 ravinder-adsb frpc[670]: 2023/11/15 06:27:08 #033[1;34m[I] [service.go:177] [4fead55a7f82f4bc] try to reconnect to server...#033[0m
Nov 15 06:27:08 ravinder-adsb frpc[670]: 2023/11/15 06:27:08 #033[1;33m[W] [service.go:180] [4fead55a7f82f4bc] reconnect to server error: dial tcp 103.153.2.125:7000: connect: network is unreachable#033[0m
Nov 15 06:27:09 ravinder-adsb reconnect-modem.py[471]: PING 8.8.8.8 (8.8.8.8) from 0.0.0.0 wwan0: 0(28) bytes of data.
Nov 15 06:27:09 ravinder-adsb reconnect-modem.py[471]: --- 8.8.8.8 ping statistics ---
Nov 15 06:27:09 ravinder-adsb reconnect-modem.py[471]: 10 packets transmitted, 0 received, 100% packet loss, time 407ms
Nov 15 06:27:09 ravinder-adsb reconnect-modem.py[471]: connect: Network is unreachable
Nov 15 06:27:10 ravinder-adsb frpc[670]: 2023/11/15 06:27:10 #033[1;34m[I] [service.go:177] [4fead55a7f82f4bc] try to reconnect to server...#033[0m
Nov 15 06:27:10 ravinder-adsb frpc[670]: 2023/11/15 06:27:10 #033[1;33m[W] [service.go:180] [4fead55a7f82f4bc] reconnect to server error: dial tcp 103.153.2.125:7000: connect: network is unreachable#033[0m
Nov 15 06:27:12 ravinder-adsb frpc[670]: 2023/11/15 06:27:12 #033[1;34m[I] [service.go:177] [4fead55a7f82f4bc] try to reconnect to server...#033[0m
Nov 15 06:27:12 ravinder-adsb frpc[670]: 2023/11/15 06:27:12 #033[1;33m[W] [service.go:180] [4fead55a7f82f4bc] reconnect to server error: dial tcp 103.153.2.125:7000: connect: network is unreachable#033[0m
Nov 15 06:27:14 ravinder-adsb reconnect-modem.py[471]: ping: Warning: source address might be selected on device other than wwan0.
Nov 15 06:27:14 ravinder-adsb frpc[670]: 2023/11/15 06:27:14 #033[1;34m[I] [service.go:177] [4fead55a7f82f4bc] try to reconnect to server...#033[0m
Nov 15 06:27:14 ravinder-adsb frpc[670]: 2023/11/15 06:27:14 #033[1;33m[W] [service.go:180] [4fead55a7f82f4bc] reconnect to server error: dial tcp 103.153.2.125:7000: connect: network is unreachable#033[0m
Nov 15 06:27:16 ravinder-adsb frpc[670]: 2023/11/15 06:27:16 #033[1;34m[I] [service.go:177] [4fead55a7f82f4bc] try to reconnect to server...#033[0m
Nov 15 06:27:16 ravinder-adsb frpc[670]: 2023/11/15 06:27:16 #033[1;33m[W] [service.go:180] [4fead55a7f82f4bc] reconnect to server error: dial tcp 103.153.2.125:7000: connect: network is unreachable#033[0m
Nov 15 06:27:18 ravinder-adsb frpc[670]: 2023/11/15 06:27:18 #033[1;34m[I] [service.go:177] [4fead55a7f82f4bc] try to reconnect to server...#033[0m
Nov 15 06:27:18 ravinder-adsb frpc[670]: 2023/11/15 06:27:18 #033[1;33m[W] [service.go:180] [4fead55a7f82f4bc] reconnect to server error: dial tcp 103.153.2.125:7000: connect: network is unreachable#033[0m
Nov 15 06:27:20 ravinder-adsb frpc[670]: 2023/11/15 06:27:20 #033[1;34m[I] [service.go:177] [4fead55a7f82f4bc] try to reconnect to server...#033[0m
Nov 15 06:27:20 ravinder-adsb frpc[670]: 2023/11/15 06:27:20 #033[1;33m[W] [service.go:180] [4fead55a7f82f4bc] reconnect to server error: dial tcp 103.153.2.125:7000: connect: network is unreachable#033[0m
Nov 15 06:27:22 ravinder-adsb frpc[670]: 2023/11/15 06:27:22 #033[1;34m[I] [service.go:177] [4fead55a7f82f4bc] try to reconnect to server...#033[0m
Nov 15 06:27:22 ravinder-adsb frpc[670]: 2023/11/15 06:27:22 #033[1;33m[W] [service.go:180] [4fead55a7f82f4bc] reconnect to server error: dial tcp 103.153.2.125:7000: connect: network is unreachable#033[0m
Nov 15 06:27:24 ravinder-adsb reconnect-modem.py[471]: PING 8.8.8.8 (8.8.8.8) from 0.0.0.0 wwan0: 0(28) bytes of data.
Nov 15 06:27:24 ravinder-adsb reconnect-modem.py[471]: --- 8.8.8.8 ping statistics ---
Nov 15 06:27:24 ravinder-adsb reconnect-modem.py[471]: 10 packets transmitted, 0 received, 100% packet loss, time 329ms
Nov 15 06:27:24 ravinder-adsb reconnect-modem.py[471]: connect: Network is unreachable
Nov 15 06:27:24 ravinder-adsb frpc[670]: 2023/11/15 06:27:24 #033[1;34m[I] [service.go:177] [4fead55a7f82f4bc] try to reconnect to server...#033[0m
Nov 15 06:27:24 ravinder-adsb frpc[670]: 2023/11/15 06:27:24 #033[1;33m[W] [service.go:180] [4fead55a7f82f4bc] reconnect to server error: dial tcp 103.153.2.125:7000: connect: network is unreachable#033[0m
Nov 15 06:27:26 ravinder-adsb frpc[670]: 2023/11/15 06:27:26 #033[1;34m[I] [service.go:177] [4fead55a7f82f4bc] try to reconnect to server...#033[0m
Nov 15 06:27:26 ravinder-adsb frpc[670]: 2023/11/15 06:27:26 #033[1;33m[W] [service.go:180] [4fead55a7f82f4bc] reconnect to server error: dial tcp 103.153.2.125:7000: connect: network is unreachable#033[0m
Nov 15 06:27:28 ravinder-adsb frpc[670]: 2023/11/15 06:27:28 #033[1;34m[I] [service.go:177] [4fead55a7f82f4bc] try to reconnect to server...#033[0m
Nov 15 06:27:28 ravinder-adsb frpc[670]: 2023/11/15 06:27:28 #033[1;33m[W] [service.go:180] [4fead55a7f82f4bc] reconnect to server error: dial tcp 103.153.2.125:7000: connect: network is unreachable#033[0m
Nov 15 06:27:29 ravinder-adsb reconnect-modem.py[471]: ping: Warning: source address might be selected on device other than wwan0.
Nov 15 06:27:30 ravinder-adsb frpc[670]: 2023/11/15 06:27:30 #033[1;34m[I] [service.go:177] [4fead55a7f82f4bc] try to reconnect to server...#033[0m
Nov 15 06:27:30 ravinder-adsb frpc[670]: 2023/11/15 06:27:30 #033[1;33m[W] [service.go:180] [4fead55a7f82f4bc] reconnect to server error: dial tcp 103.153.2.125:7000: connect: network is unreachable#033[0m
Nov 15 06:27:32 ravinder-adsb frpc[670]: 2023/11/15 06:27:32 #033[1;34m[I] [service.go:177] [4fead55a7f82f4bc] try to reconnect to server...#033[0m
Nov 15 06:27:32 ravinder-adsb frpc[670]: 2023/11/15 06:27:32 #033[1;33m[W] [service.go:180] [4fead55a7f82f4bc] reconnect to server error: dial tcp 103.153.2.125:7000: connect: network is unreachable#033[0m
Nov 15 06:27:34 ravinder-adsb frpc[670]: 2023/11/15 06:27:34 #033[1;34m[I] [service.go:177] [4fead55a7f82f4bc] try to reconnect to server...#033[0m
Nov 15 06:27:34 ravinder-adsb frpc[670]: 2023/11/15 06:27:34 #033[1;33m[W] [service.go:180] [4fead55a7f82f4bc] reconnect to server error: dial tcp 103.153.2.125:7000: connect: network is unreachable#033[0m
Nov 15 06:27:36 ravinder-adsb frpc[670]: 2023/11/15 06:27:36 #033[1;34m[I] [service.go:177] [4fead55a7f82f4bc] try to reconnect to server...#033[0m
Nov 15 06:27:36 ravinder-adsb frpc[670]: 2023/11/15 06:27:36 #033[1;33m[W] [service.go:180] [4fead55a7f82f4bc] reconnect to server error: dial tcp 103.153.2.125:7000: connect: network is unreachable#033[0m
Nov 15 06:27:38 ravinder-adsb frpc[670]: 2023/11/15 06:27:38 #033[1;34m[I] [service.go:177] [4fead55a7f82f4bc] try to reconnect to server...#033[0m
Nov 15 06:27:38 ravinder-adsb frpc[670]: 2023/11/15 06:27:38 #033[1;33m[W] [service.go:180] [4fead55a7f82f4bc] reconnect to server error: dial tcp 103.153.2.125:7000: connect: network is unreachable#033[0m
Nov 15 06:27:39 ravinder-adsb reconnect-modem.py[471]: PING 8.8.8.8 (8.8.8.8) from 0.0.0.0 wwan0: 0(28) bytes of data.
Nov 15 06:27:39 ravinder-adsb reconnect-modem.py[471]: --- 8.8.8.8 ping statistics ---
Nov 15 06:27:39 ravinder-adsb reconnect-modem.py[471]: 10 packets transmitted, 0 received, 100% packet loss, time 336ms
Nov 15 06:27:39 ravinder-adsb reconnect-modem.py[471]: connect: Network is unreachable
Nov 15 06:27:40 ravinder-adsb frpc[670]: 2023/11/15 06:27:40 #033[1;34m[I] [service.go:177] [4fead55a7f82f4bc] try to reconnect to server...#033[0m
Nov 15 06:27:40 ravinder-adsb frpc[670]: 2023/11/15 06:27:40 #033[1;33m[W] [service.go:180] [4fead55a7f82f4bc] reconnect to server error: dial tcp 103.153.2.125:7000: connect: network is unreachable#033[0m
Nov 15 06:27:42 ravinder-adsb frpc[670]: 2023/11/15 06:27:42 #033[1;34m[I] [service.go:177] [4fead55a7f82f4bc] try to reconnect to server...#033[0m
Nov 15 06:27:42 ravinder-adsb frpc[670]: 2023/11/15 06:27:42 #033[1;33m[W] [service.go:180] [4fead55a7f82f4bc] reconnect to server error: dial tcp 103.153.2.125:7000: connect: network is unreachable#033[0m
Nov 15 06:27:44 ravinder-adsb reconnect-modem.py[471]: ping: Warning: source address might be selected on device other than wwan0.
Nov 15 06:27:44 ravinder-adsb frpc[670]: 2023/11/15 06:27:44 #033[1;34m[I] [service.go:177] [4fead55a7f82f4bc] try to reconnect to server...#033[0m
Nov 15 06:27:44 ravinder-adsb frpc[670]: 2023/11/15 06:27:44 #033[1;33m[W] [service.go:180] [4fead55a7f82f4bc] reconnect to server error: dial tcp 103.153.2.125:7000: connect: network is unreachable#033[0m
Nov 15 06:27:46 ravinder-adsb frpc[670]: 2023/11/15 06:27:46 #033[1;34m[I] [service.go:177] [4fead55a7f82f4bc] try to reconnect to server...#033[0m
Nov 15 06:27:46 ravinder-adsb frpc[670]: 2023/11/15 06:27:46 #033[1;33m[W] [service.go:180] [4fead55a7f82f4bc] reconnect to server error: dial tcp 103.153.2.125:7000: connect: network is unreachable#033[0m
Nov 15 06:27:48 ravinder-adsb frpc[670]: 2023/11/15 06:27:48 #033[1;34m[I] [service.go:177] [4fead55a7f82f4bc] try to reconnect to server...#033[0m
Nov 15 06:27:48 ravinder-adsb frpc[670]: 2023/11/15 06:27:48 #033[1;33m[W] [service.go:180] [4fead55a7f82f4bc] reconnect to server error: dial tcp 103.153.2.125:7000: connect: network is unreachable#033[0m
Nov 15 06:27:50 ravinder-adsb frpc[670]: 2023/11/15 06:27:50 #033[1;34m[I] [service.go:177] [4fead55a7f82f4bc] try to reconnect to server...#033[0m
Nov 15 06:27:50 ravinder-adsb frpc[670]: 2023/11/15 06:27:50 #033[1;33m[W] [service.go:180] [4fead55a7f82f4bc] reconnect to server error: dial tcp 103.153.2.125:7000: connect: network is unreachable#033[0m
Nov 15 06:27:52 ravinder-adsb frpc[670]: 2023/11/15 06:27:52 #033[1;34m[I] [service.go:177] [4fead55a7f82f4bc] try to reconnect to server...#033[0m
Nov 15 06:27:52 ravinder-adsb frpc[670]: 2023/11/15 06:27:52 #033[1;33m[W] [service.go:180] [4fead55a7f82f4bc] reconnect to server error: dial tcp 103.153.2.125:7000: connect: network is unreachable#033[0m
Nov 15 06:27:54 ravinder-adsb reconnect-modem.py[471]: PING 8.8.8.8 (8.8.8.8) from 0.0.0.0 wwan0: 0(28) bytes of data.
Nov 15 06:27:54 ravinder-adsb reconnect-modem.py[471]: --- 8.8.8.8 ping statistics ---
Nov 15 06:27:54 ravinder-adsb reconnect-modem.py[471]: 10 packets transmitted, 0 received, 100% packet loss, time 339ms
Nov 15 06:27:54 ravinder-adsb reconnect-modem.py[471]: connect: Network is unreachable
Nov 15 06:27:54 ravinder-adsb frpc[670]: 2023/11/15 06:27:54 #033[1;34m[I] [service.go:177] [4fead55a7f82f4bc] try to reconnect to server...#033[0m
Nov 15 06:27:54 ravinder-adsb frpc[670]: 2023/11/15 06:27:54 #033[1;33m[W] [service.go:180] [4fead55a7f82f4bc] reconnect to server error: dial tcp 103.153.2.125:7000: connect: network is unreachable#033[0m
Nov 15 06:27:56 ravinder-adsb frpc[670]: 2023/11/15 06:27:56 #033[1;34m[I] [service.go:177] [4fead55a7f82f4bc] try to reconnect to server...#033[0m
Nov 15 06:27:56 ravinder-adsb frpc[670]: 2023/11/15 06:27:56 #033[1;33m[W] [service.go:180] [4fead55a7f82f4bc] reconnect to server error: dial tcp 103.153.2.125:7000: connect: network is unreachable#033[0m
Nov 15 06:27:58 ravinder-adsb frpc[670]: 2023/11/15 06:27:58 #033[1;34m[I] [service.go:177] [4fead55a7f82f4bc] try to reconnect to server...#033[0m
Nov 15 06:27:58 ravinder-adsb frpc[670]: 2023/11/15 06:27:58 #033[1;33m[W] [service.go:180] [4fead55a7f82f4bc] reconnect to server error: dial tcp 103.153.2.125:7000: connect: network is unreachable#033[0m
Nov 15 06:27:59 ravinder-adsb reconnect-modem.py[471]: ping: Warning: source address might be selected on device other than wwan0.
Nov 15 06:28:00 ravinder-adsb frpc[670]: 2023/11/15 06:28:00 #033[1;34m[I] [service.go:177] [4fead55a7f82f4bc] try to reconnect to server...#033[0m
Nov 15 06:28:00 ravinder-adsb frpc[670]: 2023/11/15 06:28:00 #033[1;33m[W] [service.go:180] [4fead55a7f82f4bc] reconnect to server error: dial tcp 103.153.2.125:7000: connect: network is unreachable#033[0m
Nov 15 06:28:02 ravinder-adsb frpc[670]: 2023/11/15 06:28:02 #033[1;34m[I] [service.go:177] [4fead55a7f82f4bc] try to reconnect to server...#033[0m
Nov 15 06:28:02 ravinder-adsb frpc[670]: 2023/11/15 06:28:02 #033[1;33m[W] [service.go:180] [4fead55a7f82f4bc] reconnect to server error: dial tcp 103.153.2.125:7000: connect: network is unreachable#033[0m
Nov 15 06:28:04 ravinder-adsb frpc[670]: 2023/11/15 06:28:04 #033[1;34m[I] [service.go:177] [4fead55a7f82f4bc] try to reconnect to server...#033[0m
Nov 15 06:28:04 ravinder-adsb frpc[670]: 2023/11/15 06:28:04 #033[1;33m[W] [service.go:180] [4fead55a7f82f4bc] reconnect to server error: dial tcp 103.153.2.125:7000: connect: network is unreachable#033[0m
Nov 15 06:28:06 ravinder-adsb frpc[670]: 2023/11/15 06:28:06 #033[1;34m[I] [service.go:177] [4fead55a7f82f4bc] try to reconnect to server...#033[0m
Nov 15 06:28:06 ravinder-adsb frpc[670]: 2023/11/15 06:28:06 #033[1;33m[W] [service.go:180] [4fead55a7f82f4bc] reconnect to server error: dial tcp 103.153.2.125:7000: connect: network is unreachable#033[0m
Nov 15 06:28:08 ravinder-adsb frpc[670]: 2023/11/15 06:28:08 #033[1;34m[I] [service.go:177] [4fead55a7f82f4bc] try to reconnect to server...#033[0m
Nov 15 06:28:08 ravinder-adsb frpc[670]: 2023/11/15 06:28:08 #033[1;33m[W] [service.go:180] [4fead55a7f82f4bc] reconnect to server error: dial tcp 103.153.2.125:7000: connect: network is unreachable#033[0m
Nov 15 06:28:09 ravinder-adsb reconnect-modem.py[471]: PING 8.8.8.8 (8.8.8.8) from 0.0.0.0 wwan0: 0(28) bytes of data.
Nov 15 06:28:09 ravinder-adsb reconnect-modem.py[471]: --- 8.8.8.8 ping statistics ---
Nov 15 06:28:09 ravinder-adsb reconnect-modem.py[471]: 10 packets transmitted, 0 received, 100% packet loss, time 341ms
Nov 15 06:28:09 ravinder-adsb reconnect-modem.py[471]: connect: Network is unreachable
Nov 15 06:28:10 ravinder-adsb frpc[670]: 2023/11/15 06:28:10 #033[1;34m[I] [service.go:177] [4fead55a7f82f4bc] try to reconnect to server...#033[0m
Nov 15 06:28:10 ravinder-adsb frpc[670]: 2023/11/15 06:28:10 #033[1;33m[W] [service.go:180] [4fead55a7f82f4bc] reconnect to server error: dial tcp 103.153.2.125:7000: connect: network is unreachable#033[0m
Nov 15 06:28:12 ravinder-adsb frpc[670]: 2023/11/15 06:28:12 #033[1;34m[I] [service.go:177] [4fead55a7f82f4bc] try to reconnect to server...#033[0m
Nov 15 06:28:12 ravinder-adsb frpc[670]: 2023/11/15 06:28:12 #033[1;33m[W] [service.go:180] [4fead55a7f82f4bc] reconnect to server error: dial tcp 103.153.2.125:7000: connect: network is unreachable#033[0m
Nov 15 06:28:14 ravinder-adsb reconnect-modem.py[471]: ping: Warning: source address might be selected on device other than wwan0.
Nov 15 06:28:14 ravinder-adsb frpc[670]: 2023/11/15 06:28:14 #033[1;34m[I] [service.go:177] [4fead55a7f82f4bc] try to reconnect to server...#033[0m
Nov 15 06:28:14 ravinder-adsb frpc[670]: 2023/11/15 06:28:14 #033[1;33m[W] [service.go:180] [4fead55a7f82f4bc] reconnect to server error: dial tcp 103.153.2.125:7000: connect: network is unreachable#033[0m
Nov 15 06:28:16 ravinder-adsb frpc[670]: 2023/11/15 06:28:16 #033[1;34m[I] [service.go:177] [4fead55a7f82f4bc] try to reconnect to server...#033[0m
Nov 15 06:28:16 ravinder-adsb frpc[670]: 2023/11/15 06:28:16 #033[1;33m[W] [service.go:180] [4fead55a7f82f4bc] reconnect to server error: dial tcp 103.153.2.125:7000: connect: network is unreachable#033[0m
Nov 15 06:28:18 ravinder-adsb frpc[670]: 2023/11/15 06:28:18 #033[1;34m[I] [service.go:177] [4fead55a7f82f4bc] try to reconnect to server...#033[0m
Nov 15 06:28:18 ravinder-adsb frpc[670]: 2023/11/15 06:28:18 #033[1;33m[W] [service.go:180] [4fead55a7f82f4bc] reconnect to server error: dial tcp 103.153.2.125:7000: connect: network is unreachable#033[0m
Nov 15 06:28:20 ravinder-adsb frpc[670]: 2023/11/15 06:28:20 #033[1;34m[I] [service.go:177] [4fead55a7f82f4bc] try to reconnect to server...#033[0m
Nov 15 06:28:20 ravinder-adsb frpc[670]: 2023/11/15 06:28:20 #033[1;33m[W] [service.go:180] [4fead55a7f82f4bc] reconnect to server error: dial tcp 103.153.2.125:7000: connect: network is unreachable#033[0m
Nov 15 06:28:22 ravinder-adsb frpc[670]: 2023/11/15 06:28:22 #033[1;34m[I] [service.go:177] [4fead55a7f82f4bc] try to reconnect to server...#033[0m
Nov 15 06:28:22 ravinder-adsb frpc[670]: 2023/11/15 06:28:22 #033[1;33m[W] [service.go:180] [4fead55a7f82f4bc] reconnect to server error: dial tcp 103.153.2.125:7000: connect: network is unreachable#033[0m
Nov 15 06:28:24 ravinder-adsb reconnect-modem.py[471]: PING 8.8.8.8 (8.8.8.8) from 0.0.0.0 wwan0: 0(28) bytes of data.
Nov 15 06:28:24 ravinder-adsb reconnect-modem.py[471]: --- 8.8.8.8 ping statistics ---
Nov 15 06:28:24 ravinder-adsb reconnect-modem.py[471]: 10 packets transmitted, 0 received, 100% packet loss, time 342ms
Nov 15 06:28:24 ravinder-adsb reconnect-modem.py[471]: connect: Network is unreachable
Nov 15 06:28:24 ravinder-adsb frpc[670]: 2023/11/15 06:28:24 #033[1;34m[I] [service.go:177] [4fead55a7f82f4bc] try to reconnect to server...#033[0m
Nov 15 06:28:24 ravinder-adsb frpc[670]: 2023/11/15 06:28:24 #033[1;33m[W] [service.go:180] [4fead55a7f82f4bc] reconnect to server error: dial tcp 103.153.2.125:7000: connect: network is unreachable#033[0m
Nov 15 06:28:26 ravinder-adsb frpc[670]: 2023/11/15 06:28:26 #033[1;34m[I] [service.go:177] [4fead55a7f82f4bc] try to reconnect to server...#033[0m
Nov 15 06:28:26 ravinder-adsb frpc[670]: 2023/11/15 06:28:26 #033[1;33m[W] [service.go:180] [4fead55a7f82f4bc] reconnect to server error: dial tcp 103.153.2.125:7000: connect: network is unreachable#033[0m
Nov 15 06:28:28 ravinder-adsb frpc[670]: 2023/11/15 06:28:28 #033[1;34m[I] [service.go:177] [4fead55a7f82f4bc] try to reconnect to server...#033[0m
Nov 15 06:28:28 ravinder-adsb frpc[670]: 2023/11/15 06:28:28 #033[1;33m[W] [service.go:180] [4fead55a7f82f4bc] reconnect to server error: dial tcp 103.153.2.125:7000: connect: network is unreachable#033[0m
Nov 15 06:28:29 ravinder-adsb reconnect-modem.py[471]: ping: Warning: source address might be selected on device other than wwan0.
Nov 15 06:28:30 ravinder-adsb frpc[670]: 2023/11/15 06:28:30 #033[1;34m[I] [service.go:177] [4fead55a7f82f4bc] try to reconnect to server...#033[0m
Nov 15 06:28:30 ravinder-adsb frpc[670]: 2023/11/15 06:28:30 #033[1;33m[W] [service.go:180] [4fead55a7f82f4bc] reconnect to server error: dial tcp 103.153.2.125:7000: connect: network is unreachable#033[0m
Nov 15 06:28:32 ravinder-adsb frpc[670]: 2023/11/15 06:28:32 #033[1;34m[I] [service.go:177] [4fead55a7f82f4bc] try to reconnect to server...#033[0m
Nov 15 06:28:32 ravinder-adsb frpc[670]: 2023/11/15 06:28:32 #033[1;33m[W] [service.go:180] [4fead55a7f82f4bc] reconnect to server error: dial tcp 103.153.2.125:7000: connect: network is unreachable#033[0m
Nov 15 06:28:34 ravinder-adsb frpc[670]: 2023/11/15 06:28:34 #033[1;34m[I] [service.go:177] [4fead55a7f82f4bc] try to reconnect to server...#033[0m
Nov 15 06:28:34 ravinder-adsb frpc[670]: 2023/11/15 06:28:34 #033[1;33m[W] [service.go:180] [4fead55a7f82f4bc] reconnect to server error: dial tcp 103.153.2.125:7000: connect: network is unreachable#033[0m
Nov 15 06:28:36 ravinder-adsb frpc[670]: 2023/11/15 06:28:36 #033[1;34m[I] [service.go:177] [4fead55a7f82f4bc] try to reconnect to server...#033[0m
Nov 15 06:28:36 ravinder-adsb frpc[670]: 2023/11/15 06:28:36 #033[1;33m[W] [service.go:180] [4fead55a7f82f4bc] reconnect to server error: dial tcp 103.153.2.125:7000: connect: network is unreachable#033[0m
Nov 15 06:28:38 ravinder-adsb frpc[670]: 2023/11/15 06:28:38 #033[1;34m[I] [service.go:177] [4fead55a7f82f4bc] try to reconnect to server...#033[0m
Nov 15 06:28:38 ravinder-adsb frpc[670]: 2023/11/15 06:28:38 #033[1;33m[W] [service.go:180] [4fead55a7f82f4bc] reconnect to server error: dial tcp 103.153.2.125:7000: connect: network is unreachable#033[0m
Nov 15 06:28:39 ravinder-adsb reconnect-modem.py[471]: PING 8.8.8.8 (8.8.8.8) from 0.0.0.0 wwan0: 0(28) bytes of data.
Nov 15 06:28:39 ravinder-adsb reconnect-modem.py[471]: --- 8.8.8.8 ping statistics ---
Nov 15 06:28:39 ravinder-adsb reconnect-modem.py[471]: 10 packets transmitted, 0 received, 100% packet loss, time 343ms
Nov 15 06:28:39 ravinder-adsb reconnect-modem.py[471]: connect: Network is unreachable
Nov 15 06:28:40 ravinder-adsb frpc[670]: 2023/11/15 06:28:40 #033[1;34m[I] [service.go:177] [4fead55a7f82f4bc] try to reconnect to server...#033[0m
