Nov 16 06:23:22 ravinder-adsb frpc[670]: 2023/11/16 06:23:22 #033[1;34m[I] [service.go:177] [4fead55a7f82f4bc] try to reconnect to server...#033[0m
Nov 16 06:23:22 ravinder-adsb frpc[670]: 2023/11/16 06:23:22 #033[1;33m[W] [service.go:180] [4fead55a7f82f4bc] reconnect to server error: dial tcp 103.153.2.125:7000: connect: network is unreachable#033[0m
Nov 16 06:23:24 ravinder-adsb frpc[670]: 2023/11/16 06:23:24 #033[1;34m[I] [service.go:177] [4fead55a7f82f4bc] try to reconnect to server...#033[0m
Nov 16 06:23:24 ravinder-adsb frpc[670]: 2023/11/16 06:23:24 #033[1;33m[W] [service.go:180] [4fead55a7f82f4bc] reconnect to server error: dial tcp 103.153.2.125:7000: connect: network is unreachable#033[0m
Nov 16 06:23:26 ravinder-adsb frpc[670]: 2023/11/16 06:23:26 #033[1;34m[I] [service.go:177] [4fead55a7f82f4bc] try to reconnect to server...#033[0m
Nov 16 06:23:26 ravinder-adsb frpc[670]: 2023/11/16 06:23:26 #033[1;33m[W] [service.go:180] [4fead55a7f82f4bc] reconnect to server error: dial tcp 103.153.2.125:7000: connect: network is unreachable#033[0m
Nov 16 06:23:28 ravinder-adsb frpc[670]: 2023/11/16 06:23:28 #033[1;34m[I] [service.go:177] [4fead55a7f82f4bc] try to reconnect to server...#033[0m
Nov 16 06:23:28 ravinder-adsb frpc[670]: 2023/11/16 06:23:28 #033[1;33m[W] [service.go:180] [4fead55a7f82f4bc] reconnect to server error: dial tcp 103.153.2.125:7000: connect: network is unreachable#033[0m
Nov 16 06:23:28 ravinder-adsb reconnect-modem.py[471]: PING 8.8.8.8 (8.8.8.8) from 0.0.0.0 wwan0: 0(28) bytes of data.
Nov 16 06:23:28 ravinder-adsb reconnect-modem.py[471]: --- 8.8.8.8 ping statistics ---
Nov 16 06:23:28 ravinder-adsb reconnect-modem.py[471]: 10 packets transmitted, 0 received, 100% packet loss, time 401ms
Nov 16 06:23:28 ravinder-adsb reconnect-modem.py[471]: connect: Network is unreachable
Nov 16 06:23:30 ravinder-adsb frpc[670]: 2023/11/16 06:23:30 #033[1;34m[I] [service.go:177] [4fead55a7f82f4bc] try to reconnect to server...#033[0m
Nov 16 06:23:30 ravinder-adsb frpc[670]: 2023/11/16 06:23:30 #033[1;33m[W] [service.go:180] [4fead55a7f82f4bc] reconnect to server error: dial tcp 103.153.2.125:7000: connect: network is unreachable#033[0m
Nov 16 06:23:32 ravinder-adsb frpc[670]: 2023/11/16 06:23:32 #033[1;34m[I] [service.go:177] [4fead55a7f82f4bc] try to reconnect to server...#033[0m
Nov 16 06:23:32 ravinder-adsb frpc[670]: 2023/11/16 06:23:32 #033[1;33m[W] [service.go:180] [4fead55a7f82f4bc] reconnect to server error: dial tcp 103.153.2.125:7000: connect: network is unreachable#033[0m
Nov 16 06:23:33 ravinder-adsb reconnect-modem.py[471]: ping: Warning: source address might be selected on device other than wwan0.
Nov 16 06:23:34 ravinder-adsb frpc[670]: 2023/11/16 06:23:34 #033[1;34m[I] [service.go:177] [4fead55a7f82f4bc] try to reconnect to server...#033[0m
Nov 16 06:23:34 ravinder-adsb frpc[670]: 2023/11/16 06:23:34 #033[1;33m[W] [service.go:180] [4fead55a7f82f4bc] reconnect to server error: dial tcp 103.153.2.125:7000: connect: network is unreachable#033[0m
Nov 16 06:23:36 ravinder-adsb frpc[670]: 2023/11/16 06:23:36 #033[1;34m[I] [service.go:177] [4fead55a7f82f4bc] try to reconnect to server...#033[0m
Nov 16 06:23:36 ravinder-adsb frpc[670]: 2023/11/16 06:23:36 #033[1;33m[W] [service.go:180] [4fead55a7f82f4bc] reconnect to server error: dial tcp 103.153.2.125:7000: connect: network is unreachable#033[0m
Nov 16 06:23:38 ravinder-adsb frpc[670]: 2023/11/16 06:23:38 #033[1;34m[I] [service.go:177] [4fead55a7f82f4bc] try to reconnect to server...#033[0m
Nov 16 06:23:38 ravinder-adsb frpc[670]: 2023/11/16 06:23:38 #033[1;33m[W] [service.go:180] [4fead55a7f82f4bc] reconnect to server error: dial tcp 103.153.2.125:7000: connect: network is unreachable#033[0m
Nov 16 06:23:40 ravinder-adsb frpc[670]: 2023/11/16 06:23:40 #033[1;34m[I] [service.go:177] [4fead55a7f82f4bc] try to reconnect to server...#033[0m
Nov 16 06:23:40 ravinder-adsb frpc[670]: 2023/11/16 06:23:40 #033[1;33m[W] [service.go:180] [4fead55a7f82f4bc] reconnect to server error: dial tcp 103.153.2.125:7000: connect: network is unreachable#033[0m
Nov 16 06:23:42 ravinder-adsb frpc[670]: 2023/11/16 06:23:42 #033[1;34m[I] [service.go:177] [4fead55a7f82f4bc] try to reconnect to server...#033[0m
Nov 16 06:23:42 ravinder-adsb frpc[670]: 2023/11/16 06:23:42 #033[1;33m[W] [service.go:180] [4fead55a7f82f4bc] reconnect to server error: dial tcp 103.153.2.125:7000: connect: network is unreachable#033[0m
Nov 16 06:23:43 ravinder-adsb reconnect-modem.py[471]: PING 8.8.8.8 (8.8.8.8) from 0.0.0.0 wwan0: 0(28) bytes of data.
Nov 16 06:23:43 ravinder-adsb reconnect-modem.py[471]: --- 8.8.8.8 ping statistics ---
Nov 16 06:23:43 ravinder-adsb reconnect-modem.py[471]: 10 packets transmitted, 0 received, 100% packet loss, time 404ms
Nov 16 06:23:43 ravinder-adsb reconnect-modem.py[471]: connect: Network is unreachable
Nov 16 06:23:44 ravinder-adsb frpc[670]: 2023/11/16 06:23:44 #033[1;34m[I] [service.go:177] [4fead55a7f82f4bc] try to reconnect to server...#033[0m
Nov 16 06:23:44 ravinder-adsb frpc[670]: 2023/11/16 06:23:44 #033[1;33m[W] [service.go:180] [4fead55a7f82f4bc] reconnect to server error: dial tcp 103.153.2.125:7000: connect: network is unreachable#033[0m
Nov 16 06:23:46 ravinder-adsb frpc[670]: 2023/11/16 06:23:46 #033[1;34m[I] [service.go:177] [4fead55a7f82f4bc] try to reconnect to server...#033[0m
Nov 16 06:23:46 ravinder-adsb frpc[670]: 2023/11/16 06:23:46 #033[1;33m[W] [service.go:180] [4fead55a7f82f4bc] reconnect to server error: dial tcp 103.153.2.125:7000: connect: network is unreachable#033[0m
Nov 16 06:23:48 ravinder-adsb frpc[670]: 2023/11/16 06:23:48 #033[1;34m[I] [service.go:177] [4fead55a7f82f4bc] try to reconnect to server...#033[0m
Nov 16 06:23:48 ravinder-adsb frpc[670]: 2023/11/16 06:23:48 #033[1;33m[W] [service.go:180] [4fead55a7f82f4bc] reconnect to server error: dial tcp 103.153.2.125:7000: connect: network is unreachable#033[0m
Nov 16 06:23:48 ravinder-adsb reconnect-modem.py[471]: ping: Warning: source address might be selected on device other than wwan0.
Nov 16 06:23:50 ravinder-adsb frpc[670]: 2023/11/16 06:23:50 #033[1;34m[I] [service.go:177] [4fead55a7f82f4bc] try to reconnect to server...#033[0m
Nov 16 06:23:50 ravinder-adsb frpc[670]: 2023/11/16 06:23:50 #033[1;33m[W] [service.go:180] [4fead55a7f82f4bc] reconnect to server error: dial tcp 103.153.2.125:7000: connect: network is unreachable#033[0m
Nov 16 06:23:52 ravinder-adsb frpc[670]: 2023/11/16 06:23:52 #033[1;34m[I] [service.go:177] [4fead55a7f82f4bc] try to reconnect to server...#033[0m
Nov 16 06:23:52 ravinder-adsb frpc[670]: 2023/11/16 06:23:52 #033[1;33m[W] [service.go:180] [4fead55a7f82f4bc] reconnect to server error: dial tcp 103.153.2.125:7000: connect: network is unreachable#033[0m
Nov 16 06:23:54 ravinder-adsb frpc[670]: 2023/11/16 06:23:54 #033[1;34m[I] [service.go:177] [4fead55a7f82f4bc] try to reconnect to server...#033[0m
Nov 16 06:23:54 ravinder-adsb frpc[670]: 2023/11/16 06:23:54 #033[1;33m[W] [service.go:180] [4fead55a7f82f4bc] reconnect to server error: dial tcp 103.153.2.125:7000: connect: network is unreachable#033[0m
Nov 16 06:23:56 ravinder-adsb frpc[670]: 2023/11/16 06:23:56 #033[1;34m[I] [service.go:177] [4fead55a7f82f4bc] try to reconnect to server...#033[0m
Nov 16 06:23:56 ravinder-adsb frpc[670]: 2023/11/16 06:23:56 #033[1;33m[W] [service.go:180] [4fead55a7f82f4bc] reconnect to server error: dial tcp 103.153.2.125:7000: connect: network is unreachable#033[0m
Nov 16 06:23:58 ravinder-adsb frpc[670]: 2023/11/16 06:23:58 #033[1;34m[I] [service.go:177] [4fead55a7f82f4bc] try to reconnect to server...#033[0m
Nov 16 06:23:58 ravinder-adsb frpc[670]: 2023/11/16 06:23:58 #033[1;33m[W] [service.go:180] [4fead55a7f82f4bc] reconnect to server error: dial tcp 103.153.2.125:7000: connect: network is unreachable#033[0m
Nov 16 06:23:58 ravinder-adsb reconnect-modem.py[471]: PING 8.8.8.8 (8.8.8.8) from 0.0.0.0 wwan0: 0(28) bytes of data.
Nov 16 06:23:58 ravinder-adsb reconnect-modem.py[471]: --- 8.8.8.8 ping statistics ---
Nov 16 06:23:58 ravinder-adsb reconnect-modem.py[471]: 10 packets transmitted, 0 received, 100% packet loss, time 406ms
Nov 16 06:23:58 ravinder-adsb reconnect-modem.py[471]: connect: Network is unreachable
Nov 16 06:24:00 ravinder-adsb frpc[670]: 2023/11/16 06:24:00 #033[1;34m[I] [service.go:177] [4fead55a7f82f4bc] try to reconnect to server...#033[0m
Nov 16 06:24:00 ravinder-adsb frpc[670]: 2023/11/16 06:24:00 #033[1;33m[W] [service.go:180] [4fead55a7f82f4bc] reconnect to server error: dial tcp 103.153.2.125:7000: connect: network is unreachable#033[0m
Nov 16 06:24:02 ravinder-adsb frpc[670]: 2023/11/16 06:24:02 #033[1;34m[I] [service.go:177] [4fead55a7f82f4bc] try to reconnect to server...#033[0m
Nov 16 06:24:02 ravinder-adsb frpc[670]: 2023/11/16 06:24:02 #033[1;33m[W] [service.go:180] [4fead55a7f82f4bc] reconnect to server error: dial tcp 103.153.2.125:7000: connect: network is unreachable#033[0m
Nov 16 06:24:04 ravinder-adsb reconnect-modem.py[471]: ping: Warning: source address might be selected on device other than wwan0.
Nov 16 06:24:04 ravinder-adsb frpc[670]: 2023/11/16 06:24:04 #033[1;34m[I] [service.go:177] [4fead55a7f82f4bc] try to reconnect to server...#033[0m
Nov 16 06:24:04 ravinder-adsb frpc[670]: 2023/11/16 06:24:04 #033[1;33m[W] [service.go:180] [4fead55a7f82f4bc] reconnect to server error: dial tcp 103.153.2.125:7000: connect: network is unreachable#033[0m
Nov 16 06:24:06 ravinder-adsb frpc[670]: 2023/11/16 06:24:06 #033[1;34m[I] [service.go:177] [4fead55a7f82f4bc] try to reconnect to server...#033[0m
Nov 16 06:24:06 ravinder-adsb frpc[670]: 2023/11/16 06:24:06 #033[1;33m[W] [service.go:180] [4fead55a7f82f4bc] reconnect to server error: dial tcp 103.153.2.125:7000: connect: network is unreachable#033[0m
Nov 16 06:24:08 ravinder-adsb frpc[670]: 2023/11/16 06:24:08 #033[1;34m[I] [service.go:177] [4fead55a7f82f4bc] try to reconnect to server...#033[0m
Nov 16 06:24:08 ravinder-adsb frpc[670]: 2023/11/16 06:24:08 #033[1;33m[W] [service.go:180] [4fead55a7f82f4bc] reconnect to server error: dial tcp 103.153.2.125:7000: connect: network is unreachable#033[0m
Nov 16 06:24:10 ravinder-adsb frpc[670]: 2023/11/16 06:24:10 #033[1;34m[I] [service.go:177] [4fead55a7f82f4bc] try to reconnect to server...#033[0m
Nov 16 06:24:10 ravinder-adsb frpc[670]: 2023/11/16 06:24:10 #033[1;33m[W] [service.go:180] [4fead55a7f82f4bc] reconnect to server error: dial tcp 103.153.2.125:7000: connect: network is unreachable#033[0m
Nov 16 06:24:12 ravinder-adsb frpc[670]: 2023/11/16 06:24:12 #033[1;34m[I] [service.go:177] [4fead55a7f82f4bc] try to reconnect to server...#033[0m
Nov 16 06:24:12 ravinder-adsb frpc[670]: 2023/11/16 06:24:12 #033[1;33m[W] [service.go:180] [4fead55a7f82f4bc] reconnect to server error: dial tcp 103.153.2.125:7000: connect: network is unreachable#033[0m
Nov 16 06:24:14 ravinder-adsb reconnect-modem.py[471]: PING 8.8.8.8 (8.8.8.8) from 0.0.0.0 wwan0: 0(28) bytes of data.
Nov 16 06:24:14 ravinder-adsb reconnect-modem.py[471]: --- 8.8.8.8 ping statistics ---
Nov 16 06:24:14 ravinder-adsb reconnect-modem.py[471]: 10 packets transmitted, 0 received, 100% packet loss, time 408ms
Nov 16 06:24:14 ravinder-adsb reconnect-modem.py[471]: connect: Network is unreachable
Nov 16 06:24:14 ravinder-adsb frpc[670]: 2023/11/16 06:24:14 #033[1;34m[I] [service.go:177] [4fead55a7f82f4bc] try to reconnect to server...#033[0m
Nov 16 06:24:14 ravinder-adsb frpc[670]: 2023/11/16 06:24:14 #033[1;33m[W] [service.go:180] [4fead55a7f82f4bc] reconnect to server error: dial tcp 103.153.2.125:7000: connect: network is unreachable#033[0m
Nov 16 06:24:16 ravinder-adsb frpc[670]: 2023/11/16 06:24:16 #033[1;34m[I] [service.go:177] [4fead55a7f82f4bc] try to reconnect to server...#033[0m
Nov 16 06:24:16 ravinder-adsb frpc[670]: 2023/11/16 06:24:16 #033[1;33m[W] [service.go:180] [4fead55a7f82f4bc] reconnect to server error: dial tcp 103.153.2.125:7000: connect: network is unreachable#033[0m
Nov 16 06:24:18 ravinder-adsb frpc[670]: 2023/11/16 06:24:18 #033[1;34m[I] [service.go:177] [4fead55a7f82f4bc] try to reconnect to server...#033[0m
Nov 16 06:24:18 ravinder-adsb frpc[670]: 2023/11/16 06:24:18 #033[1;33m[W] [service.go:180] [4fead55a7f82f4bc] reconnect to server error: dial tcp 103.153.2.125:7000: connect: network is unreachable#033[0m
Nov 16 06:24:19 ravinder-adsb reconnect-modem.py[471]: ping: Warning: source address might be selected on device other than wwan0.
Nov 16 06:24:20 ravinder-adsb frpc[670]: 2023/11/16 06:24:20 #033[1;34m[I] [service.go:177] [4fead55a7f82f4bc] try to reconnect to server...#033[0m
Nov 16 06:24:20 ravinder-adsb frpc[670]: 2023/11/16 06:24:20 #033[1;33m[W] [service.go:180] [4fead55a7f82f4bc] reconnect to server error: dial tcp 103.153.2.125:7000: connect: network is unreachable#033[0m
Nov 16 06:24:22 ravinder-adsb frpc[670]: 2023/11/16 06:24:22 #033[1;34m[I] [service.go:177] [4fead55a7f82f4bc] try to reconnect to server...#033[0m
Nov 16 06:24:22 ravinder-adsb frpc[670]: 2023/11/16 06:24:22 #033[1;33m[W] [service.go:180] [4fead55a7f82f4bc] reconnect to server error: dial tcp 103.153.2.125:7000: connect: network is unreachable#033[0m
Nov 16 06:24:24 ravinder-adsb frpc[670]: 2023/11/16 06:24:24 #033[1;34m[I] [service.go:177] [4fead55a7f82f4bc] try to reconnect to server...#033[0m
Nov 16 06:24:24 ravinder-adsb frpc[670]: 2023/11/16 06:24:24 #033[1;33m[W] [service.go:180] [4fead55a7f82f4bc] reconnect to server error: dial tcp 103.153.2.125:7000: connect: network is unreachable#033[0m
Nov 16 06:24:26 ravinder-adsb frpc[670]: 2023/11/16 06:24:26 #033[1;34m[I] [service.go:177] [4fead55a7f82f4bc] try to reconnect to server...#033[0m
Nov 16 06:24:26 ravinder-adsb frpc[670]: 2023/11/16 06:24:26 #033[1;33m[W] [service.go:180] [4fead55a7f82f4bc] reconnect to server error: dial tcp 103.153.2.125:7000: connect: network is unreachable#033[0m
Nov 16 06:24:28 ravinder-adsb frpc[670]: 2023/11/16 06:24:28 #033[1;34m[I] [service.go:177] [4fead55a7f82f4bc] try to reconnect to server...#033[0m
Nov 16 06:24:28 ravinder-adsb frpc[670]: 2023/11/16 06:24:28 #033[1;33m[W] [service.go:180] [4fead55a7f82f4bc] reconnect to server error: dial tcp 103.153.2.125:7000: connect: network is unreachable#033[0m
Nov 16 06:24:29 ravinder-adsb reconnect-modem.py[471]: PING 8.8.8.8 (8.8.8.8) from 0.0.0.0 wwan0: 0(28) bytes of data.
Nov 16 06:24:29 ravinder-adsb reconnect-modem.py[471]: --- 8.8.8.8 ping statistics ---
Nov 16 06:24:29 ravinder-adsb reconnect-modem.py[471]: 10 packets transmitted, 0 received, 100% packet loss, time 331ms
Nov 16 06:24:29 ravinder-adsb reconnect-modem.py[471]: connect: Network is unreachable
Nov 16 06:24:30 ravinder-adsb frpc[670]: 2023/11/16 06:24:30 #033[1;34m[I] [service.go:177] [4fead55a7f82f4bc] try to reconnect to server...#033[0m
Nov 16 06:24:30 ravinder-adsb frpc[670]: 2023/11/16 06:24:30 #033[1;33m[W] [service.go:180] [4fead55a7f82f4bc] reconnect to server error: dial tcp 103.153.2.125:7000: connect: network is unreachable#033[0m
Nov 16 06:24:32 ravinder-adsb frpc[670]: 2023/11/16 06:24:32 #033[1;34m[I] [service.go:177] [4fead55a7f82f4bc] try to reconnect to server...#033[0m
Nov 16 06:24:32 ravinder-adsb frpc[670]: 2023/11/16 06:24:32 #033[1;33m[W] [service.go:180] [4fead55a7f82f4bc] reconnect to server error: dial tcp 103.153.2.125:7000: connect: network is unreachable#033[0m
Nov 16 06:24:34 ravinder-adsb reconnect-modem.py[471]: ping: Warning: source address might be selected on device other than wwan0.
Nov 16 06:24:34 ravinder-adsb frpc[670]: 2023/11/16 06:24:34 #033[1;34m[I] [service.go:177] [4fead55a7f82f4bc] try to reconnect to server...#033[0m
Nov 16 06:24:34 ravinder-adsb frpc[670]: 2023/11/16 06:24:34 #033[1;33m[W] [service.go:180] [4fead55a7f82f4bc] reconnect to server error: dial tcp 103.153.2.125:7000: connect: network is unreachable#033[0m
Nov 16 06:24:36 ravinder-adsb frpc[670]: 2023/11/16 06:24:36 #033[1;34m[I] [service.go:177] [4fead55a7f82f4bc] try to reconnect to server...#033[0m
Nov 16 06:24:36 ravinder-adsb frpc[670]: 2023/11/16 06:24:36 #033[1;33m[W] [service.go:180] [4fead55a7f82f4bc] reconnect to server error: dial tcp 103.153.2.125:7000: connect: network is unreachable#033[0m
Nov 16 06:24:38 ravinder-adsb frpc[670]: 2023/11/16 06:24:38 #033[1;34m[I] [service.go:177] [4fead55a7f82f4bc] try to reconnect to server...#033[0m
Nov 16 06:24:38 ravinder-adsb frpc[670]: 2023/11/16 06:24:38 #033[1;33m[W] [service.go:180] [4fead55a7f82f4bc] reconnect to server error: dial tcp 103.153.2.125:7000: connect: network is unreachable#033[0m
Nov 16 06:24:40 ravinder-adsb frpc[670]: 2023/11/16 06:24:40 #033[1;34m[I] [service.go:177] [4fead55a7f82f4bc] try to reconnect to server...#033[0m
Nov 16 06:24:40 ravinder-adsb frpc[670]: 2023/11/16 06:24:40 #033[1;33m[W] [service.go:180] [4fead55a7f82f4bc] reconnect to server error: dial tcp 103.153.2.125:7000: connect: network is unreachable#033[0m
Nov 16 06:24:42 ravinder-adsb frpc[670]: 2023/11/16 06:24:42 #033[1;34m[I] [service.go:177] [4fead55a7f82f4bc] try to reconnect to server...#033[0m
Nov 16 06:24:42 ravinder-adsb frpc[670]: 2023/11/16 06:24:42 #033[1;33m[W] [service.go:180] [4fead55a7f82f4bc] reconnect to server error: dial tcp 103.153.2.125:7000: connect: network is unreachable#033[0m
Nov 16 06:24:44 ravinder-adsb reconnect-modem.py[471]: PING 8.8.8.8 (8.8.8.8) from 0.0.0.0 wwan0: 0(28) bytes of data.
Nov 16 06:24:44 ravinder-adsb reconnect-modem.py[471]: --- 8.8.8.8 ping statistics ---
Nov 16 06:24:44 ravinder-adsb reconnect-modem.py[471]: 10 packets transmitted, 0 received, 100% packet loss, time 333ms
Nov 16 06:24:44 ravinder-adsb reconnect-modem.py[471]: connect: Network is unreachable
Nov 16 06:24:44 ravinder-adsb frpc[670]: 2023/11/16 06:24:44 #033[1;34m[I] [service.go:177] [4fead55a7f82f4bc] try to reconnect to server...#033[0m
Nov 16 06:24:44 ravinder-adsb frpc[670]: 2023/11/16 06:24:44 #033[1;33m[W] [service.go:180] [4fead55a7f82f4bc] reconnect to server error: dial tcp 103.153.2.125:7000: connect: network is unreachable#033[0m
Nov 16 06:24:46 ravinder-adsb frpc[670]: 2023/11/16 06:24:46 #033[1;34m[I] [service.go:177] [4fead55a7f82f4bc] try to reconnect to server...#033[0m
Nov 16 06:24:46 ravinder-adsb frpc[670]: 2023/11/16 06:24:46 #033[1;33m[W] [service.go:180] [4fead55a7f82f4bc] reconnect to server error: dial tcp 103.153.2.125:7000: connect: network is unreachable#033[0m
Nov 16 06:24:48 ravinder-adsb frpc[670]: 2023/11/16 06:24:48 #033[1;34m[I] [service.go:177] [4fead55a7f82f4bc] try to reconnect to server...#033[0m
Nov 16 06:24:48 ravinder-adsb frpc[670]: 2023/11/16 06:24:48 #033[1;33m[W] [service.go:180] [4fead55a7f82f4bc] reconnect to server error: dial tcp 103.153.2.125:7000: connect: network is unreachable#033[0m
Nov 16 06:24:49 ravinder-adsb reconnect-modem.py[471]: ping: Warning: source address might be selected on device other than wwan0.
Nov 16 06:24:50 ravinder-adsb frpc[670]: 2023/11/16 06:24:50 #033[1;34m[I] [service.go:177] [4fead55a7f82f4bc] try to reconnect to server...#033[0m
Nov 16 06:24:50 ravinder-adsb frpc[670]: 2023/11/16 06:24:50 #033[1;33m[W] [service.go:180] [4fead55a7f82f4bc] reconnect to server error: dial tcp 103.153.2.125:7000: connect: network is unreachable#033[0m
Nov 16 06:24:52 ravinder-adsb frpc[670]: 2023/11/16 06:24:52 #033[1;34m[I] [service.go:177] [4fead55a7f82f4bc] try to reconnect to server...#033[0m
Nov 16 06:24:52 ravinder-adsb frpc[670]: 2023/11/16 06:24:52 #033[1;33m[W] [service.go:180] [4fead55a7f82f4bc] reconnect to server error: dial tcp 103.153.2.125:7000: connect: network is unreachable#033[0m
Nov 16 06:24:54 ravinder-adsb frpc[670]: 2023/11/16 06:24:54 #033[1;34m[I] [service.go:177] [4fead55a7f82f4bc] try to reconnect to server...#033[0m
Nov 16 06:24:54 ravinder-adsb frpc[670]: 2023/11/16 06:24:54 #033[1;33m[W] [service.go:180] [4fead55a7f82f4bc] reconnect to server error: dial tcp 103.153.2.125:7000: connect: network is unreachable#033[0m
Nov 16 06:24:56 ravinder-adsb frpc[670]: 2023/11/16 06:24:56 #033[1;34m[I] [service.go:177] [4fead55a7f82f4bc] try to reconnect to server...#033[0m
Nov 16 06:24:56 ravinder-adsb frpc[670]: 2023/11/16 06:24:56 #033[1;33m[W] [service.go:180] [4fead55a7f82f4bc] reconnect to server error: dial tcp 103.153.2.125:7000: connect: network is unreachable#033[0m
Nov 16 06:24:58 ravinder-adsb frpc[670]: 2023/11/16 06:24:58 #033[1;34m[I] [service.go:177] [4fead55a7f82f4bc] try to reconnect to server...#033[0m
Nov 16 06:24:58 ravinder-adsb frpc[670]: 2023/11/16 06:24:58 #033[1;33m[W] [service.go:180] [4fead55a7f82f4bc] reconnect to server error: dial tcp 103.153.2.125:7000: connect: network is unreachable#033[0m
Nov 16 06:24:59 ravinder-adsb reconnect-modem.py[471]: PING 8.8.8.8 (8.8.8.8) from 0.0.0.0 wwan0: 0(28) bytes of data.
Nov 16 06:24:59 ravinder-adsb reconnect-modem.py[471]: --- 8.8.8.8 ping statistics ---
Nov 16 06:24:59 ravinder-adsb reconnect-modem.py[471]: 10 packets transmitted, 0 received, 100% packet loss, time 338ms
Nov 16 06:24:59 ravinder-adsb reconnect-modem.py[471]: connect: Network is unreachable
Nov 16 06:25:00 ravinder-adsb frpc[670]: 2023/11/16 06:25:00 #033[1;34m[I] [service.go:177] [4fead55a7f82f4bc] try to reconnect to server...#033[0m
Nov 16 06:25:00 ravinder-adsb frpc[670]: 2023/11/16 06:25:00 #033[1;33m[W] [service.go:180] [4fead55a7f82f4bc] reconnect to server error: dial tcp 103.153.2.125:7000: connect: network is unreachable#033[0m
Nov 16 06:25:02 ravinder-adsb frpc[670]: 2023/11/16 06:25:02 #033[1;34m[I] [service.go:177] [4fead55a7f82f4bc] try to reconnect to server...#033[0m
Nov 16 06:25:02 ravinder-adsb frpc[670]: 2023/11/16 06:25:02 #033[1;33m[W] [service.go:180] [4fead55a7f82f4bc] reconnect to server error: dial tcp 103.153.2.125:7000: connect: network is unreachable#033[0m
Nov 16 06:25:02 ravinder-adsb systemd[1]: Created slice User Slice of UID 33.
Nov 16 06:25:02 ravinder-adsb systemd[1]: Starting User Runtime Directory /run/user/33...
Nov 16 06:25:02 ravinder-adsb systemd[1]: Started User Runtime Directory /run/user/33.
Nov 16 06:25:02 ravinder-adsb systemd[1]: Starting User Manager for UID 33...
Nov 16 06:25:02 ravinder-adsb systemd[10673]: gpgconf: running /usr/bin/gpg-agent failed (exitcode=2): General error
Nov 16 06:25:02 ravinder-adsb systemd[10673]: gpgconf: fatal error (exit status 1)
Nov 16 06:25:02 ravinder-adsb systemd[10673]: Listening on GnuPG cryptographic agent and passphrase cache.
Nov 16 06:25:02 ravinder-adsb systemd[10673]: Reached target Timers.
Nov 16 06:25:02 ravinder-adsb systemd[10673]: Listening on GnuPG cryptographic agent and passphrase cache (restricted).
Nov 16 06:25:02 ravinder-adsb systemd[10673]: Reached target Paths.
Nov 16 06:25:02 ravinder-adsb systemd[10673]: Listening on GnuPG network certificate management daemon.
Nov 16 06:25:02 ravinder-adsb systemd[10673]: Listening on GnuPG cryptographic agent (ssh-agent emulation).
Nov 16 06:25:02 ravinder-adsb systemd[10673]: Listening on GnuPG cryptographic agent and passphrase cache (access for web browsers).
Nov 16 06:25:02 ravinder-adsb systemd[10673]: Reached target Sockets.
Nov 16 06:25:02 ravinder-adsb systemd[10673]: Reached target Basic System.
Nov 16 06:25:02 ravinder-adsb systemd[10673]: Reached target Default.
Nov 16 06:25:02 ravinder-adsb systemd[10673]: Startup finished in 185ms.
Nov 16 06:25:02 ravinder-adsb systemd[1]: Started User Manager for UID 33.
Nov 16 06:25:02 ravinder-adsb systemd[1]: Started Session 412 of user www-data.
Nov 16 06:25:02 ravinder-adsb systemd[1]: session-412.scope: Succeeded.
Nov 16 06:25:02 ravinder-adsb systemd[1]: Started Session 412 of user www-data.
Nov 16 06:25:02 ravinder-adsb systemd[1]: session-412.scope: Succeeded.
Nov 16 06:25:04 ravinder-adsb frpc[670]: 2023/11/16 06:25:04 #033[1;34m[I] [service.go:177] [4fead55a7f82f4bc] try to reconnect to server...#033[0m
Nov 16 06:25:04 ravinder-adsb frpc[670]: 2023/11/16 06:25:04 #033[1;33m[W] [service.go:180] [4fead55a7f82f4bc] reconnect to server error: dial tcp 103.153.2.125:7000: connect: network is unreachable#033[0m
Nov 16 06:25:04 ravinder-adsb reconnect-modem.py[471]: ping: Warning: source address might be selected on device other than wwan0.
Nov 16 06:25:06 ravinder-adsb frpc[670]: 2023/11/16 06:25:06 #033[1;34m[I] [service.go:177] [4fead55a7f82f4bc] try to reconnect to server...#033[0m
Nov 16 06:25:06 ravinder-adsb frpc[670]: 2023/11/16 06:25:06 #033[1;33m[W] [service.go:180] [4fead55a7f82f4bc] reconnect to server error: dial tcp 103.153.2.125:7000: connect: network is unreachable#033[0m
Nov 16 06:25:08 ravinder-adsb frpc[670]: 2023/11/16 06:25:08 #033[1;34m[I] [service.go:177] [4fead55a7f82f4bc] try to reconnect to server...#033[0m
Nov 16 06:25:08 ravinder-adsb frpc[670]: 2023/11/16 06:25:08 #033[1;33m[W] [service.go:180] [4fead55a7f82f4bc] reconnect to server error: dial tcp 103.153.2.125:7000: connect: network is unreachable#033[0m
Nov 16 06:25:10 ravinder-adsb frpc[670]: 2023/11/16 06:25:10 #033[1;34m[I] [service.go:177] [4fead55a7f82f4bc] try to reconnect to server...#033[0m
Nov 16 06:25:10 ravinder-adsb frpc[670]: 2023/11/16 06:25:10 #033[1;33m[W] [service.go:180] [4fead55a7f82f4bc] reconnect to server error: dial tcp 103.153.2.125:7000: connect: network is unreachable#033[0m
Nov 16 06:25:12 ravinder-adsb frpc[670]: 2023/11/16 06:25:12 #033[1;34m[I] [service.go:177] [4fead55a7f82f4bc] try to reconnect to server...#033[0m
Nov 16 06:25:12 ravinder-adsb frpc[670]: 2023/11/16 06:25:12 #033[1;33m[W] [service.go:180] [4fead55a7f82f4bc] reconnect to server error: dial tcp 103.153.2.125:7000: connect: network is unreachable#033[0m
Nov 16 06:25:12 ravinder-adsb systemd[1]: Stopping User Manager for UID 33...
Nov 16 06:25:12 ravinder-adsb systemd[10673]: Stopped target Default.
Nov 16 06:25:12 ravinder-adsb systemd[10673]: Stopped target Basic System.
Nov 16 06:25:12 ravinder-adsb systemd[10673]: Stopped target Timers.
Nov 16 06:25:12 ravinder-adsb systemd[10673]: Stopped target Paths.
Nov 16 06:25:12 ravinder-adsb systemd[10673]: Stopped target Sockets.
Nov 16 06:25:12 ravinder-adsb systemd[10673]: dirmngr.socket: Succeeded.
Nov 16 06:25:12 ravinder-adsb systemd[10673]: Closed GnuPG network certificate management daemon.
Nov 16 06:25:12 ravinder-adsb systemd[10673]: gpg-agent-ssh.socket: Succeeded.
Nov 16 06:25:12 ravinder-adsb systemd[10673]: Closed GnuPG cryptographic agent (ssh-agent emulation).
Nov 16 06:25:12 ravinder-adsb systemd[10673]: gpg-agent.socket: Succeeded.
Nov 16 06:25:12 ravinder-adsb systemd[10673]: Closed GnuPG cryptographic agent and passphrase cache.
Nov 16 06:25:12 ravinder-adsb systemd[10673]: gpg-agent-browser.socket: Succeeded.
Nov 16 06:25:12 ravinder-adsb systemd[10673]: Closed GnuPG cryptographic agent and passphrase cache (access for web browsers).
Nov 16 06:25:12 ravinder-adsb systemd[10673]: gpg-agent-extra.socket: Succeeded.
Nov 16 06:25:12 ravinder-adsb systemd[10673]: Closed GnuPG cryptographic agent and passphrase cache (restricted).
Nov 16 06:25:12 ravinder-adsb systemd[10673]: Reached target Shutdown.
Nov 16 06:25:12 ravinder-adsb systemd[10673]: systemd-exit.service: Succeeded.
Nov 16 06:25:12 ravinder-adsb systemd[10673]: Started Exit the Session.
Nov 16 06:25:12 ravinder-adsb systemd[10673]: Reached target Exit the Session.
Nov 16 06:25:12 ravinder-adsb systemd[1]: user@33.service: Succeeded.
Nov 16 06:25:12 ravinder-adsb systemd[1]: Stopped User Manager for UID 33.
Nov 16 06:25:12 ravinder-adsb systemd[1]: Stopping User Runtime Directory /run/user/33...
Nov 16 06:25:12 ravinder-adsb systemd[1]: run-user-33.mount: Succeeded.
Nov 16 06:25:12 ravinder-adsb systemd[1]: user-runtime-dir@33.service: Succeeded.
Nov 16 06:25:12 ravinder-adsb systemd[1]: Stopped User Runtime Directory /run/user/33.
Nov 16 06:25:12 ravinder-adsb systemd[1]: Removed slice User Slice of UID 33.
Nov 16 06:25:14 ravinder-adsb frpc[670]: 2023/11/16 06:25:14 #033[1;34m[I] [service.go:177] [4fead55a7f82f4bc] try to reconnect to server...#033[0m
Nov 16 06:25:14 ravinder-adsb frpc[670]: 2023/11/16 06:25:14 #033[1;33m[W] [service.go:180] [4fead55a7f82f4bc] reconnect to server error: dial tcp 103.153.2.125:7000: connect: network is unreachable#033[0m
Nov 16 06:25:14 ravinder-adsb reconnect-modem.py[471]: PING 8.8.8.8 (8.8.8.8) from 0.0.0.0 wwan0: 0(28) bytes of data.
Nov 16 06:25:14 ravinder-adsb reconnect-modem.py[471]: --- 8.8.8.8 ping statistics ---
Nov 16 06:25:14 ravinder-adsb reconnect-modem.py[471]: 10 packets transmitted, 0 received, 100% packet loss, time 336ms
Nov 16 06:25:14 ravinder-adsb reconnect-modem.py[471]: connect: Network is unreachable
Nov 16 06:25:16 ravinder-adsb frpc[670]: 2023/11/16 06:25:16 #033[1;34m[I] [service.go:177] [4fead55a7f82f4bc] try to reconnect to server...#033[0m
Nov 16 06:25:16 ravinder-adsb frpc[670]: 2023/11/16 06:25:16 #033[1;33m[W] [service.go:180] [4fead55a7f82f4bc] reconnect to server error: dial tcp 103.153.2.125:7000: connect: network is unreachable#033[0m
Nov 16 06:25:18 ravinder-adsb frpc[670]: 2023/11/16 06:25:18 #033[1;34m[I] [service.go:177] [4fead55a7f82f4bc] try to reconnect to server...#033[0m
Nov 16 06:25:18 ravinder-adsb frpc[670]: 2023/11/16 06:25:18 #033[1;33m[W] [service.go:180] [4fead55a7f82f4bc] reconnect to server error: dial tcp 103.153.2.125:7000: connect: network is unreachable#033[0m
Nov 16 06:25:19 ravinder-adsb reconnect-modem.py[471]: ping: Warning: source address might be selected on device other than wwan0.
Nov 16 06:25:20 ravinder-adsb frpc[670]: 2023/11/16 06:25:20 #033[1;34m[I] [service.go:177] [4fead55a7f82f4bc] try to reconnect to server...#033[0m
Nov 16 06:25:20 ravinder-adsb frpc[670]: 2023/11/16 06:25:20 #033[1;33m[W] [service.go:180] [4fead55a7f82f4bc] reconnect to server error: dial tcp 103.153.2.125:7000: connect: network is unreachable#033[0m
Nov 16 06:25:22 ravinder-adsb frpc[670]: 2023/11/16 06:25:22 #033[1;34m[I] [service.go:177] [4fead55a7f82f4bc] try to reconnect to server...#033[0m
Nov 16 06:25:22 ravinder-adsb frpc[670]: 2023/11/16 06:25:22 #033[1;33m[W] [service.go:180] [4fead55a7f82f4bc] reconnect to server error: dial tcp 103.153.2.125:7000: connect: network is unreachable#033[0m
Nov 16 06:25:24 ravinder-adsb frpc[670]: 2023/11/16 06:25:24 #033[1;34m[I] [service.go:177] [4fead55a7f82f4bc] try to reconnect to server...#033[0m
Nov 16 06:25:24 ravinder-adsb frpc[670]: 2023/11/16 06:25:24 #033[1;33m[W] [service.go:180] [4fead55a7f82f4bc] reconnect to server error: dial tcp 103.153.2.125:7000: connect: network is unreachable#033[0m
Nov 16 06:25:26 ravinder-adsb frpc[670]: 2023/11/16 06:25:26 #033[1;34m[I] [service.go:177] [4fead55a7f82f4bc] try to reconnect to server...#033[0m
Nov 16 06:25:26 ravinder-adsb frpc[670]: 2023/11/16 06:25:26 #033[1;33m[W] [service.go:180] [4fead55a7f82f4bc] reconnect to server error: dial tcp 103.153.2.125:7000: connect: network is unreachable#033[0m
Nov 16 06:25:28 ravinder-adsb frpc[670]: 2023/11/16 06:25:28 #033[1;34m[I] [service.go:177] [4fead55a7f82f4bc] try to reconnect to server...#033[0m
Nov 16 06:25:28 ravinder-adsb frpc[670]: 2023/11/16 06:25:28 #033[1;33m[W] [service.go:180] [4fead55a7f82f4bc] reconnect to server error: dial tcp 103.153.2.125:7000: connect: network is unreachable#033[0m
Nov 16 06:25:29 ravinder-adsb reconnect-modem.py[471]: PING 8.8.8.8 (8.8.8.8) from 0.0.0.0 wwan0: 0(28) bytes of data.
Nov 16 06:25:29 ravinder-adsb reconnect-modem.py[471]: --- 8.8.8.8 ping statistics ---
Nov 16 06:25:29 ravinder-adsb reconnect-modem.py[471]: 10 packets transmitted, 0 received, 100% packet loss, time 339ms
Nov 16 06:25:29 ravinder-adsb reconnect-modem.py[471]: connect: Network is unreachable
Nov 16 06:25:30 ravinder-adsb frpc[670]: 2023/11/16 06:25:30 #033[1;34m[I] [service.go:177] [4fead55a7f82f4bc] try to reconnect to server...#033[0m
Nov 16 06:25:30 ravinder-adsb frpc[670]: 2023/11/16 06:25:30 #033[1;33m[W] [service.go:180] [4fead55a7f82f4bc] reconnect to server error: dial tcp 103.153.2.125:7000: connect: network is unreachable#033[0m
Nov 16 06:25:32 ravinder-adsb frpc[670]: 2023/11/16 06:25:32 #033[1;34m[I] [service.go:177] [4fead55a7f82f4bc] try to reconnect to server...#033[0m
Nov 16 06:25:32 ravinder-adsb frpc[670]: 2023/11/16 06:25:32 #033[1;33m[W] [service.go:180] [4fead55a7f82f4bc] reconnect to server error: dial tcp 103.153.2.125:7000: connect: network is unreachable#033[0m
Nov 16 06:25:34 ravinder-adsb frpc[670]: 2023/11/16 06:25:34 #033[1;34m[I] [service.go:177] [4fead55a7f82f4bc] try to reconnect to server...#033[0m
Nov 16 06:25:34 ravinder-adsb frpc[670]: 2023/11/16 06:25:34 #033[1;33m[W] [service.go:180] [4fead55a7f82f4bc] reconnect to server error: dial tcp 103.153.2.125:7000: connect: network is unreachable#033[0m
Nov 16 06:25:34 ravinder-adsb reconnect-modem.py[471]: ping: Warning: source address might be selected on device other than wwan0.
Nov 16 06:25:36 ravinder-adsb frpc[670]: 2023/11/16 06:25:36 #033[1;34m[I] [service.go:177] [4fead55a7f82f4bc] try to reconnect to server...#033[0m
Nov 16 06:25:36 ravinder-adsb frpc[670]: 2023/11/16 06:25:36 #033[1;33m[W] [service.go:180] [4fead55a7f82f4bc] reconnect to server error: dial tcp 103.153.2.125:7000: connect: network is unreachable#033[0m
Nov 16 06:25:38 ravinder-adsb frpc[670]: 2023/11/16 06:25:38 #033[1;34m[I] [service.go:177] [4fead55a7f82f4bc] try to reconnect to server...#033[0m
Nov 16 06:25:38 ravinder-adsb frpc[670]: 2023/11/16 06:25:38 #033[1;33m[W] [service.go:180] [4fead55a7f82f4bc] reconnect to server error: dial tcp 103.153.2.125:7000: connect: network is unreachable#033[0m
Nov 16 06:25:40 ravinder-adsb frpc[670]: 2023/11/16 06:25:40 #033[1;34m[I] [service.go:177] [4fead55a7f82f4bc] try to reconnect to server...#033[0m
Nov 16 06:25:40 ravinder-adsb frpc[670]: 2023/11/16 06:25:40 #033[1;33m[W] [service.go:180] [4fead55a7f82f4bc] reconnect to server error: dial tcp 103.153.2.125:7000: connect: network is unreachable#033[0m
Nov 16 06:25:42 ravinder-adsb frpc[670]: 2023/11/16 06:25:42 #033[1;34m[I] [service.go:177] [4fead55a7f82f4bc] try to reconnect to server...#033[0m
Nov 16 06:25:42 ravinder-adsb frpc[670]: 2023/11/16 06:25:42 #033[1;33m[W] [service.go:180] [4fead55a7f82f4bc] reconnect to server error: dial tcp 103.153.2.125:7000: connect: network is unreachable#033[0m
Nov 16 06:25:44 ravinder-adsb frpc[670]: 2023/11/16 06:25:44 #033[1;34m[I] [service.go:177] [4fead55a7f82f4bc] try to reconnect to server...#033[0m
Nov 16 06:25:44 ravinder-adsb frpc[670]: 2023/11/16 06:25:44 #033[1;33m[W] [service.go:180] [4fead55a7f82f4bc] reconnect to server error: dial tcp 103.153.2.125:7000: connect: network is unreachable#033[0m
Nov 16 06:25:44 ravinder-adsb reconnect-modem.py[471]: PING 8.8.8.8 (8.8.8.8) from 0.0.0.0 wwan0: 0(28) bytes of data.
Nov 16 06:25:44 ravinder-adsb reconnect-modem.py[471]: --- 8.8.8.8 ping statistics ---
Nov 16 06:25:44 ravinder-adsb reconnect-modem.py[471]: 10 packets transmitted, 0 received, 100% packet loss, time 342ms
Nov 16 06:25:44 ravinder-adsb reconnect-modem.py[471]: connect: Network is unreachable
Nov 16 06:25:46 ravinder-adsb frpc[670]: 2023/11/16 06:25:46 #033[1;34m[I] [service.go:177] [4fead55a7f82f4bc] try to reconnect to server...#033[0m
Nov 16 06:25:46 ravinder-adsb frpc[670]: 2023/11/16 06:25:46 #033[1;33m[W] [service.go:180] [4fead55a7f82f4bc] reconnect to server error: dial tcp 103.153.2.125:7000: connect: network is unreachable#033[0m
Nov 16 06:25:48 ravinder-adsb frpc[670]: 2023/11/16 06:25:48 #033[1;34m[I] [service.go:177] [4fead55a7f82f4bc] try to reconnect to server...#033[0m
Nov 16 06:25:48 ravinder-adsb frpc[670]: 2023/11/16 06:25:48 #033[1;33m[W] [service.go:180] [4fead55a7f82f4bc] reconnect to server error: dial tcp 103.153.2.125:7000: connect: network is unreachable#033[0m
Nov 16 06:25:49 ravinder-adsb reconnect-modem.py[471]: ping: Warning: source address might be selected on device other than wwan0.
Nov 16 06:25:50 ravinder-adsb frpc[670]: 2023/11/16 06:25:50 #033[1;34m[I] [service.go:177] [4fead55a7f82f4bc] try to reconnect to server...#033[0m
Nov 16 06:25:50 ravinder-adsb frpc[670]: 2023/11/16 06:25:50 #033[1;33m[W] [service.go:180] [4fead55a7f82f4bc] reconnect to server error: dial tcp 103.153.2.125:7000: connect: network is unreachable#033[0m
Nov 16 06:25:52 ravinder-adsb frpc[670]: 2023/11/16 06:25:52 #033[1;34m[I] [service.go:177] [4fead55a7f82f4bc] try to reconnect to server...#033[0m
Nov 16 06:25:52 ravinder-adsb frpc[670]: 2023/11/16 06:25:52 #033[1;33m[W] [service.go:180] [4fead55a7f82f4bc] reconnect to server error: dial tcp 103.153.2.125:7000: connect: network is unreachable#033[0m
Nov 16 06:25:54 ravinder-adsb frpc[670]: 2023/11/16 06:25:54 #033[1;34m[I] [service.go:177] [4fead55a7f82f4bc] try to reconnect to server...#033[0m
Nov 16 06:25:54 ravinder-adsb frpc[670]: 2023/11/16 06:25:54 #033[1;33m[W] [service.go:180] [4fead55a7f82f4bc] reconnect to server error: dial tcp 103.153.2.125:7000: connect: network is unreachable#033[0m
Nov 16 06:25:56 ravinder-adsb frpc[670]: 2023/11/16 06:25:56 #033[1;34m[I] [service.go:177] [4fead55a7f82f4bc] try to reconnect to server...#033[0m
Nov 16 06:25:56 ravinder-adsb frpc[670]: 2023/11/16 06:25:56 #033[1;33m[W] [service.go:180] [4fead55a7f82f4bc] reconnect to server error: dial tcp 103.153.2.125:7000: connect: network is unreachable#033[0m
Nov 16 06:25:58 ravinder-adsb frpc[670]: 2023/11/16 06:25:58 #033[1;34m[I] [service.go:177] [4fead55a7f82f4bc] try to reconnect to server...#033[0m
Nov 16 06:25:58 ravinder-adsb frpc[670]: 2023/11/16 06:25:58 #033[1;33m[W] [service.go:180] [4fead55a7f82f4bc] reconnect to server error: dial tcp 103.153.2.125:7000: connect: network is unreachable#033[0m
Nov 16 06:25:59 ravinder-adsb reconnect-modem.py[471]: PING 8.8.8.8 (8.8.8.8) from 0.0.0.0 wwan0: 0(28) bytes of data.
Nov 16 06:25:59 ravinder-adsb reconnect-modem.py[471]: --- 8.8.8.8 ping statistics ---
Nov 16 06:25:59 ravinder-adsb reconnect-modem.py[471]: 10 packets transmitted, 0 received, 100% packet loss, time 342ms
Nov 16 06:25:59 ravinder-adsb reconnect-modem.py[471]: connect: Network is unreachable
Nov 16 06:26:00 ravinder-adsb frpc[670]: 2023/11/16 06:26:00 #033[1;34m[I] [service.go:177] [4fead55a7f82f4bc] try to reconnect to server...#033[0m
Nov 16 06:26:00 ravinder-adsb frpc[670]: 2023/11/16 06:26:00 #033[1;33m[W] [service.go:180] [4fead55a7f82f4bc] reconnect to server error: dial tcp 103.153.2.125:7000: connect: network is unreachable#033[0m
Nov 16 06:26:02 ravinder-adsb frpc[670]: 2023/11/16 06:26:02 #033[1;34m[I] [service.go:177] [4fead55a7f82f4bc] try to reconnect to server...#033[0m
Nov 16 06:26:02 ravinder-adsb frpc[670]: 2023/11/16 06:26:02 #033[1;33m[W] [service.go:180] [4fead55a7f82f4bc] reconnect to server error: dial tcp 103.153.2.125:7000: connect: network is unreachable#033[0m
Nov 16 06:26:04 ravinder-adsb frpc[670]: 2023/11/16 06:26:04 #033[1;34m[I] [service.go:177] [4fead55a7f82f4bc] try to reconnect to server...#033[0m
Nov 16 06:26:04 ravinder-adsb frpc[670]: 2023/11/16 06:26:04 #033[1;33m[W] [service.go:180] [4fead55a7f82f4bc] reconnect to server error: dial tcp 103.153.2.125:7000: connect: network is unreachable#033[0m
Nov 16 06:26:04 ravinder-adsb reconnect-modem.py[471]: ping: Warning: source address might be selected on device other than wwan0.
Nov 16 06:26:06 ravinder-adsb frpc[670]: 2023/11/16 06:26:06 #033[1;34m[I] [service.go:177] [4fead55a7f82f4bc] try to reconnect to server...#033[0m
Nov 16 06:26:06 ravinder-adsb frpc[670]: 2023/11/16 06:26:06 #033[1;33m[W] [service.go:180] [4fead55a7f82f4bc] reconnect to server error: dial tcp 103.153.2.125:7000: connect: network is unreachable#033[0m
Nov 16 06:26:08 ravinder-adsb frpc[670]: 2023/11/16 06:26:08 #033[1;34m[I] [service.go:177] [4fead55a7f82f4bc] try to reconnect to server...#033[0m
Nov 16 06:26:08 ravinder-adsb frpc[670]: 2023/11/16 06:26:08 #033[1;33m[W] [service.go:180] [4fead55a7f82f4bc] reconnect to server error: dial tcp 103.153.2.125:7000: connect: network is unreachable#033[0m
Nov 16 06:26:10 ravinder-adsb frpc[670]: 2023/11/16 06:26:10 #033[1;34m[I] [service.go:177] [4fead55a7f82f4bc] try to reconnect to server...#033[0m
Nov 16 06:26:10 ravinder-adsb frpc[670]: 2023/11/16 06:26:10 #033[1;33m[W] [service.go:180] [4fead55a7f82f4bc] reconnect to server error: dial tcp 103.153.2.125:7000: connect: network is unreachable#033[0m
Nov 16 06:26:12 ravinder-adsb frpc[670]: 2023/11/16 06:26:12 #033[1;34m[I] [service.go:177] [4fead55a7f82f4bc] try to reconnect to server...#033[0m
Nov 16 06:26:12 ravinder-adsb frpc[670]: 2023/11/16 06:26:12 #033[1;33m[W] [service.go:180] [4fead55a7f82f4bc] reconnect to server error: dial tcp 103.153.2.125:7000: connect: network is unreachable#033[0m
Nov 16 06:26:14 ravinder-adsb frpc[670]: 2023/11/16 06:26:14 #033[1;34m[I] [service.go:177] [4fead55a7f82f4bc] try to reconnect to server...#033[0m
Nov 16 06:26:14 ravinder-adsb frpc[670]: 2023/11/16 06:26:14 #033[1;33m[W] [service.go:180] [4fead55a7f82f4bc] reconnect to server error: dial tcp 103.153.2.125:7000: connect: network is unreachable#033[0m
Nov 16 06:26:14 ravinder-adsb reconnect-modem.py[471]: PING 8.8.8.8 (8.8.8.8) from 0.0.0.0 wwan0: 0(28) bytes of data.
Nov 16 06:26:14 ravinder-adsb reconnect-modem.py[471]: --- 8.8.8.8 ping statistics ---
Nov 16 06:26:14 ravinder-adsb reconnect-modem.py[471]: 10 packets transmitted, 0 received, 100% packet loss, time 345ms
Nov 16 06:26:14 ravinder-adsb reconnect-modem.py[471]: connect: Network is unreachable
Nov 16 06:26:16 ravinder-adsb frpc[670]: 2023/11/16 06:26:16 #033[1;34m[I] [service.go:177] [4fead55a7f82f4bc] try to reconnect to server...#033[0m
Nov 16 06:26:16 ravinder-adsb frpc[670]: 2023/11/16 06:26:16 #033[1;33m[W] [service.go:180] [4fead55a7f82f4bc] reconnect to server error: dial tcp 103.153.2.125:7000: connect: network is unreachable#033[0m
Nov 16 06:26:18 ravinder-adsb frpc[670]: 2023/11/16 06:26:18 #033[1;34m[I] [service.go:177] [4fead55a7f82f4bc] try to reconnect to server...#033[0m
Nov 16 06:26:18 ravinder-adsb frpc[670]: 2023/11/16 06:26:18 #033[1;33m[W] [service.go:180] [4fead55a7f82f4bc] reconnect to server error: dial tcp 103.153.2.125:7000: connect: network is unreachable#033[0m
Nov 16 06:26:19 ravinder-adsb reconnect-modem.py[471]: ping: Warning: source address might be selected on device other than wwan0.
Nov 16 06:26:20 ravinder-adsb frpc[670]: 2023/11/16 06:26:20 #033[1;34m[I] [service.go:177] [4fead55a7f82f4bc] try to reconnect to server...#033[0m
Nov 16 06:26:20 ravinder-adsb frpc[670]: 2023/11/16 06:26:20 #033[1;33m[W] [service.go:180] [4fead55a7f82f4bc] reconnect to server error: dial tcp 103.153.2.125:7000: connect: network is unreachable#033[0m
Nov 16 06:26:22 ravinder-adsb frpc[670]: 2023/11/16 06:26:22 #033[1;34m[I] [service.go:177] [4fead55a7f82f4bc] try to reconnect to server...#033[0m
Nov 16 06:26:22 ravinder-adsb frpc[670]: 2023/11/16 06:26:22 #033[1;33m[W] [service.go:180] [4fead55a7f82f4bc] reconnect to server error: dial tcp 103.153.2.125:7000: connect: network is unreachable#033[0m
Nov 16 06:26:24 ravinder-adsb frpc[670]: 2023/11/16 06:26:24 #033[1;34m[I] [service.go:177] [4fead55a7f82f4bc] try to reconnect to server...#033[0m
Nov 16 06:26:24 ravinder-adsb frpc[670]: 2023/11/16 06:26:24 #033[1;33m[W] [service.go:180] [4fead55a7f82f4bc] reconnect to server error: dial tcp 103.153.2.125:7000: connect: network is unreachable#033[0m
Nov 16 06:26:26 ravinder-adsb frpc[670]: 2023/11/16 06:26:26 #033[1;34m[I] [service.go:177] [4fead55a7f82f4bc] try to reconnect to server...#033[0m
Nov 16 06:26:26 ravinder-adsb frpc[670]: 2023/11/16 06:26:26 #033[1;33m[W] [service.go:180] [4fead55a7f82f4bc] reconnect to server error: dial tcp 103.153.2.125:7000: connect: network is unreachable#033[0m
Nov 16 06:26:28 ravinder-adsb frpc[670]: 2023/11/16 06:26:28 #033[1;34m[I] [service.go:177] [4fead55a7f82f4bc] try to reconnect to server...#033[0m
Nov 16 06:26:28 ravinder-adsb frpc[670]: 2023/11/16 06:26:28 #033[1;33m[W] [service.go:180] [4fead55a7f82f4bc] reconnect to server error: dial tcp 103.153.2.125:7000: connect: network is unreachable#033[0m
Nov 16 06:26:29 ravinder-adsb reconnect-modem.py[471]: PING 8.8.8.8 (8.8.8.8) from 0.0.0.0 wwan0: 0(28) bytes of data.
Nov 16 06:26:29 ravinder-adsb reconnect-modem.py[471]: --- 8.8.8.8 ping statistics ---
Nov 16 06:26:29 ravinder-adsb reconnect-modem.py[471]: 10 packets transmitted, 0 received, 100% packet loss, time 348ms
Nov 16 06:26:29 ravinder-adsb reconnect-modem.py[471]: connect: Network is unreachable
Nov 16 06:26:30 ravinder-adsb frpc[670]: 2023/11/16 06:26:30 #033[1;34m[I] [service.go:177] [4fead55a7f82f4bc] try to reconnect to server...#033[0m
Nov 16 06:26:30 ravinder-adsb frpc[670]: 2023/11/16 06:26:30 #033[1;33m[W] [service.go:180] [4fead55a7f82f4bc] reconnect to server error: dial tcp 103.153.2.125:7000: connect: network is unreachable#033[0m
Nov 16 06:26:32 ravinder-adsb frpc[670]: 2023/11/16 06:26:32 #033[1;34m[I] [service.go:177] [4fead55a7f82f4bc] try to reconnect to server...#033[0m
Nov 16 06:26:32 ravinder-adsb frpc[670]: 2023/11/16 06:26:32 #033[1;33m[W] [service.go:180] [4fead55a7f82f4bc] reconnect to server error: dial tcp 103.153.2.125:7000: connect: network is unreachable#033[0m
Nov 16 06:26:34 ravinder-adsb frpc[670]: 2023/11/16 06:26:34 #033[1;34m[I] [service.go:177] [4fead55a7f82f4bc] try to reconnect to server...#033[0m
Nov 16 06:26:34 ravinder-adsb frpc[670]: 2023/11/16 06:26:34 #033[1;33m[W] [service.go:180] [4fead55a7f82f4bc] reconnect to server error: dial tcp 103.153.2.125:7000: connect: network is unreachable#033[0m
Nov 16 06:26:34 ravinder-adsb reconnect-modem.py[471]: ping: Warning: source address might be selected on device other than wwan0.
Nov 16 06:26:36 ravinder-adsb frpc[670]: 2023/11/16 06:26:36 #033[1;34m[I] [service.go:177] [4fead55a7f82f4bc] try to reconnect to server...#033[0m
Nov 16 06:26:36 ravinder-adsb frpc[670]: 2023/11/16 06:26:36 #033[1;33m[W] [service.go:180] [4fead55a7f82f4bc] reconnect to server error: dial tcp 103.153.2.125:7000: connect: network is unreachable#033[0m
Nov 16 06:26:38 ravinder-adsb frpc[670]: 2023/11/16 06:26:38 #033[1;34m[I] [service.go:177] [4fead55a7f82f4bc] try to reconnect to server...#033[0m
Nov 16 06:26:38 ravinder-adsb frpc[670]: 2023/11/16 06:26:38 #033[1;33m[W] [service.go:180] [4fead55a7f82f4bc] reconnect to server error: dial tcp 103.153.2.125:7000: connect: network is unreachable#033[0m
Nov 16 06:26:40 ravinder-adsb frpc[670]: 2023/11/16 06:26:40 #033[1;34m[I] [service.go:177] [4fead55a7f82f4bc] try to reconnect to server...#033[0m
Nov 16 06:26:40 ravinder-adsb frpc[670]: 2023/11/16 06:26:40 #033[1;33m[W] [service.go:180] [4fead55a7f82f4bc] reconnect to server error: dial tcp 103.153.2.125:7000: connect: network is unreachable#033[0m
Nov 16 06:26:42 ravinder-adsb frpc[670]: 2023/11/16 06:26:42 #033[1;34m[I] [service.go:177] [4fead55a7f82f4bc] try to reconnect to server...#033[0m
Nov 16 06:26:42 ravinder-adsb frpc[670]: 2023/11/16 06:26:42 #033[1;33m[W] [service.go:180] [4fead55a7f82f4bc] reconnect to server error: dial tcp 103.153.2.125:7000: connect: network is unreachable#033[0m
Nov 16 06:26:44 ravinder-adsb frpc[670]: 2023/11/16 06:26:44 #033[1;34m[I] [service.go:177] [4fead55a7f82f4bc] try to reconnect to server...#033[0m
Nov 16 06:26:44 ravinder-adsb frpc[670]: 2023/11/16 06:26:44 #033[1;33m[W] [service.go:180] [4fead55a7f82f4bc] reconnect to server error: dial tcp 103.153.2.125:7000: connect: network is unreachable#033[0m
Nov 16 06:26:44 ravinder-adsb reconnect-modem.py[471]: PING 8.8.8.8 (8.8.8.8) from 0.0.0.0 wwan0: 0(28) bytes of data.
Nov 16 06:26:44 ravinder-adsb reconnect-modem.py[471]: --- 8.8.8.8 ping statistics ---
Nov 16 06:26:44 ravinder-adsb reconnect-modem.py[471]: 10 packets transmitted, 0 received, 100% packet loss, time 396ms
Nov 16 06:26:44 ravinder-adsb reconnect-modem.py[471]: connect: Network is unreachable
Nov 16 06:26:46 ravinder-adsb frpc[670]: 2023/11/16 06:26:46 #033[1;34m[I] [service.go:177] [4fead55a7f82f4bc] try to reconnect to server...#033[0m
Nov 16 06:26:46 ravinder-adsb frpc[670]: 2023/11/16 06:26:46 #033[1;33m[W] [service.go:180] [4fead55a7f82f4bc] reconnect to server error: dial tcp 103.153.2.125:7000: connect: network is unreachable#033[0m
Nov 16 06:26:48 ravinder-adsb frpc[670]: 2023/11/16 06:26:48 #033[1;34m[I] [service.go:177] [4fead55a7f82f4bc] try to reconnect to server...#033[0m
Nov 16 06:26:48 ravinder-adsb frpc[670]: 2023/11/16 06:26:48 #033[1;33m[W] [service.go:180] [4fead55a7f82f4bc] reconnect to server error: dial tcp 103.153.2.125:7000: connect: network is unreachable#033[0m
Nov 16 06:26:49 ravinder-adsb reconnect-modem.py[471]: ping: Warning: source address might be selected on device other than wwan0.
Nov 16 06:26:50 ravinder-adsb frpc[670]: 2023/11/16 06:26:50 #033[1;34m[I] [service.go:177] [4fead55a7f82f4bc] try to reconnect to server...#033[0m
Nov 16 06:26:50 ravinder-adsb frpc[670]: 2023/11/16 06:26:50 #033[1;33m[W] [service.go:180] [4fead55a7f82f4bc] reconnect to server error: dial tcp 103.153.2.125:7000: connect: network is unreachable#033[0m
Nov 16 06:26:52 ravinder-adsb frpc[670]: 2023/11/16 06:26:52 #033[1;34m[I] [service.go:177] [4fead55a7f82f4bc] try to reconnect to server...#033[0m
Nov 16 06:26:52 ravinder-adsb frpc[670]: 2023/11/16 06:26:52 #033[1;33m[W] [service.go:180] [4fead55a7f82f4bc] reconnect to server error: dial tcp 103.153.2.125:7000: connect: network is unreachable#033[0m
Nov 16 06:26:54 ravinder-adsb frpc[670]: 2023/11/16 06:26:54 #033[1;34m[I] [service.go:177] [4fead55a7f82f4bc] try to reconnect to server...#033[0m
Nov 16 06:26:54 ravinder-adsb frpc[670]: 2023/11/16 06:26:54 #033[1;33m[W] [service.go:180] [4fead55a7f82f4bc] reconnect to server error: dial tcp 103.153.2.125:7000: connect: network is unreachable#033[0m
Nov 16 06:26:56 ravinder-adsb frpc[670]: 2023/11/16 06:26:56 #033[1;34m[I] [service.go:177] [4fead55a7f82f4bc] try to reconnect to server...#033[0m
Nov 16 06:26:56 ravinder-adsb frpc[670]: 2023/11/16 06:26:56 #033[1;33m[W] [service.go:180] [4fead55a7f82f4bc] reconnect to server error: dial tcp 103.153.2.125:7000: connect: network is unreachable#033[0m
